<html>
<body>
<pre>
<h1>µVision Build Log</h1>
<h2>Tool Versions:</h2>
IDE-Version: ¦ÌVision V5.23.0.0
Copyright (C) 2017 ARM Ltd and ARM Germany GmbH. All rights reserved.
License Information: 1 1, 1, LIC=FQQNN-YI8AL-GQB0H-WT8LB-9IMF4-955S1
 
Tool Versions:
Toolchain:       MDK-ARM Professional  Version: 5.23
Toolchain Path:  C:\Keil_v5\ARM\ARMCC\Bin
C Compiler:      Armcc.exe V5.06 update 4 (build 422)
Assembler:       Armasm.exe V5.06 update 4 (build 422)
Linker/Locator:  ArmLink.exe V5.06 update 4 (build 422)
Library Manager: ArmAr.exe V5.06 update 4 (build 422)
Hex Converter:   FromElf.exe V5.06 update 4 (build 422)
CPU DLL:         SARMCM3.DLL V5.23
Dialog DLL:      DCM.DLL V1.15.0.0
Target DLL:      UL2CM3.DLL V1.159.7.0
Dialog DLL:      TCM.DLL V1.27.0.0
 
<h2>Project:</h2>
T:\OneDrive\SoundSimulator2\EssEvSoco\Frimware\EssEvSocoApp\project\RVMDK\EssEvAppSoco.uvprojx
Project File Date:  10/28/2019

<h2>Output:</h2>
*** Using Compiler 'V5.06 update 4 (build 422)', folder: 'C:\Keil_v5\ARM\ARMCC\Bin'
Build target 'EssEvApp'
compiling main.c...
compiling OnChipAudio.c...
compiling Key.c...
compiling Fs.c...
compiling Mixer.c...
compiling MixerConfig.c...
compiling Engine.c...
compiling SystemHw.c...
compiling SystemConfig.c...
compiling stm32f10x_it.c...
compiling SystemInfo.c...
compiling CalibrationMode.c...
compiling AudioFileConvert.c...
compiling BleDataLayer.c...
compiling DownLoader.c...
compiling Mp3Convert.c...
compiling Authorize.c...
compiling Password.c...
compiling DecryDesKey.c...
linking...
Program Size: Code=65428 RO-data=13828 RW-data=284 ZI-data=43300  
FromELF: creating hex file...
After Build - User command #1: fromelf.exe --bin -o ./EssEvAppSoco_v1.0.2.0.bin ./obj/EssEvAppSoco.axf
".\obj\EssEvAppSoco.axf" - 0 Error(s), 0 Warning(s).

<h2>Software Packages used:</h2>

Package Vendor: ARM
                http://www.keil.com/pack/ARM.CMSIS.5.0.1.pack
                ARM::CMSIS:CORE:5.0.1
                CMSIS (Cortex Microcontroller Software Interface Standard)
   * Component: CORE Version: 5.0.1

<h2>Collection of Component include folders:</h2>
  .\RTE\_EssEvApp
  C:\Keil_v5\ARM\PACK\ARM\CMSIS\5.0.1\CMSIS\Include
  C:\Keil_v5\ARM\PACK\Keil\STM32F1xx_DFP\2.2.0\Device\Include

<h2>Collection of Component Files used:</h2>

   * Component: ARM::CMSIS:CORE:5.0.1
Build Time Elapsed:  00:00:03
</pre>
</body>
</html>
