<html>
<body>
<pre>
<h1>µVision Build Log</h1>
<h2>Tool Versions:</h2>
IDE-Version: ¦ÌVision V5.23.0.0
Copyright (C) 2017 ARM Ltd and ARM Germany GmbH. All rights reserved.
License Information: 1 1, 1, LIC=FQQNN-YI8AL-GQB0H-WT8LB-9IMF4-955S1
 
Tool Versions:
Toolchain:       MDK-ARM Professional  Version: 5.23
Toolchain Path:  C:\Keil_v5\ARM\ARMCC\Bin
C Compiler:      Armcc.exe V5.06 update 4 (build 422)
Assembler:       Armasm.exe V5.06 update 4 (build 422)
Linker/Locator:  ArmLink.exe V5.06 update 4 (build 422)
Library Manager: ArmAr.exe V5.06 update 4 (build 422)
Hex Converter:   FromElf.exe V5.06 update 4 (build 422)
CPU DLL:         SARMCM3.DLL V5.23
Dialog DLL:      DCM.DLL V1.15.0.0
Target DLL:      Segger\JL2CM3.dll V2.99.23.0
Dialog DLL:      TCM.DLL V1.27.0.0
 
<h2>Project:</h2>
T:\OneDrive\SoundSimulator2\EssEvStandard\Firmware\EssEvApp\project\RVMDK\EssEvApp.uvprojx
Project File Date:  07/06/2018

<h2>Output:</h2>
*** Using Compiler 'V5.06 update 4 (build 422)', folder: 'C:\Keil_v5\ARM\ARMCC\Bin'
Rebuild target 'EssEvApp'
assembling stm32f10x_vector.s...
assembling cortexm3_macro.s...
compiling stm32f10x_bkp.c...
compiling stm32f10x_gpio.c...
compiling stm32f10x_lib.c...
compiling stm32f10x_flash.c...
compiling stm32f10x_nvic.c...
compiling stm32f10x_pwr.c...
compiling stm32f10x_rcc.c...
compiling stm32f10x_systick.c...
compiling stm32f10x_spi.c...
compiling stm32f10x_dma.c...
compiling stm32f10x_usart.c...
compiling stm32f10x_dac.c...
compiling stm32f10x_adc.c...
compiling stm32f10x_iwdg.c...
compiling stm32f10x_tim.c...
compiling stm32f10x_i2c.c...
compiling ActionTick.c...
compiling AgentTest.c...
compiling main.c...
compiling Key.c...
compiling Fs.c...
compiling Engine.c...
compiling Mixer.c...
compiling MixerConfig.c...
compiling MotorSpeed.c...
compiling OnChipAudio.c...
compiling OnChipLed.c...
compiling SpiFlash.c...
compiling SystemConfig.c...
compiling SystemError.c...
compiling stm32f10x_it.c...
compiling SystemHw.c...
compiling Param.c...
compiling SystemInfo.c...
compiling DownLoader.c...
compiling Authorize.c...
compiling AudioFileConvert.c...
compiling BleDataLayer.c...
compiling BleTransportLayer.c...
compiling Mp3Convert.c...
compiling BleComHw.c...
compiling BleError.c...
compiling md2c.c...
compiling DecryDesKey.c...
compiling DD485.C...
compiling desc.c...
compiling md4c.c...
compiling md5c.c...
compiling prime.c...
compiling nn.c...
compiling r_keygen.c...
compiling r_random.c...
..\..\Application\Encryption\r_random.c(205): warning:  #177-D: function "subrand"  was declared but never referenced
  static UINT4 subrand(long idum) {
..\..\Application\Encryption\r_random.c: 1 warning, 0 errors
compiling r_stdlib.c...
compiling rsa.c...
compiling Tea.c...
compiling mp3tabs.c...
compiling mp3dec.c...
..\..\Application\Helix\mp3dec.c(166): warning:  #111-D: statement is unreachable
  	return -1;
..\..\Application\Helix\mp3dec.c: 1 warning, 0 errors
compiling buffers.c...
compiling bitstream.c...
compiling dequant.c...
compiling dct32.c...
compiling dqchan.c...
..\..\Application\Helix\real\dqchan.c(248): warning:  #550-D: variable "cbStartL"  was set but never used
  	int cbStartL, cbEndL, cbStartS, cbEndS;
..\..\Application\Helix\real\dqchan.c: 1 warning, 0 errors
compiling hufftabs.c...
compiling huffman.c...
..\..\Application\Helix\real\huffman.c(386): warning:  #550-D: variable "sfi"  was set but never used
  	ScaleFactorInfo *sfi;
..\..\Application\Helix\real\huffman.c: 1 warning, 0 errors
compiling shsc.c...
compiling subband.c...
..\..\Application\Helix\real\subband.c(63): warning:  #550-D: variable "hi"  was set but never used
  	HuffmanInfo *hi;
..\..\Application\Helix\real\subband.c: 1 warning, 0 errors
compiling scalfact.c...
..\..\Application\Helix\real\scalfact.c(211): warning:  #550-D: variable "iipTest"  was set but never used
  	int i, sfb, sfcIdx, btIdx, nrIdx, iipTest;
..\..\Application\Helix\real\scalfact.c: 1 warning, 0 errors
compiling imdct.c...
compiling stproc.c...
compiling trigtabs_fixpt.c...
compiling polyphase.c...
linking...
Program Size: Code=60152 RO-data=13764 RW-data=228 ZI-data=47756  
FromELF: creating hex file...
".\obj\EssEvApp.axf" - 0 Error(s), 6 Warning(s).

<h2>Software Packages used:</h2>

Package Vendor: ARM
                http://www.keil.com/pack/ARM.CMSIS.5.0.1.pack
                ARM::CMSIS:CORE:5.0.1
                CMSIS (Cortex Microcontroller Software Interface Standard)
   * Component: CORE Version: 5.0.1

<h2>Collection of Component include folders:</h2>
  .\RTE\_EssEvApp
  C:\Keil_v5\ARM\PACK\ARM\CMSIS\5.0.1\CMSIS\Include
  C:\Keil_v5\ARM\PACK\Keil\STM32F1xx_DFP\2.2.0\Device\Include

<h2>Collection of Component Files used:</h2>

   * Component: ARM::CMSIS:CORE:5.0.1
Build Time Elapsed:  00:00:03
</pre>
</body>
</html>
