<!doctype html public "-//w3c//dtd html 4.0 transitional//en">
<html><head>
<title>Static Call Graph - [.\obj\EssEvAppSoco.axf]</title></head>
<body><HR>
<H1>Static Call Graph for image .\obj\EssEvAppSoco.axf</H1><HR>
<BR><P>#&#060CALLGRAPH&#062# ARM Linker, 5060422: Last Updated: Mon Oct 28 14:59:31 2019
<BR><P>
<H3>Maximum Stack Usage =       5512 bytes + Unknown(Functions without stacksize, Untraceable Function Pointers)</H3><H3>
Call chain for Maximum Stack Depth:</H3>
__rt_entry_main &rArr; main &rArr; BleAnalyzeTransportLayer &rArr; OneFrameCheckAndHandle &rArr; BleAnalysisMessageId &rArr; WriteSoundFinishCmdHandler &rArr; WriteSoundFinish &rArr; AudioFileConvert &rArr; DecryptionConvertMp3 &rArr; WriteFileWithAlloc &rArr; AllocOneFreeBlock &rArr; DataFlashWriteData &rArr; FlashWriteCheck &rArr; DataFlashReadData &rArr; WaitFlashFree &rArr; spi_write
<P>
<H3>
Functions with no stack information
</H3><UL>
 <LI><a href="#[68]">__user_initial_stackheap</a>
</UL>
</UL>
<P>
<H3>
Function Pointers
</H3><UL>
 <LI><a href="#[1f]">ADC1_2_IRQHandler</a> from stm32f10x_it.o(i.ADC1_2_IRQHandler) referenced from stm32f10x_vector.o(RESET)
 <LI><a href="#[3c]">ADC3_IRQHandler</a> from stm32f10x_it.o(i.ADC3_IRQHandler) referenced from stm32f10x_vector.o(RESET)
 <LI><a href="#[7]">BusFaultException</a> from stm32f10x_it.o(i.BusFaultException) referenced from stm32f10x_vector.o(RESET)
 <LI><a href="#[22]">CAN_RX1_IRQHandler</a> from stm32f10x_it.o(i.CAN_RX1_IRQHandler) referenced from stm32f10x_vector.o(RESET)
 <LI><a href="#[23]">CAN_SCE_IRQHandler</a> from stm32f10x_it.o(i.CAN_SCE_IRQHandler) referenced from stm32f10x_vector.o(RESET)
 <LI><a href="#[18]">DMA1_Channel1_IRQHandler</a> from stm32f10x_it.o(i.DMA1_Channel1_IRQHandler) referenced from stm32f10x_vector.o(RESET)
 <LI><a href="#[19]">DMA1_Channel2_IRQHandler</a> from stm32f10x_it.o(i.DMA1_Channel2_IRQHandler) referenced from stm32f10x_vector.o(RESET)
 <LI><a href="#[1a]">DMA1_Channel3_IRQHandler</a> from stm32f10x_it.o(i.DMA1_Channel3_IRQHandler) referenced from stm32f10x_vector.o(RESET)
 <LI><a href="#[1b]">DMA1_Channel4_IRQHandler</a> from stm32f10x_it.o(i.DMA1_Channel4_IRQHandler) referenced from stm32f10x_vector.o(RESET)
 <LI><a href="#[1c]">DMA1_Channel5_IRQHandler</a> from stm32f10x_it.o(i.DMA1_Channel5_IRQHandler) referenced from stm32f10x_vector.o(RESET)
 <LI><a href="#[1d]">DMA1_Channel6_IRQHandler</a> from stm32f10x_it.o(i.DMA1_Channel6_IRQHandler) referenced from stm32f10x_vector.o(RESET)
 <LI><a href="#[1e]">DMA1_Channel7_IRQHandler</a> from stm32f10x_it.o(i.DMA1_Channel7_IRQHandler) referenced from stm32f10x_vector.o(RESET)
 <LI><a href="#[45]">DMA2_Channel1_IRQHandler</a> from stm32f10x_it.o(i.DMA2_Channel1_IRQHandler) referenced from stm32f10x_vector.o(RESET)
 <LI><a href="#[46]">DMA2_Channel2_IRQHandler</a> from stm32f10x_it.o(i.DMA2_Channel2_IRQHandler) referenced from stm32f10x_vector.o(RESET)
 <LI><a href="#[47]">DMA2_Channel3_IRQHandler</a> from stm32f10x_it.o(i.DMA2_Channel3_IRQHandler) referenced from stm32f10x_vector.o(RESET)
 <LI><a href="#[48]">DMA2_Channel4_5_IRQHandler</a> from stm32f10x_it.o(i.DMA2_Channel4_5_IRQHandler) referenced from stm32f10x_vector.o(RESET)
 <LI><a href="#[a]">DebugMonitor</a> from stm32f10x_it.o(i.DebugMonitor) referenced from stm32f10x_vector.o(RESET)
 <LI><a href="#[13]">EXTI0_IRQHandler</a> from stm32f10x_it.o(i.EXTI0_IRQHandler) referenced from stm32f10x_vector.o(RESET)
 <LI><a href="#[35]">EXTI15_10_IRQHandler</a> from stm32f10x_it.o(i.EXTI15_10_IRQHandler) referenced from stm32f10x_vector.o(RESET)
 <LI><a href="#[14]">EXTI1_IRQHandler</a> from stm32f10x_it.o(i.EXTI1_IRQHandler) referenced from stm32f10x_vector.o(RESET)
 <LI><a href="#[15]">EXTI2_IRQHandler</a> from stm32f10x_it.o(i.EXTI2_IRQHandler) referenced from stm32f10x_vector.o(RESET)
 <LI><a href="#[16]">EXTI3_IRQHandler</a> from stm32f10x_it.o(i.EXTI3_IRQHandler) referenced from stm32f10x_vector.o(RESET)
 <LI><a href="#[17]">EXTI4_IRQHandler</a> from stm32f10x_it.o(i.EXTI4_IRQHandler) referenced from stm32f10x_vector.o(RESET)
 <LI><a href="#[24]">EXTI9_5_IRQHandler</a> from stm32f10x_it.o(i.EXTI9_5_IRQHandler) referenced from stm32f10x_vector.o(RESET)
 <LI><a href="#[11]">FLASH_IRQHandler</a> from stm32f10x_it.o(i.FLASH_IRQHandler) referenced from stm32f10x_vector.o(RESET)
 <LI><a href="#[3d]">FSMC_IRQHandler</a> from stm32f10x_it.o(i.FSMC_IRQHandler) referenced from stm32f10x_vector.o(RESET)
 <LI><a href="#[5]">HardFaultException</a> from stm32f10x_it.o(i.HardFaultException) referenced from stm32f10x_vector.o(RESET)
 <LI><a href="#[2d]">I2C1_ER_IRQHandler</a> from stm32f10x_it.o(i.I2C1_ER_IRQHandler) referenced from stm32f10x_vector.o(RESET)
 <LI><a href="#[2c]">I2C1_EV_IRQHandler</a> from stm32f10x_it.o(i.I2C1_EV_IRQHandler) referenced from stm32f10x_vector.o(RESET)
 <LI><a href="#[2f]">I2C2_ER_IRQHandler</a> from stm32f10x_it.o(i.I2C2_ER_IRQHandler) referenced from stm32f10x_vector.o(RESET)
 <LI><a href="#[2e]">I2C2_EV_IRQHandler</a> from stm32f10x_it.o(i.I2C2_EV_IRQHandler) referenced from stm32f10x_vector.o(RESET)
 <LI><a href="#[6]">MemManageException</a> from stm32f10x_it.o(i.MemManageException) referenced from stm32f10x_vector.o(RESET)
 <LI><a href="#[4]">NMIException</a> from stm32f10x_it.o(i.NMIException) referenced from stm32f10x_vector.o(RESET)
 <LI><a href="#[e]">PVD_IRQHandler</a> from stm32f10x_it.o(i.PVD_IRQHandler) referenced from stm32f10x_vector.o(RESET)
 <LI><a href="#[b]">PendSVC</a> from stm32f10x_it.o(i.PendSVC) referenced from stm32f10x_vector.o(RESET)
 <LI><a href="#[12]">RCC_IRQHandler</a> from stm32f10x_it.o(i.RCC_IRQHandler) referenced from stm32f10x_vector.o(RESET)
 <LI><a href="#[36]">RTCAlarm_IRQHandler</a> from stm32f10x_it.o(i.RTCAlarm_IRQHandler) referenced from stm32f10x_vector.o(RESET)
 <LI><a href="#[10]">RTC_IRQHandler</a> from stm32f10x_it.o(i.RTC_IRQHandler) referenced from stm32f10x_vector.o(RESET)
 <LI><a href="#[3]">Reset_Handler</a> from stm32f10x_vector.o(.text) referenced from stm32f10x_vector.o(RESET)
 <LI><a href="#[3e]">SDIO_IRQHandler</a> from stm32f10x_it.o(i.SDIO_IRQHandler) referenced from stm32f10x_vector.o(RESET)
 <LI><a href="#[30]">SPI1_IRQHandler</a> from stm32f10x_it.o(i.SPI1_IRQHandler) referenced from stm32f10x_vector.o(RESET)
 <LI><a href="#[31]">SPI2_IRQHandler</a> from stm32f10x_it.o(i.SPI2_IRQHandler) referenced from stm32f10x_vector.o(RESET)
 <LI><a href="#[40]">SPI3_IRQHandler</a> from stm32f10x_it.o(i.SPI3_IRQHandler) referenced from stm32f10x_vector.o(RESET)
 <LI><a href="#[9]">SVCHandler</a> from stm32f10x_it.o(i.SVCHandler) referenced from stm32f10x_vector.o(RESET)
 <LI><a href="#[c]">SysTickHandler</a> from stm32f10x_it.o(i.SysTickHandler) referenced from stm32f10x_vector.o(RESET)
 <LI><a href="#[f]">TAMPER_IRQHandler</a> from stm32f10x_it.o(i.TAMPER_IRQHandler) referenced from stm32f10x_vector.o(RESET)
 <LI><a href="#[25]">TIM1_BRK_IRQHandler</a> from stm32f10x_it.o(i.TIM1_BRK_IRQHandler) referenced from stm32f10x_vector.o(RESET)
 <LI><a href="#[28]">TIM1_CC_IRQHandler</a> from stm32f10x_it.o(i.TIM1_CC_IRQHandler) referenced from stm32f10x_vector.o(RESET)
 <LI><a href="#[27]">TIM1_TRG_COM_IRQHandler</a> from stm32f10x_it.o(i.TIM1_TRG_COM_IRQHandler) referenced from stm32f10x_vector.o(RESET)
 <LI><a href="#[26]">TIM1_UP_IRQHandler</a> from stm32f10x_it.o(i.TIM1_UP_IRQHandler) referenced from stm32f10x_vector.o(RESET)
 <LI><a href="#[29]">TIM2_IRQHandler</a> from stm32f10x_it.o(i.TIM2_IRQHandler) referenced from stm32f10x_vector.o(RESET)
 <LI><a href="#[2a]">TIM3_IRQHandler</a> from stm32f10x_it.o(i.TIM3_IRQHandler) referenced from stm32f10x_vector.o(RESET)
 <LI><a href="#[2b]">TIM4_IRQHandler</a> from stm32f10x_it.o(i.TIM4_IRQHandler) referenced from stm32f10x_vector.o(RESET)
 <LI><a href="#[3f]">TIM5_IRQHandler</a> from stm32f10x_it.o(i.TIM5_IRQHandler) referenced from stm32f10x_vector.o(RESET)
 <LI><a href="#[43]">TIM6_IRQHandler</a> from stm32f10x_it.o(i.TIM6_IRQHandler) referenced from stm32f10x_vector.o(RESET)
 <LI><a href="#[44]">TIM7_IRQHandler</a> from stm32f10x_it.o(i.TIM7_IRQHandler) referenced from stm32f10x_vector.o(RESET)
 <LI><a href="#[38]">TIM8_BRK_IRQHandler</a> from stm32f10x_it.o(i.TIM8_BRK_IRQHandler) referenced from stm32f10x_vector.o(RESET)
 <LI><a href="#[3b]">TIM8_CC_IRQHandler</a> from stm32f10x_it.o(i.TIM8_CC_IRQHandler) referenced from stm32f10x_vector.o(RESET)
 <LI><a href="#[3a]">TIM8_TRG_COM_IRQHandler</a> from stm32f10x_it.o(i.TIM8_TRG_COM_IRQHandler) referenced from stm32f10x_vector.o(RESET)
 <LI><a href="#[39]">TIM8_UP_IRQHandler</a> from stm32f10x_it.o(i.TIM8_UP_IRQHandler) referenced from stm32f10x_vector.o(RESET)
 <LI><a href="#[41]">UART4_IRQHandler</a> from stm32f10x_it.o(i.UART4_IRQHandler) referenced from stm32f10x_vector.o(RESET)
 <LI><a href="#[42]">UART5_IRQHandler</a> from stm32f10x_it.o(i.UART5_IRQHandler) referenced from stm32f10x_vector.o(RESET)
 <LI><a href="#[32]">USART1_IRQHandler</a> from stm32f10x_it.o(i.USART1_IRQHandler) referenced from stm32f10x_vector.o(RESET)
 <LI><a href="#[33]">USART2_IRQHandler</a> from stm32f10x_it.o(i.USART2_IRQHandler) referenced from stm32f10x_vector.o(RESET)
 <LI><a href="#[34]">USART3_IRQHandler</a> from stm32f10x_it.o(i.USART3_IRQHandler) referenced from stm32f10x_vector.o(RESET)
 <LI><a href="#[37]">USBWakeUp_IRQHandler</a> from stm32f10x_it.o(i.USBWakeUp_IRQHandler) referenced from stm32f10x_vector.o(RESET)
 <LI><a href="#[20]">USB_HP_CAN_TX_IRQHandler</a> from stm32f10x_it.o(i.USB_HP_CAN_TX_IRQHandler) referenced from stm32f10x_vector.o(RESET)
 <LI><a href="#[21]">USB_LP_CAN_RX0_IRQHandler</a> from stm32f10x_it.o(i.USB_LP_CAN_RX0_IRQHandler) referenced from stm32f10x_vector.o(RESET)
 <LI><a href="#[8]">UsageFaultException</a> from stm32f10x_it.o(i.UsageFaultException) referenced from stm32f10x_vector.o(RESET)
 <LI><a href="#[d]">WWDG_IRQHandler</a> from stm32f10x_it.o(i.WWDG_IRQHandler) referenced from stm32f10x_vector.o(RESET)
 <LI><a href="#[4a]">__main</a> from __main.o(!!!main) referenced from stm32f10x_vector.o(.text)
</UL>
<P>
<H3>
Global Symbols
</H3>
<P><STRONG><a name="[4a]"></a>__main</STRONG> (Thumb, 8 bytes, Stack size 0 bytes, __main.o(!!!main))
<BR><BR>[Calls]<UL><LI><a href="#[4b]">&gt;&gt;</a>&nbsp;&nbsp;&nbsp;__scatterload
<LI><a href="#[4c]">&gt;&gt;</a>&nbsp;&nbsp;&nbsp;__rt_entry
</UL>

<P><STRONG><a name="[4b]"></a>__scatterload</STRONG> (Thumb, 0 bytes, Stack size unknown bytes, __scatter.o(!!!scatter))
<BR><BR>[Called By]<UL><LI><a href="#[4a]">&gt;&gt;</a>&nbsp;&nbsp;&nbsp;__main
</UL>

<P><STRONG><a name="[4d]"></a>__scatterload_rt2</STRONG> (Thumb, 44 bytes, Stack size unknown bytes, __scatter.o(!!!scatter), UNUSED)
<BR><BR>[Calls]<UL><LI><a href="#[4c]">&gt;&gt;</a>&nbsp;&nbsp;&nbsp;__rt_entry
</UL>

<P><STRONG><a name="[1f1]"></a>__scatterload_rt2_thumb_only</STRONG> (Thumb, 0 bytes, Stack size unknown bytes, __scatter.o(!!!scatter), UNUSED)

<P><STRONG><a name="[1f2]"></a>__scatterload_null</STRONG> (Thumb, 0 bytes, Stack size unknown bytes, __scatter.o(!!!scatter), UNUSED)

<P><STRONG><a name="[4e]"></a>__scatterload_copy</STRONG> (Thumb, 26 bytes, Stack size unknown bytes, __scatter_copy.o(!!handler_copy), UNUSED)
<BR><BR>[Calls]<UL><LI><a href="#[4e]">&gt;&gt;</a>&nbsp;&nbsp;&nbsp;__scatterload_copy
</UL>
<BR>[Called By]<UL><LI><a href="#[4e]">&gt;&gt;</a>&nbsp;&nbsp;&nbsp;__scatterload_copy
</UL>

<P><STRONG><a name="[1f3]"></a>__scatterload_zeroinit</STRONG> (Thumb, 28 bytes, Stack size unknown bytes, __scatter_zi.o(!!handler_zi), UNUSED)

<P><STRONG><a name="[54]"></a>__rt_lib_init</STRONG> (Thumb, 0 bytes, Stack size unknown bytes, libinit.o(.ARM.Collect$$libinit$$00000000))
<BR><BR>[Called By]<UL><LI><a href="#[53]">&gt;&gt;</a>&nbsp;&nbsp;&nbsp;__rt_entry_li
</UL>

<P><STRONG><a name="[1f4]"></a>__rt_lib_init_fp_1</STRONG> (Thumb, 0 bytes, Stack size unknown bytes, libinit2.o(.ARM.Collect$$libinit$$00000002))

<P><STRONG><a name="[1f5]"></a>__rt_lib_init_heap_1</STRONG> (Thumb, 0 bytes, Stack size unknown bytes, libinit2.o(.ARM.Collect$$libinit$$0000000A))

<P><STRONG><a name="[1f6]"></a>__rt_lib_init_preinit_1</STRONG> (Thumb, 0 bytes, Stack size unknown bytes, libinit2.o(.ARM.Collect$$libinit$$00000004))

<P><STRONG><a name="[4f]"></a>__rt_lib_init_rand_2</STRONG> (Thumb, 0 bytes, Stack size unknown bytes, libinit2.o(.ARM.Collect$$libinit$$0000000D))
<BR><BR>[Stack]<UL><LI>Max Depth = 8 + Unknown Stack Size
<LI>Call Chain = __rt_lib_init_rand_2 &rArr; _rand_init &rArr; srand
</UL>
<BR>[Calls]<UL><LI><a href="#[50]">&gt;&gt;</a>&nbsp;&nbsp;&nbsp;_rand_init
</UL>

<P><STRONG><a name="[1f7]"></a>__rt_lib_init_user_alloc_1</STRONG> (Thumb, 0 bytes, Stack size unknown bytes, libinit2.o(.ARM.Collect$$libinit$$0000000C))

<P><STRONG><a name="[1f8]"></a>__rt_lib_init_alloca_1</STRONG> (Thumb, 0 bytes, Stack size unknown bytes, libinit2.o(.ARM.Collect$$libinit$$0000002E))

<P><STRONG><a name="[1f9]"></a>__rt_lib_init_argv_1</STRONG> (Thumb, 0 bytes, Stack size unknown bytes, libinit2.o(.ARM.Collect$$libinit$$0000002C))

<P><STRONG><a name="[1fa]"></a>__rt_lib_init_atexit_1</STRONG> (Thumb, 0 bytes, Stack size unknown bytes, libinit2.o(.ARM.Collect$$libinit$$0000001B))

<P><STRONG><a name="[1fb]"></a>__rt_lib_init_clock_1</STRONG> (Thumb, 0 bytes, Stack size unknown bytes, libinit2.o(.ARM.Collect$$libinit$$00000021))

<P><STRONG><a name="[1fc]"></a>__rt_lib_init_cpp_1</STRONG> (Thumb, 0 bytes, Stack size unknown bytes, libinit2.o(.ARM.Collect$$libinit$$00000032))

<P><STRONG><a name="[1fd]"></a>__rt_lib_init_exceptions_1</STRONG> (Thumb, 0 bytes, Stack size unknown bytes, libinit2.o(.ARM.Collect$$libinit$$00000030))

<P><STRONG><a name="[1fe]"></a>__rt_lib_init_fp_trap_1</STRONG> (Thumb, 0 bytes, Stack size unknown bytes, libinit2.o(.ARM.Collect$$libinit$$0000001F))

<P><STRONG><a name="[1ff]"></a>__rt_lib_init_getenv_1</STRONG> (Thumb, 0 bytes, Stack size unknown bytes, libinit2.o(.ARM.Collect$$libinit$$00000023))

<P><STRONG><a name="[200]"></a>__rt_lib_init_lc_collate_1</STRONG> (Thumb, 0 bytes, Stack size unknown bytes, libinit2.o(.ARM.Collect$$libinit$$00000011))

<P><STRONG><a name="[201]"></a>__rt_lib_init_lc_ctype_1</STRONG> (Thumb, 0 bytes, Stack size unknown bytes, libinit2.o(.ARM.Collect$$libinit$$00000013))

<P><STRONG><a name="[202]"></a>__rt_lib_init_lc_monetary_1</STRONG> (Thumb, 0 bytes, Stack size unknown bytes, libinit2.o(.ARM.Collect$$libinit$$00000015))

<P><STRONG><a name="[203]"></a>__rt_lib_init_lc_numeric_1</STRONG> (Thumb, 0 bytes, Stack size unknown bytes, libinit2.o(.ARM.Collect$$libinit$$00000017))

<P><STRONG><a name="[204]"></a>__rt_lib_init_lc_time_1</STRONG> (Thumb, 0 bytes, Stack size unknown bytes, libinit2.o(.ARM.Collect$$libinit$$00000019))

<P><STRONG><a name="[205]"></a>__rt_lib_init_rand_1</STRONG> (Thumb, 0 bytes, Stack size unknown bytes, libinit2.o(.ARM.Collect$$libinit$$0000000E))

<P><STRONG><a name="[206]"></a>__rt_lib_init_return</STRONG> (Thumb, 0 bytes, Stack size unknown bytes, libinit2.o(.ARM.Collect$$libinit$$00000033))

<P><STRONG><a name="[207]"></a>__rt_lib_init_signal_1</STRONG> (Thumb, 0 bytes, Stack size unknown bytes, libinit2.o(.ARM.Collect$$libinit$$0000001D))

<P><STRONG><a name="[208]"></a>__rt_lib_init_stdio_1</STRONG> (Thumb, 0 bytes, Stack size unknown bytes, libinit2.o(.ARM.Collect$$libinit$$00000025))

<P><STRONG><a name="[59]"></a>__rt_lib_shutdown</STRONG> (Thumb, 0 bytes, Stack size unknown bytes, libshutdown.o(.ARM.Collect$$libshutdown$$00000000))
<BR><BR>[Called By]<UL><LI><a href="#[58]">&gt;&gt;</a>&nbsp;&nbsp;&nbsp;__rt_exit_ls
</UL>

<P><STRONG><a name="[209]"></a>__rt_lib_shutdown_cpp_1</STRONG> (Thumb, 0 bytes, Stack size unknown bytes, libshutdown2.o(.ARM.Collect$$libshutdown$$00000002))

<P><STRONG><a name="[20a]"></a>__rt_lib_shutdown_fp_trap_1</STRONG> (Thumb, 0 bytes, Stack size unknown bytes, libshutdown2.o(.ARM.Collect$$libshutdown$$00000007))

<P><STRONG><a name="[20b]"></a>__rt_lib_shutdown_heap_1</STRONG> (Thumb, 0 bytes, Stack size unknown bytes, libshutdown2.o(.ARM.Collect$$libshutdown$$0000000F))

<P><STRONG><a name="[20c]"></a>__rt_lib_shutdown_return</STRONG> (Thumb, 0 bytes, Stack size unknown bytes, libshutdown2.o(.ARM.Collect$$libshutdown$$00000010))

<P><STRONG><a name="[20d]"></a>__rt_lib_shutdown_signal_1</STRONG> (Thumb, 0 bytes, Stack size unknown bytes, libshutdown2.o(.ARM.Collect$$libshutdown$$0000000A))

<P><STRONG><a name="[20e]"></a>__rt_lib_shutdown_stdio_1</STRONG> (Thumb, 0 bytes, Stack size unknown bytes, libshutdown2.o(.ARM.Collect$$libshutdown$$00000004))

<P><STRONG><a name="[20f]"></a>__rt_lib_shutdown_user_alloc_1</STRONG> (Thumb, 0 bytes, Stack size unknown bytes, libshutdown2.o(.ARM.Collect$$libshutdown$$0000000C))

<P><STRONG><a name="[4c]"></a>__rt_entry</STRONG> (Thumb, 0 bytes, Stack size unknown bytes, __rtentry.o(.ARM.Collect$$rtentry$$00000000))
<BR><BR>[Called By]<UL><LI><a href="#[4d]">&gt;&gt;</a>&nbsp;&nbsp;&nbsp;__scatterload_rt2
<LI><a href="#[4a]">&gt;&gt;</a>&nbsp;&nbsp;&nbsp;__main
</UL>

<P><STRONG><a name="[210]"></a>__rt_entry_presh_1</STRONG> (Thumb, 0 bytes, Stack size unknown bytes, __rtentry2.o(.ARM.Collect$$rtentry$$00000002))

<P><STRONG><a name="[51]"></a>__rt_entry_sh</STRONG> (Thumb, 0 bytes, Stack size unknown bytes, __rtentry4.o(.ARM.Collect$$rtentry$$00000004))
<BR><BR>[Stack]<UL><LI>Max Depth = 8 + Unknown Stack Size
<LI>Call Chain = __rt_entry_sh &rArr; __user_setup_stackheap
</UL>
<BR>[Calls]<UL><LI><a href="#[52]">&gt;&gt;</a>&nbsp;&nbsp;&nbsp;__user_setup_stackheap
</UL>

<P><STRONG><a name="[53]"></a>__rt_entry_li</STRONG> (Thumb, 0 bytes, Stack size unknown bytes, __rtentry2.o(.ARM.Collect$$rtentry$$0000000A))
<BR><BR>[Calls]<UL><LI><a href="#[54]">&gt;&gt;</a>&nbsp;&nbsp;&nbsp;__rt_lib_init
</UL>

<P><STRONG><a name="[211]"></a>__rt_entry_postsh_1</STRONG> (Thumb, 0 bytes, Stack size unknown bytes, __rtentry2.o(.ARM.Collect$$rtentry$$00000009))

<P><STRONG><a name="[55]"></a>__rt_entry_main</STRONG> (Thumb, 0 bytes, Stack size unknown bytes, __rtentry2.o(.ARM.Collect$$rtentry$$0000000D))
<BR><BR>[Stack]<UL><LI>Max Depth = 5512 + Unknown Stack Size
<LI>Call Chain = __rt_entry_main &rArr; main &rArr; BleAnalyzeTransportLayer &rArr; OneFrameCheckAndHandle &rArr; BleAnalysisMessageId &rArr; WriteSoundFinishCmdHandler &rArr; WriteSoundFinish &rArr; AudioFileConvert &rArr; DecryptionConvertMp3 &rArr; WriteFileWithAlloc &rArr; AllocOneFreeBlock &rArr; DataFlashWriteData &rArr; FlashWriteCheck &rArr; DataFlashReadData &rArr; WaitFlashFree &rArr; spi_write
</UL>
<BR>[Calls]<UL><LI><a href="#[56]">&gt;&gt;</a>&nbsp;&nbsp;&nbsp;main
<LI><a href="#[57]">&gt;&gt;</a>&nbsp;&nbsp;&nbsp;exit
</UL>

<P><STRONG><a name="[212]"></a>__rt_entry_postli_1</STRONG> (Thumb, 0 bytes, Stack size unknown bytes, __rtentry2.o(.ARM.Collect$$rtentry$$0000000C))

<P><STRONG><a name="[69]"></a>__rt_exit</STRONG> (Thumb, 0 bytes, Stack size unknown bytes, rtexit.o(.ARM.Collect$$rtexit$$00000000))
<BR><BR>[Called By]<UL><LI><a href="#[57]">&gt;&gt;</a>&nbsp;&nbsp;&nbsp;exit
</UL>

<P><STRONG><a name="[58]"></a>__rt_exit_ls</STRONG> (Thumb, 0 bytes, Stack size unknown bytes, rtexit2.o(.ARM.Collect$$rtexit$$00000003))
<BR><BR>[Calls]<UL><LI><a href="#[59]">&gt;&gt;</a>&nbsp;&nbsp;&nbsp;__rt_lib_shutdown
</UL>

<P><STRONG><a name="[213]"></a>__rt_exit_prels_1</STRONG> (Thumb, 0 bytes, Stack size unknown bytes, rtexit2.o(.ARM.Collect$$rtexit$$00000002))

<P><STRONG><a name="[5a]"></a>__rt_exit_exit</STRONG> (Thumb, 0 bytes, Stack size unknown bytes, rtexit2.o(.ARM.Collect$$rtexit$$00000004))
<BR><BR>[Calls]<UL><LI><a href="#[5b]">&gt;&gt;</a>&nbsp;&nbsp;&nbsp;_sys_exit
</UL>

<P><STRONG><a name="[14a]"></a>rand</STRONG> (Thumb, 48 bytes, Stack size 0 bytes, rand.o(.emb_text))
<BR><BR>[Called By]<UL><LI><a href="#[149]">&gt;&gt;</a>&nbsp;&nbsp;&nbsp;GetPasswordRandom
</UL>

<P><STRONG><a name="[3]"></a>Reset_Handler</STRONG> (Thumb, 4 bytes, Stack size 0 bytes, stm32f10x_vector.o(.text))
<BR>[Address Reference Count : 1]<UL><LI> stm32f10x_vector.o(RESET)
</UL>
<P><STRONG><a name="[68]"></a>__user_initial_stackheap</STRONG> (Thumb, 0 bytes, Stack size unknown bytes, stm32f10x_vector.o(.text))
<BR><BR>[Called By]<UL><LI><a href="#[52]">&gt;&gt;</a>&nbsp;&nbsp;&nbsp;__user_setup_stackheap
</UL>

<P><STRONG><a name="[1b6]"></a>__aeabi_lasr</STRONG> (Thumb, 0 bytes, Stack size 0 bytes, llsshr.o(.text))
<BR><BR>[Called By]<UL><LI><a href="#[1b5]">&gt;&gt;</a>&nbsp;&nbsp;&nbsp;SAR64
</UL>

<P><STRONG><a name="[214]"></a>_ll_sshift_r</STRONG> (Thumb, 38 bytes, Stack size 0 bytes, llsshr.o(.text), UNUSED)

<P><STRONG><a name="[5c]"></a>srand</STRONG> (Thumb, 42 bytes, Stack size 8 bytes, rand.o(.text))
<BR><BR>[Stack]<UL><LI>Max Depth = 8<LI>Call Chain = srand
</UL>
<BR>[Called By]<UL><LI><a href="#[149]">&gt;&gt;</a>&nbsp;&nbsp;&nbsp;GetPasswordRandom
<LI><a href="#[50]">&gt;&gt;</a>&nbsp;&nbsp;&nbsp;_rand_init
</UL>

<P><STRONG><a name="[50]"></a>_rand_init</STRONG> (Thumb, 4 bytes, Stack size 0 bytes, rand.o(.text))
<BR><BR>[Stack]<UL><LI>Max Depth = 8<LI>Call Chain = _rand_init &rArr; srand
</UL>
<BR>[Calls]<UL><LI><a href="#[5c]">&gt;&gt;</a>&nbsp;&nbsp;&nbsp;srand
</UL>
<BR>[Called By]<UL><LI><a href="#[4f]">&gt;&gt;</a>&nbsp;&nbsp;&nbsp;__rt_lib_init_rand_2
</UL>

<P><STRONG><a name="[b3]"></a>memcmp</STRONG> (Thumb, 88 bytes, Stack size 8 bytes, memcmp.o(.text))
<BR><BR>[Stack]<UL><LI>Max Depth = 8<LI>Call Chain = memcmp
</UL>
<BR>[Called By]<UL><LI><a href="#[1d1]">&gt;&gt;</a>&nbsp;&nbsp;&nbsp;WriteSoundStart
<LI><a href="#[ad]">&gt;&gt;</a>&nbsp;&nbsp;&nbsp;AuthorizePassword
</UL>

<P><STRONG><a name="[18b]"></a>strncmp</STRONG> (Thumb, 150 bytes, Stack size 16 bytes, strncmp.o(.text))
<BR><BR>[Stack]<UL><LI>Max Depth = 16<LI>Call Chain = strncmp
</UL>
<BR>[Called By]<UL><LI><a href="#[110]">&gt;&gt;</a>&nbsp;&nbsp;&nbsp;Mp3ReadId3V2Tag
</UL>

<P><STRONG><a name="[60]"></a>__aeabi_memcpy</STRONG> (Thumb, 0 bytes, Stack size 0 bytes, rt_memcpy_v6.o(.text))
<BR><BR>[Called By]<UL><LI><a href="#[f8]">&gt;&gt;</a>&nbsp;&nbsp;&nbsp;CutAudioOneSpeed
<LI><a href="#[7f]">&gt;&gt;</a>&nbsp;&nbsp;&nbsp;InitBuffParam
<LI><a href="#[1bb]">&gt;&gt;</a>&nbsp;&nbsp;&nbsp;SetOneSystemParam
<LI><a href="#[147]">&gt;&gt;</a>&nbsp;&nbsp;&nbsp;GetOneSystemParam
<LI><a href="#[1cd]">&gt;&gt;</a>&nbsp;&nbsp;&nbsp;WriteOneParamToTable
<LI><a href="#[86]">&gt;&gt;</a>&nbsp;&nbsp;&nbsp;InitOneParam
<LI><a href="#[f4]">&gt;&gt;</a>&nbsp;&nbsp;&nbsp;CheckParamIndex
<LI><a href="#[1bc]">&gt;&gt;</a>&nbsp;&nbsp;&nbsp;SetOneVehicleParam
<LI><a href="#[148]">&gt;&gt;</a>&nbsp;&nbsp;&nbsp;GetOneVehicleParam
<LI><a href="#[10b]">&gt;&gt;</a>&nbsp;&nbsp;&nbsp;MP3Decode
<LI><a href="#[189]">&gt;&gt;</a>&nbsp;&nbsp;&nbsp;Mp3HeadRead
<LI><a href="#[1d1]">&gt;&gt;</a>&nbsp;&nbsp;&nbsp;WriteSoundStart
<LI><a href="#[1cf]">&gt;&gt;</a>&nbsp;&nbsp;&nbsp;WriteSoundBlockData
<LI><a href="#[1bd]">&gt;&gt;</a>&nbsp;&nbsp;&nbsp;SetPassword
<LI><a href="#[1b3]">&gt;&gt;</a>&nbsp;&nbsp;&nbsp;ResetPassword
<LI><a href="#[ad]">&gt;&gt;</a>&nbsp;&nbsp;&nbsp;AuthorizePassword
<LI><a href="#[c2]">&gt;&gt;</a>&nbsp;&nbsp;&nbsp;WriteSoundStartCmdHandler
<LI><a href="#[c1]">&gt;&gt;</a>&nbsp;&nbsp;&nbsp;ReadSoundNameCmdHandler
<LI><a href="#[c9]">&gt;&gt;</a>&nbsp;&nbsp;&nbsp;GetRandomCmdHandler
<LI><a href="#[146]">&gt;&gt;</a>&nbsp;&nbsp;&nbsp;GetOneSystemInfo
<LI><a href="#[5f]">&gt;&gt;</a>&nbsp;&nbsp;&nbsp;__rt_memmove
</UL>

<P><STRONG><a name="[5d]"></a>__rt_memcpy</STRONG> (Thumb, 138 bytes, Stack size 0 bytes, rt_memcpy_v6.o(.text), UNUSED)
<BR><BR>[Calls]<UL><LI><a href="#[5e]">&gt;&gt;</a>&nbsp;&nbsp;&nbsp;__aeabi_memcpy4
</UL>

<P><STRONG><a name="[215]"></a>_memcpy_lastbytes</STRONG> (Thumb, 0 bytes, Stack size unknown bytes, rt_memcpy_v6.o(.text), UNUSED)

<P><STRONG><a name="[173]"></a>__aeabi_memmove</STRONG> (Thumb, 0 bytes, Stack size 0 bytes, rt_memmove_v6.o(.text))
<BR><BR>[Called By]<UL><LI><a href="#[10b]">&gt;&gt;</a>&nbsp;&nbsp;&nbsp;MP3Decode
</UL>

<P><STRONG><a name="[5f]"></a>__rt_memmove</STRONG> (Thumb, 132 bytes, Stack size 0 bytes, rt_memmove_v6.o(.text), UNUSED)
<BR><BR>[Calls]<UL><LI><a href="#[61]">&gt;&gt;</a>&nbsp;&nbsp;&nbsp;__memmove_aligned
<LI><a href="#[60]">&gt;&gt;</a>&nbsp;&nbsp;&nbsp;__aeabi_memcpy
</UL>

<P><STRONG><a name="[216]"></a>__memmove_lastfew</STRONG> (Thumb, 0 bytes, Stack size unknown bytes, rt_memmove_v6.o(.text), UNUSED)

<P><STRONG><a name="[5e]"></a>__aeabi_memcpy4</STRONG> (Thumb, 0 bytes, Stack size 8 bytes, rt_memcpy_w.o(.text))
<BR><BR>[Stack]<UL><LI>Max Depth = 8<LI>Call Chain = __aeabi_memcpy4
</UL>
<BR>[Called By]<UL><LI><a href="#[156]">&gt;&gt;</a>&nbsp;&nbsp;&nbsp;ItIsASecret
<LI><a href="#[92]">&gt;&gt;</a>&nbsp;&nbsp;&nbsp;DecryptionConvertMp3
<LI><a href="#[66]">&gt;&gt;</a>&nbsp;&nbsp;&nbsp;__rt_memmove_w
<LI><a href="#[5d]">&gt;&gt;</a>&nbsp;&nbsp;&nbsp;__rt_memcpy
</UL>

<P><STRONG><a name="[217]"></a>__aeabi_memcpy8</STRONG> (Thumb, 0 bytes, Stack size 8 bytes, rt_memcpy_w.o(.text), UNUSED)

<P><STRONG><a name="[218]"></a>__rt_memcpy_w</STRONG> (Thumb, 100 bytes, Stack size 8 bytes, rt_memcpy_w.o(.text), UNUSED)

<P><STRONG><a name="[219]"></a>_memcpy_lastbytes_aligned</STRONG> (Thumb, 0 bytes, Stack size unknown bytes, rt_memcpy_w.o(.text), UNUSED)

<P><STRONG><a name="[62]"></a>__aeabi_memset</STRONG> (Thumb, 16 bytes, Stack size 0 bytes, aeabi_memset.o(.text))
<BR><BR>[Calls]<UL><LI><a href="#[63]">&gt;&gt;</a>&nbsp;&nbsp;&nbsp;_memset
</UL>
<BR>[Called By]<UL><LI><a href="#[ed]">&gt;&gt;</a>&nbsp;&nbsp;&nbsp;WriteSystemParamTable
<LI><a href="#[168]">&gt;&gt;</a>&nbsp;&nbsp;&nbsp;WriteVehicleParamTable
<LI><a href="#[1b3]">&gt;&gt;</a>&nbsp;&nbsp;&nbsp;ResetPassword
<LI><a href="#[c0]">&gt;&gt;</a>&nbsp;&nbsp;&nbsp;ReadSoundGuidCmdHandler
<LI><a href="#[92]">&gt;&gt;</a>&nbsp;&nbsp;&nbsp;DecryptionConvertMp3
<LI><a href="#[8b]">&gt;&gt;</a>&nbsp;&nbsp;&nbsp;AudioFileConvert
</UL>

<P><STRONG><a name="[144]"></a>__aeabi_memclr</STRONG> (Thumb, 0 bytes, Stack size 0 bytes, rt_memclr.o(.text))
<BR><BR>[Called By]<UL><LI><a href="#[143]">&gt;&gt;</a>&nbsp;&nbsp;&nbsp;GetNextSoundBlockIndex
</UL>

<P><STRONG><a name="[64]"></a>__rt_memclr</STRONG> (Thumb, 68 bytes, Stack size 0 bytes, rt_memclr.o(.text), UNUSED)
<BR><BR>[Calls]<UL><LI><a href="#[65]">&gt;&gt;</a>&nbsp;&nbsp;&nbsp;_memset_w
</UL>

<P><STRONG><a name="[63]"></a>_memset</STRONG> (Thumb, 0 bytes, Stack size unknown bytes, rt_memclr.o(.text))
<BR><BR>[Called By]<UL><LI><a href="#[62]">&gt;&gt;</a>&nbsp;&nbsp;&nbsp;__aeabi_memset
</UL>

<P><STRONG><a name="[18c]"></a>strcmp</STRONG> (Thumb, 128 bytes, Stack size 0 bytes, strcmpv7m.o(.text))
<BR><BR>[Called By]<UL><LI><a href="#[110]">&gt;&gt;</a>&nbsp;&nbsp;&nbsp;Mp3ReadId3V2Tag
</UL>

<P><STRONG><a name="[21a]"></a>__use_two_region_memory</STRONG> (Thumb, 2 bytes, Stack size 0 bytes, heapauxi.o(.text), UNUSED)

<P><STRONG><a name="[21b]"></a>__rt_heap_escrow$2region</STRONG> (Thumb, 2 bytes, Stack size 0 bytes, heapauxi.o(.text), UNUSED)

<P><STRONG><a name="[21c]"></a>__rt_heap_expand$2region</STRONG> (Thumb, 2 bytes, Stack size 0 bytes, heapauxi.o(.text), UNUSED)

<P><STRONG><a name="[21d]"></a>__I$use$semihosting</STRONG> (Thumb, 0 bytes, Stack size 0 bytes, use_no_semi.o(.text), UNUSED)

<P><STRONG><a name="[21e]"></a>__use_no_semihosting_swi</STRONG> (Thumb, 2 bytes, Stack size 0 bytes, use_no_semi.o(.text), UNUSED)

<P><STRONG><a name="[21f]"></a>__aeabi_memmove4</STRONG> (Thumb, 0 bytes, Stack size 8 bytes, rt_memmove_w.o(.text), UNUSED)

<P><STRONG><a name="[220]"></a>__aeabi_memmove8</STRONG> (Thumb, 0 bytes, Stack size 8 bytes, rt_memmove_w.o(.text), UNUSED)

<P><STRONG><a name="[66]"></a>__rt_memmove_w</STRONG> (Thumb, 122 bytes, Stack size 8 bytes, rt_memmove_w.o(.text), UNUSED)
<BR><BR>[Calls]<UL><LI><a href="#[5e]">&gt;&gt;</a>&nbsp;&nbsp;&nbsp;__aeabi_memcpy4
</UL>

<P><STRONG><a name="[221]"></a>__semihosting_library_function</STRONG> (Thumb, 0 bytes, Stack size 8 bytes, indicate_semi.o(.text), UNUSED)

<P><STRONG><a name="[61]"></a>__memmove_aligned</STRONG> (Thumb, 0 bytes, Stack size unknown bytes, rt_memmove_w.o(.text), UNUSED)
<BR><BR>[Called By]<UL><LI><a href="#[5f]">&gt;&gt;</a>&nbsp;&nbsp;&nbsp;__rt_memmove
</UL>

<P><STRONG><a name="[222]"></a>__memmove_lastfew_aligned</STRONG> (Thumb, 0 bytes, Stack size unknown bytes, rt_memmove_w.o(.text), UNUSED)

<P><STRONG><a name="[223]"></a>__aeabi_memclr4</STRONG> (Thumb, 0 bytes, Stack size 4 bytes, rt_memclr_w.o(.text), UNUSED)

<P><STRONG><a name="[224]"></a>__aeabi_memclr8</STRONG> (Thumb, 0 bytes, Stack size 4 bytes, rt_memclr_w.o(.text), UNUSED)

<P><STRONG><a name="[225]"></a>__rt_memclr_w</STRONG> (Thumb, 78 bytes, Stack size 4 bytes, rt_memclr_w.o(.text), UNUSED)

<P><STRONG><a name="[65]"></a>_memset_w</STRONG> (Thumb, 0 bytes, Stack size unknown bytes, rt_memclr_w.o(.text), UNUSED)
<BR><BR>[Called By]<UL><LI><a href="#[64]">&gt;&gt;</a>&nbsp;&nbsp;&nbsp;__rt_memclr
</UL>

<P><STRONG><a name="[52]"></a>__user_setup_stackheap</STRONG> (Thumb, 74 bytes, Stack size 8 bytes, sys_stackheap_outer.o(.text))
<BR><BR>[Stack]<UL><LI>Max Depth = 8 + Unknown Stack Size
<LI>Call Chain = __user_setup_stackheap
</UL>
<BR>[Calls]<UL><LI><a href="#[68]">&gt;&gt;</a>&nbsp;&nbsp;&nbsp;__user_initial_stackheap
<LI><a href="#[67]">&gt;&gt;</a>&nbsp;&nbsp;&nbsp;__user_perproc_libspace
</UL>
<BR>[Called By]<UL><LI><a href="#[51]">&gt;&gt;</a>&nbsp;&nbsp;&nbsp;__rt_entry_sh
</UL>

<P><STRONG><a name="[57]"></a>exit</STRONG> (Thumb, 18 bytes, Stack size 8 bytes, exit.o(.text))
<BR><BR>[Stack]<UL><LI>Max Depth = 8 + Unknown Stack Size
<LI>Call Chain = exit
</UL>
<BR>[Calls]<UL><LI><a href="#[69]">&gt;&gt;</a>&nbsp;&nbsp;&nbsp;__rt_exit
</UL>
<BR>[Called By]<UL><LI><a href="#[55]">&gt;&gt;</a>&nbsp;&nbsp;&nbsp;__rt_entry_main
</UL>

<P><STRONG><a name="[226]"></a>__user_libspace</STRONG> (Thumb, 8 bytes, Stack size 0 bytes, libspace.o(.text), UNUSED)

<P><STRONG><a name="[67]"></a>__user_perproc_libspace</STRONG> (Thumb, 0 bytes, Stack size 0 bytes, libspace.o(.text))
<BR><BR>[Called By]<UL><LI><a href="#[52]">&gt;&gt;</a>&nbsp;&nbsp;&nbsp;__user_setup_stackheap
</UL>

<P><STRONG><a name="[227]"></a>__user_perthread_libspace</STRONG> (Thumb, 0 bytes, Stack size 0 bytes, libspace.o(.text), UNUSED)

<P><STRONG><a name="[5b]"></a>_sys_exit</STRONG> (Thumb, 8 bytes, Stack size 0 bytes, sys_exit.o(.text))
<BR><BR>[Called By]<UL><LI><a href="#[5a]">&gt;&gt;</a>&nbsp;&nbsp;&nbsp;__rt_exit_exit
</UL>

<P><STRONG><a name="[1f]"></a>ADC1_2_IRQHandler</STRONG> (Thumb, 2 bytes, Stack size 0 bytes, stm32f10x_it.o(i.ADC1_2_IRQHandler))
<BR>[Address Reference Count : 1]<UL><LI> stm32f10x_vector.o(RESET)
</UL>
<P><STRONG><a name="[3c]"></a>ADC3_IRQHandler</STRONG> (Thumb, 2 bytes, Stack size 0 bytes, stm32f10x_it.o(i.ADC3_IRQHandler))
<BR>[Address Reference Count : 1]<UL><LI> stm32f10x_vector.o(RESET)
</UL>
<P><STRONG><a name="[132]"></a>ADC_Cmd</STRONG> (Thumb, 22 bytes, Stack size 0 bytes, stm32f10x_adc.o(i.ADC_Cmd))
<BR><BR>[Called By]<UL><LI><a href="#[129]">&gt;&gt;</a>&nbsp;&nbsp;&nbsp;EvMotorSpeedHwInit
</UL>

<P><STRONG><a name="[131]"></a>ADC_DMACmd</STRONG> (Thumb, 22 bytes, Stack size 0 bytes, stm32f10x_adc.o(i.ADC_DMACmd))
<BR><BR>[Called By]<UL><LI><a href="#[129]">&gt;&gt;</a>&nbsp;&nbsp;&nbsp;EvMotorSpeedHwInit
</UL>

<P><STRONG><a name="[136]"></a>ADC_GetCalibrationStatus</STRONG> (Thumb, 20 bytes, Stack size 0 bytes, stm32f10x_adc.o(i.ADC_GetCalibrationStatus))
<BR><BR>[Called By]<UL><LI><a href="#[129]">&gt;&gt;</a>&nbsp;&nbsp;&nbsp;EvMotorSpeedHwInit
</UL>

<P><STRONG><a name="[134]"></a>ADC_GetResetCalibrationStatus</STRONG> (Thumb, 20 bytes, Stack size 0 bytes, stm32f10x_adc.o(i.ADC_GetResetCalibrationStatus))
<BR><BR>[Called By]<UL><LI><a href="#[129]">&gt;&gt;</a>&nbsp;&nbsp;&nbsp;EvMotorSpeedHwInit
</UL>

<P><STRONG><a name="[12f]"></a>ADC_Init</STRONG> (Thumb, 70 bytes, Stack size 12 bytes, stm32f10x_adc.o(i.ADC_Init))
<BR><BR>[Stack]<UL><LI>Max Depth = 12<LI>Call Chain = ADC_Init
</UL>
<BR>[Called By]<UL><LI><a href="#[129]">&gt;&gt;</a>&nbsp;&nbsp;&nbsp;EvMotorSpeedHwInit
</UL>

<P><STRONG><a name="[130]"></a>ADC_RegularChannelConfig</STRONG> (Thumb, 184 bytes, Stack size 20 bytes, stm32f10x_adc.o(i.ADC_RegularChannelConfig))
<BR><BR>[Stack]<UL><LI>Max Depth = 20<LI>Call Chain = ADC_RegularChannelConfig
</UL>
<BR>[Called By]<UL><LI><a href="#[129]">&gt;&gt;</a>&nbsp;&nbsp;&nbsp;EvMotorSpeedHwInit
</UL>

<P><STRONG><a name="[133]"></a>ADC_ResetCalibration</STRONG> (Thumb, 10 bytes, Stack size 0 bytes, stm32f10x_adc.o(i.ADC_ResetCalibration))
<BR><BR>[Called By]<UL><LI><a href="#[129]">&gt;&gt;</a>&nbsp;&nbsp;&nbsp;EvMotorSpeedHwInit
</UL>

<P><STRONG><a name="[137]"></a>ADC_SoftwareStartConvCmd</STRONG> (Thumb, 22 bytes, Stack size 0 bytes, stm32f10x_adc.o(i.ADC_SoftwareStartConvCmd))
<BR><BR>[Called By]<UL><LI><a href="#[129]">&gt;&gt;</a>&nbsp;&nbsp;&nbsp;EvMotorSpeedHwInit
</UL>

<P><STRONG><a name="[135]"></a>ADC_StartCalibration</STRONG> (Thumb, 10 bytes, Stack size 0 bytes, stm32f10x_adc.o(i.ADC_StartCalibration))
<BR><BR>[Called By]<UL><LI><a href="#[129]">&gt;&gt;</a>&nbsp;&nbsp;&nbsp;EvMotorSpeedHwInit
</UL>

<P><STRONG><a name="[12e]"></a>ADC_StructInit</STRONG> (Thumb, 18 bytes, Stack size 0 bytes, stm32f10x_adc.o(i.ADC_StructInit))
<BR><BR>[Called By]<UL><LI><a href="#[129]">&gt;&gt;</a>&nbsp;&nbsp;&nbsp;EvMotorSpeedHwInit
</UL>

<P><STRONG><a name="[6a]"></a>ActiveSystemParam</STRONG> (Thumb, 30 bytes, Stack size 8 bytes, systemconfig.o(i.ActiveSystemParam))
<BR><BR>[Stack]<UL><LI>Max Depth = 8<LI>Call Chain = ActiveSystemParam
</UL>
<BR>[Calls]<UL><LI><a href="#[6b]">&gt;&gt;</a>&nbsp;&nbsp;&nbsp;CalHalMaxSpeedCalibrate
</UL>
<BR>[Called By]<UL><LI><a href="#[1bb]">&gt;&gt;</a>&nbsp;&nbsp;&nbsp;SetOneSystemParam
</UL>

<P><STRONG><a name="[6c]"></a>ActiveVehicleParam</STRONG> (Thumb, 56 bytes, Stack size 8 bytes, mixerconfig.o(i.ActiveVehicleParam))
<BR><BR>[Stack]<UL><LI>Max Depth = 8<LI>Call Chain = ActiveVehicleParam
</UL>
<BR>[Calls]<UL><LI><a href="#[6d]">&gt;&gt;</a>&nbsp;&nbsp;&nbsp;CalDecelerartion
<LI><a href="#[6e]">&gt;&gt;</a>&nbsp;&nbsp;&nbsp;GearBoxSpeedReset
</UL>
<BR>[Called By]<UL><LI><a href="#[1bc]">&gt;&gt;</a>&nbsp;&nbsp;&nbsp;SetOneVehicleParam
</UL>

<P><STRONG><a name="[6f]"></a>AllocOneFreeBlock</STRONG> (Thumb, 162 bytes, Stack size 24 bytes, fs.o(i.AllocOneFreeBlock))
<BR><BR>[Stack]<UL><LI>Max Depth = 4296<LI>Call Chain = AllocOneFreeBlock &rArr; DataFlashWriteData &rArr; FlashWriteCheck &rArr; DataFlashReadData &rArr; WaitFlashFree &rArr; spi_write
</UL>
<BR>[Calls]<UL><LI><a href="#[70]">&gt;&gt;</a>&nbsp;&nbsp;&nbsp;IWDG_ReloadCounter
<LI><a href="#[72]">&gt;&gt;</a>&nbsp;&nbsp;&nbsp;DataFlashWriteData
<LI><a href="#[73]">&gt;&gt;</a>&nbsp;&nbsp;&nbsp;BlockErase
<LI><a href="#[71]">&gt;&gt;</a>&nbsp;&nbsp;&nbsp;SearchFreeBlock
</UL>
<BR>[Called By]<UL><LI><a href="#[91]">&gt;&gt;</a>&nbsp;&nbsp;&nbsp;WriteFileWithAlloc
</UL>

<P><STRONG><a name="[74]"></a>AmplifierControlHandler</STRONG> (Thumb, 104 bytes, Stack size 8 bytes, mixer.o(i.AmplifierControlHandler))
<BR><BR>[Stack]<UL><LI>Max Depth = 16<LI>Call Chain = AmplifierControlHandler &rArr; AmplifierEnable
</UL>
<BR>[Calls]<UL><LI><a href="#[75]">&gt;&gt;</a>&nbsp;&nbsp;&nbsp;CheckOnChipAudioIsPlaying
<LI><a href="#[76]">&gt;&gt;</a>&nbsp;&nbsp;&nbsp;AmplifierEnable
<LI><a href="#[77]">&gt;&gt;</a>&nbsp;&nbsp;&nbsp;AmplifierDisable
</UL>
<BR>[Called By]<UL><LI><a href="#[182]">&gt;&gt;</a>&nbsp;&nbsp;&nbsp;StopAuidoPlay
<LI><a href="#[56]">&gt;&gt;</a>&nbsp;&nbsp;&nbsp;main
</UL>

<P><STRONG><a name="[77]"></a>AmplifierDisable</STRONG> (Thumb, 18 bytes, Stack size 8 bytes, mixer.o(i.AmplifierDisable))
<BR><BR>[Stack]<UL><LI>Max Depth = 8<LI>Call Chain = AmplifierDisable
</UL>
<BR>[Calls]<UL><LI><a href="#[78]">&gt;&gt;</a>&nbsp;&nbsp;&nbsp;GPIO_ResetBits
</UL>
<BR>[Called By]<UL><LI><a href="#[9e]">&gt;&gt;</a>&nbsp;&nbsp;&nbsp;AudioOutHwConfig
<LI><a href="#[74]">&gt;&gt;</a>&nbsp;&nbsp;&nbsp;AmplifierControlHandler
</UL>

<P><STRONG><a name="[76]"></a>AmplifierEnable</STRONG> (Thumb, 18 bytes, Stack size 8 bytes, mixer.o(i.AmplifierEnable))
<BR><BR>[Stack]<UL><LI>Max Depth = 8<LI>Call Chain = AmplifierEnable
</UL>
<BR>[Calls]<UL><LI><a href="#[79]">&gt;&gt;</a>&nbsp;&nbsp;&nbsp;GPIO_SetBits
</UL>
<BR>[Called By]<UL><LI><a href="#[1b8]">&gt;&gt;</a>&nbsp;&nbsp;&nbsp;TryChangeVehileRollBack
<LI><a href="#[eb]">&gt;&gt;</a>&nbsp;&nbsp;&nbsp;CalibrationMode
<LI><a href="#[74]">&gt;&gt;</a>&nbsp;&nbsp;&nbsp;AmplifierControlHandler
<LI><a href="#[167]">&gt;&gt;</a>&nbsp;&nbsp;&nbsp;TryChangeVehileIndexLoop
</UL>

<P><STRONG><a name="[7a]"></a>AnalyOneSoundIndex</STRONG> (Thumb, 30 bytes, Stack size 16 bytes, mixer.o(i.AnalyOneSoundIndex))
<BR><BR>[Stack]<UL><LI>Max Depth = 5288<LI>Call Chain = AnalyOneSoundIndex &rArr; AnalyzeEngineFile &rArr; GetEngineInfo &rArr; CutAudioOneSpeed &rArr; ReadFile &rArr; DataFlashReadData &rArr; WaitFlashFree &rArr; spi_write
</UL>
<BR>[Calls]<UL><LI><a href="#[7b]">&gt;&gt;</a>&nbsp;&nbsp;&nbsp;AnalyzeMixerConfig
<LI><a href="#[7c]">&gt;&gt;</a>&nbsp;&nbsp;&nbsp;AnalyzeEngineFile
</UL>
<BR>[Called By]<UL><LI><a href="#[1b8]">&gt;&gt;</a>&nbsp;&nbsp;&nbsp;TryChangeVehileRollBack
<LI><a href="#[167]">&gt;&gt;</a>&nbsp;&nbsp;&nbsp;TryChangeVehileIndexLoop
</UL>

<P><STRONG><a name="[7d]"></a>AnalyzeDeviceConfig</STRONG> (Thumb, 48 bytes, Stack size 528 bytes, systemconfig.o(i.AnalyzeDeviceConfig))
<BR><BR>[Stack]<UL><LI>Max Depth = 608<LI>Call Chain = AnalyzeDeviceConfig &rArr; InitBuffParam &rArr; CheckParamBuff
</UL>
<BR>[Calls]<UL><LI><a href="#[7e]">&gt;&gt;</a>&nbsp;&nbsp;&nbsp;DataFlashReadData
<LI><a href="#[7f]">&gt;&gt;</a>&nbsp;&nbsp;&nbsp;InitBuffParam
</UL>
<BR>[Called By]<UL><LI><a href="#[56]">&gt;&gt;</a>&nbsp;&nbsp;&nbsp;main
</UL>

<P><STRONG><a name="[7c]"></a>AnalyzeEngineFile</STRONG> (Thumb, 58 bytes, Stack size 16 bytes, engine.o(i.AnalyzeEngineFile))
<BR><BR>[Stack]<UL><LI>Max Depth = 5272<LI>Call Chain = AnalyzeEngineFile &rArr; GetEngineInfo &rArr; CutAudioOneSpeed &rArr; ReadFile &rArr; DataFlashReadData &rArr; WaitFlashFree &rArr; spi_write
</UL>
<BR>[Calls]<UL><LI><a href="#[82]">&gt;&gt;</a>&nbsp;&nbsp;&nbsp;SetSystmError
<LI><a href="#[85]">&gt;&gt;</a>&nbsp;&nbsp;&nbsp;GearBoxInit
<LI><a href="#[84]">&gt;&gt;</a>&nbsp;&nbsp;&nbsp;ClearSystemError
<LI><a href="#[81]">&gt;&gt;</a>&nbsp;&nbsp;&nbsp;GetEngineInfo
<LI><a href="#[83]">&gt;&gt;</a>&nbsp;&nbsp;&nbsp;EngineStopWorking
<LI><a href="#[80]">&gt;&gt;</a>&nbsp;&nbsp;&nbsp;EngineMixerChannelVarInit
</UL>
<BR>[Called By]<UL><LI><a href="#[7a]">&gt;&gt;</a>&nbsp;&nbsp;&nbsp;AnalyOneSoundIndex
</UL>

<P><STRONG><a name="[7b]"></a>AnalyzeMixerConfig</STRONG> (Thumb, 1086 bytes, Stack size 4168 bytes, mixerconfig.o(i.AnalyzeMixerConfig))
<BR><BR>[Stack]<UL><LI>Max Depth = 4256<LI>Call Chain = AnalyzeMixerConfig &rArr; InitOneParam &rArr; CheckParamIndex
</UL>
<BR>[Calls]<UL><LI><a href="#[87]">&gt;&gt;</a>&nbsp;&nbsp;&nbsp;CalRealVolume
<LI><a href="#[7e]">&gt;&gt;</a>&nbsp;&nbsp;&nbsp;DataFlashReadData
<LI><a href="#[6d]">&gt;&gt;</a>&nbsp;&nbsp;&nbsp;CalDecelerartion
<LI><a href="#[86]">&gt;&gt;</a>&nbsp;&nbsp;&nbsp;InitOneParam
</UL>
<BR>[Called By]<UL><LI><a href="#[7a]">&gt;&gt;</a>&nbsp;&nbsp;&nbsp;AnalyOneSoundIndex
<LI><a href="#[94]">&gt;&gt;</a>&nbsp;&nbsp;&nbsp;LoadVehicleCfgFromSoundFile
</UL>

<P><STRONG><a name="[88]"></a>AnalyzeSystemConfig</STRONG> (Thumb, 250 bytes, Stack size 528 bytes, systemconfig.o(i.AnalyzeSystemConfig))
<BR><BR>[Stack]<UL><LI>Max Depth = 616<LI>Call Chain = AnalyzeSystemConfig &rArr; InitOneParam &rArr; CheckParamIndex
</UL>
<BR>[Calls]<UL><LI><a href="#[7e]">&gt;&gt;</a>&nbsp;&nbsp;&nbsp;DataFlashReadData
<LI><a href="#[6b]">&gt;&gt;</a>&nbsp;&nbsp;&nbsp;CalHalMaxSpeedCalibrate
<LI><a href="#[86]">&gt;&gt;</a>&nbsp;&nbsp;&nbsp;InitOneParam
</UL>
<BR>[Called By]<UL><LI><a href="#[56]">&gt;&gt;</a>&nbsp;&nbsp;&nbsp;main
</UL>

<P><STRONG><a name="[184]"></a>AudioChannelGetDataInTimeInterruptWithSecure</STRONG> (Thumb, 320 bytes, Stack size 12 bytes, mixer.o(i.AudioChannelGetDataInTimeInterruptWithSecure))
<BR><BR>[Stack]<UL><LI>Max Depth = 12<LI>Call Chain = AudioChannelGetDataInTimeInterruptWithSecure
</UL>
<BR>[Called By]<UL><LI><a href="#[185]">&gt;&gt;</a>&nbsp;&nbsp;&nbsp;MixerChannel1IntHandler
<LI><a href="#[183]">&gt;&gt;</a>&nbsp;&nbsp;&nbsp;MixerChannel0IntHandler
</UL>

<P><STRONG><a name="[8b]"></a>AudioFileConvert</STRONG> (Thumb, 1372 bytes, Stack size 816 bytes, audiofileconvert.o(i.AudioFileConvert))
<BR><BR>[Stack]<UL><LI>Max Depth = 5432 + Unknown Stack Size
<LI>Call Chain = AudioFileConvert &rArr; DecryptionConvertMp3 &rArr; WriteFileWithAlloc &rArr; AllocOneFreeBlock &rArr; DataFlashWriteData &rArr; FlashWriteCheck &rArr; DataFlashReadData &rArr; WaitFlashFree &rArr; spi_write
</UL>
<BR>[Calls]<UL><LI><a href="#[72]">&gt;&gt;</a>&nbsp;&nbsp;&nbsp;DataFlashWriteData
<LI><a href="#[7e]">&gt;&gt;</a>&nbsp;&nbsp;&nbsp;DataFlashReadData
<LI><a href="#[91]">&gt;&gt;</a>&nbsp;&nbsp;&nbsp;WriteFileWithAlloc
<LI><a href="#[93]">&gt;&gt;</a>&nbsp;&nbsp;&nbsp;WriteFile
<LI><a href="#[8f]">&gt;&gt;</a>&nbsp;&nbsp;&nbsp;RecoverBadAudio
<LI><a href="#[95]">&gt;&gt;</a>&nbsp;&nbsp;&nbsp;InitFile
<LI><a href="#[90]">&gt;&gt;</a>&nbsp;&nbsp;&nbsp;CreateEmptyFile
<LI><a href="#[92]">&gt;&gt;</a>&nbsp;&nbsp;&nbsp;DecryptionConvertMp3
<LI><a href="#[8e]">&gt;&gt;</a>&nbsp;&nbsp;&nbsp;DecryptContent
<LI><a href="#[8c]">&gt;&gt;</a>&nbsp;&nbsp;&nbsp;DecryTeaKey
<LI><a href="#[94]">&gt;&gt;</a>&nbsp;&nbsp;&nbsp;LoadVehicleCfgFromSoundFile
<LI><a href="#[8d]">&gt;&gt;</a>&nbsp;&nbsp;&nbsp;ChechAudioGuid
<LI><a href="#[62]">&gt;&gt;</a>&nbsp;&nbsp;&nbsp;__aeabi_memset
</UL>
<BR>[Called By]<UL><LI><a href="#[1d0]">&gt;&gt;</a>&nbsp;&nbsp;&nbsp;WriteSoundFinish
</UL>

<P><STRONG><a name="[96]"></a>AudioFileReadHandler</STRONG> (Thumb, 128 bytes, Stack size 8 bytes, mixer.o(i.AudioFileReadHandler))
<BR><BR>[Stack]<UL><LI>Max Depth = 112<LI>Call Chain = AudioFileReadHandler &rArr; MixerChaneBuff2Read &rArr; ReadFile &rArr; DataFlashReadData &rArr; WaitFlashFree &rArr; spi_write
</UL>
<BR>[Calls]<UL><LI><a href="#[99]">&gt;&gt;</a>&nbsp;&nbsp;&nbsp;MixerChaneBuff2Read
<LI><a href="#[98]">&gt;&gt;</a>&nbsp;&nbsp;&nbsp;MixerChaneBuff1Read
<LI><a href="#[97]">&gt;&gt;</a>&nbsp;&nbsp;&nbsp;MixerChaneBuff0Read
</UL>
<BR>[Called By]<UL><LI><a href="#[123]">&gt;&gt;</a>&nbsp;&nbsp;&nbsp;EngineStopingHandlerWithoutStopFile
<LI><a href="#[124]">&gt;&gt;</a>&nbsp;&nbsp;&nbsp;EngineStopingHandlerWithStopFile
<LI><a href="#[126]">&gt;&gt;</a>&nbsp;&nbsp;&nbsp;EngineStopHandlerWithStopFile
<LI><a href="#[11a]">&gt;&gt;</a>&nbsp;&nbsp;&nbsp;EngineStatusHandler
<LI><a href="#[122]">&gt;&gt;</a>&nbsp;&nbsp;&nbsp;EngineStartingHandler
<LI><a href="#[11f]">&gt;&gt;</a>&nbsp;&nbsp;&nbsp;EngineStartHandler
</UL>

<P><STRONG><a name="[9a]"></a>AudioOutDac</STRONG> (Thumb, 80 bytes, Stack size 24 bytes, mixer.o(i.AudioOutDac))
<BR><BR>[Stack]<UL><LI>Max Depth = 24<LI>Call Chain = AudioOutDac
</UL>
<BR>[Calls]<UL><LI><a href="#[9d]">&gt;&gt;</a>&nbsp;&nbsp;&nbsp;DAC_SetChannel2Data
<LI><a href="#[9c]">&gt;&gt;</a>&nbsp;&nbsp;&nbsp;GetCurrentOnChipAudioData
<LI><a href="#[9b]">&gt;&gt;</a>&nbsp;&nbsp;&nbsp;GetEngineAudioData
</UL>
<BR>[Called By]<UL><LI><a href="#[185]">&gt;&gt;</a>&nbsp;&nbsp;&nbsp;MixerChannel1IntHandler
<LI><a href="#[183]">&gt;&gt;</a>&nbsp;&nbsp;&nbsp;MixerChannel0IntHandler
</UL>

<P><STRONG><a name="[9e]"></a>AudioOutHwConfig</STRONG> (Thumb, 196 bytes, Stack size 40 bytes, mixer.o(i.AudioOutHwConfig))
<BR><BR>[Stack]<UL><LI>Max Depth = 64<LI>Call Chain = AudioOutHwConfig &rArr; GPIO_Init
</UL>
<BR>[Calls]<UL><LI><a href="#[a6]">&gt;&gt;</a>&nbsp;&nbsp;&nbsp;NVIC_Init
<LI><a href="#[a1]">&gt;&gt;</a>&nbsp;&nbsp;&nbsp;GPIO_Init
<LI><a href="#[a2]">&gt;&gt;</a>&nbsp;&nbsp;&nbsp;TIM_TimeBaseStructInit
<LI><a href="#[a3]">&gt;&gt;</a>&nbsp;&nbsp;&nbsp;TIM_TimeBaseInit
<LI><a href="#[a4]">&gt;&gt;</a>&nbsp;&nbsp;&nbsp;TIM_ITConfig
<LI><a href="#[a5]">&gt;&gt;</a>&nbsp;&nbsp;&nbsp;TIM_Cmd
<LI><a href="#[a0]">&gt;&gt;</a>&nbsp;&nbsp;&nbsp;RCC_APB2PeriphClockCmd
<LI><a href="#[9f]">&gt;&gt;</a>&nbsp;&nbsp;&nbsp;RCC_APB1PeriphClockCmd
<LI><a href="#[a7]">&gt;&gt;</a>&nbsp;&nbsp;&nbsp;DAC_StructInit
<LI><a href="#[a8]">&gt;&gt;</a>&nbsp;&nbsp;&nbsp;DAC_Init
<LI><a href="#[a9]">&gt;&gt;</a>&nbsp;&nbsp;&nbsp;DAC_Cmd
<LI><a href="#[77]">&gt;&gt;</a>&nbsp;&nbsp;&nbsp;AmplifierDisable
</UL>
<BR>[Called By]<UL><LI><a href="#[153]">&gt;&gt;</a>&nbsp;&nbsp;&nbsp;InitAllPeriph
</UL>

<P><STRONG><a name="[aa]"></a>AudioOutTimerIntHandler</STRONG> (Thumb, 88 bytes, Stack size 24 bytes, mixer.o(i.AudioOutTimerIntHandler))
<BR><BR>[Stack]<UL><LI>Max Depth = 32<LI>Call Chain = AudioOutTimerIntHandler &rArr; GetOnChipAudioData
</UL>
<BR>[Calls]<UL><LI><a href="#[ab]">&gt;&gt;</a>&nbsp;&nbsp;&nbsp;TIM_ClearITPendingBit
<LI><a href="#[9d]">&gt;&gt;</a>&nbsp;&nbsp;&nbsp;DAC_SetChannel2Data
<LI><a href="#[ac]">&gt;&gt;</a>&nbsp;&nbsp;&nbsp;GetOnChipAudioData
<LI><a href="#[9b]">&gt;&gt;</a>&nbsp;&nbsp;&nbsp;GetEngineAudioData
</UL>
<BR>[Called By]<UL><LI><a href="#[26]">&gt;&gt;</a>&nbsp;&nbsp;&nbsp;TIM1_UP_IRQHandler
</UL>

<P><STRONG><a name="[ad]"></a>AuthorizePassword</STRONG> (Thumb, 168 bytes, Stack size 168 bytes, password.o(i.AuthorizePassword))
<BR><BR>[Stack]<UL><LI>Max Depth = 344<LI>Call Chain = AuthorizePassword &rArr; MD5Final &rArr; MD5Update &rArr; MD5Transform &rArr; Decode
</UL>
<BR>[Calls]<UL><LI><a href="#[ae]">&gt;&gt;</a>&nbsp;&nbsp;&nbsp;GetSystemTime
<LI><a href="#[b2]">&gt;&gt;</a>&nbsp;&nbsp;&nbsp;decrypt
<LI><a href="#[b0]">&gt;&gt;</a>&nbsp;&nbsp;&nbsp;MD5Update
<LI><a href="#[af]">&gt;&gt;</a>&nbsp;&nbsp;&nbsp;MD5Init
<LI><a href="#[b1]">&gt;&gt;</a>&nbsp;&nbsp;&nbsp;MD5Final
<LI><a href="#[60]">&gt;&gt;</a>&nbsp;&nbsp;&nbsp;__aeabi_memcpy
<LI><a href="#[b3]">&gt;&gt;</a>&nbsp;&nbsp;&nbsp;memcmp
</UL>
<BR>[Called By]<UL><LI><a href="#[ca]">&gt;&gt;</a>&nbsp;&nbsp;&nbsp;PasswordAuthorizeCmdHandler
</UL>

<P><STRONG><a name="[1b9]"></a>BKP_WriteBackupRegister</STRONG> (Thumb, 10 bytes, Stack size 0 bytes, stm32f10x_bkp.o(i.BKP_WriteBackupRegister))
<BR><BR>[Called By]<UL><LI><a href="#[ef]">&gt;&gt;</a>&nbsp;&nbsp;&nbsp;SetBootData
</UL>

<P><STRONG><a name="[b4]"></a>BkpHwInit</STRONG> (Thumb, 26 bytes, Stack size 8 bytes, systemhw.o(i.BkpHwInit))
<BR><BR>[Stack]<UL><LI>Max Depth = 8<LI>Call Chain = BkpHwInit
</UL>
<BR>[Calls]<UL><LI><a href="#[b5]">&gt;&gt;</a>&nbsp;&nbsp;&nbsp;PWR_BackupAccessCmd
<LI><a href="#[9f]">&gt;&gt;</a>&nbsp;&nbsp;&nbsp;RCC_APB1PeriphClockCmd
</UL>
<BR>[Called By]<UL><LI><a href="#[153]">&gt;&gt;</a>&nbsp;&nbsp;&nbsp;InitAllPeriph
</UL>

<P><STRONG><a name="[b6]"></a>BleAnalysisMessageId</STRONG> (Thumb, 356 bytes, Stack size 16 bytes, bledatalayer.o(i.BleAnalysisMessageId))
<BR><BR>[Stack]<UL><LI>Max Depth = 5488 + Unknown Stack Size
<LI>Call Chain = BleAnalysisMessageId &rArr; WriteSoundFinishCmdHandler &rArr; WriteSoundFinish &rArr; AudioFileConvert &rArr; DecryptionConvertMp3 &rArr; WriteFileWithAlloc &rArr; AllocOneFreeBlock &rArr; DataFlashWriteData &rArr; FlashWriteCheck &rArr; DataFlashReadData &rArr; WaitFlashFree &rArr; spi_write
</UL>
<BR>[Calls]<UL><LI><a href="#[c2]">&gt;&gt;</a>&nbsp;&nbsp;&nbsp;WriteSoundStartCmdHandler
<LI><a href="#[c6]">&gt;&gt;</a>&nbsp;&nbsp;&nbsp;WriteSoundFinishCmdHandler
<LI><a href="#[c4]">&gt;&gt;</a>&nbsp;&nbsp;&nbsp;WriteSoundBlockDataCmdHandler
<LI><a href="#[be]">&gt;&gt;</a>&nbsp;&nbsp;&nbsp;VehicleParamStoreCmdHandler
<LI><a href="#[bd]">&gt;&gt;</a>&nbsp;&nbsp;&nbsp;VehicleParamSetCmdHandler
<LI><a href="#[bc]">&gt;&gt;</a>&nbsp;&nbsp;&nbsp;VehicleParamRequestCmdHandler
<LI><a href="#[bb]">&gt;&gt;</a>&nbsp;&nbsp;&nbsp;SystemParamStoreCmdHandler
<LI><a href="#[ba]">&gt;&gt;</a>&nbsp;&nbsp;&nbsp;SystemParamSetCmdHandler
<LI><a href="#[b9]">&gt;&gt;</a>&nbsp;&nbsp;&nbsp;SystemParamRequestCmdHandler
<LI><a href="#[b7]">&gt;&gt;</a>&nbsp;&nbsp;&nbsp;SystemInfoRequestCmdHandler
<LI><a href="#[cb]">&gt;&gt;</a>&nbsp;&nbsp;&nbsp;SetPasswordCmdHandler
<LI><a href="#[c8]">&gt;&gt;</a>&nbsp;&nbsp;&nbsp;SelectVehicleCmdHandler
<LI><a href="#[cc]">&gt;&gt;</a>&nbsp;&nbsp;&nbsp;ResetPasswordCmdHandler
<LI><a href="#[c1]">&gt;&gt;</a>&nbsp;&nbsp;&nbsp;ReadSoundNameCmdHandler
<LI><a href="#[c0]">&gt;&gt;</a>&nbsp;&nbsp;&nbsp;ReadSoundGuidCmdHandler
<LI><a href="#[ca]">&gt;&gt;</a>&nbsp;&nbsp;&nbsp;PasswordAuthorizeCmdHandler
<LI><a href="#[c9]">&gt;&gt;</a>&nbsp;&nbsp;&nbsp;GetRandomCmdHandler
<LI><a href="#[c3]">&gt;&gt;</a>&nbsp;&nbsp;&nbsp;GetNextSoundBlockIndexCmdHandler
<LI><a href="#[bf]">&gt;&gt;</a>&nbsp;&nbsp;&nbsp;FormatFsCmdHandler
<LI><a href="#[c7]">&gt;&gt;</a>&nbsp;&nbsp;&nbsp;DeleteSoundCmdHandler
<LI><a href="#[c5]">&gt;&gt;</a>&nbsp;&nbsp;&nbsp;CheckSoundBlockDataCmdHandler
<LI><a href="#[b8]">&gt;&gt;</a>&nbsp;&nbsp;&nbsp;ChangeProgeramCmdHandler
<LI><a href="#[cd]">&gt;&gt;</a>&nbsp;&nbsp;&nbsp;BleDisconnectCmdHandler
</UL>
<BR>[Called By]<UL><LI><a href="#[cf]">&gt;&gt;</a>&nbsp;&nbsp;&nbsp;OneFrameCheckAndHandle
</UL>

<P><STRONG><a name="[ce]"></a>BleAnalyzeTransportLayer</STRONG> (Thumb, 244 bytes, Stack size 8 bytes, bletransportlayer.o(i.BleAnalyzeTransportLayer))
<BR><BR>[Stack]<UL><LI>Max Depth = 5512 + Unknown Stack Size
<LI>Call Chain = BleAnalyzeTransportLayer &rArr; OneFrameCheckAndHandle &rArr; BleAnalysisMessageId &rArr; WriteSoundFinishCmdHandler &rArr; WriteSoundFinish &rArr; AudioFileConvert &rArr; DecryptionConvertMp3 &rArr; WriteFileWithAlloc &rArr; AllocOneFreeBlock &rArr; DataFlashWriteData &rArr; FlashWriteCheck &rArr; DataFlashReadData &rArr; WaitFlashFree &rArr; spi_write
</UL>
<BR>[Calls]<UL><LI><a href="#[cf]">&gt;&gt;</a>&nbsp;&nbsp;&nbsp;OneFrameCheckAndHandle
</UL>
<BR>[Called By]<UL><LI><a href="#[56]">&gt;&gt;</a>&nbsp;&nbsp;&nbsp;main
</UL>

<P><STRONG><a name="[d0]"></a>BleComEnable</STRONG> (Thumb, 54 bytes, Stack size 16 bytes, blecomhw.o(i.BleComEnable))
<BR><BR>[Stack]<UL><LI>Max Depth = 36<LI>Call Chain = BleComEnable &rArr; NVIC_Init
</UL>
<BR>[Calls]<UL><LI><a href="#[a6]">&gt;&gt;</a>&nbsp;&nbsp;&nbsp;NVIC_Init
<LI><a href="#[d1]">&gt;&gt;</a>&nbsp;&nbsp;&nbsp;USART_ITConfig
<LI><a href="#[d2]">&gt;&gt;</a>&nbsp;&nbsp;&nbsp;USART_Cmd
</UL>
<BR>[Called By]<UL><LI><a href="#[d3]">&gt;&gt;</a>&nbsp;&nbsp;&nbsp;BleComHwInit
</UL>

<P><STRONG><a name="[d3]"></a>BleComHwInit</STRONG> (Thumb, 132 bytes, Stack size 24 bytes, blecomhw.o(i.BleComHwInit))
<BR><BR>[Stack]<UL><LI>Max Depth = 92<LI>Call Chain = BleComHwInit &rArr; USART_Init &rArr; RCC_GetClocksFreq
</UL>
<BR>[Calls]<UL><LI><a href="#[d4]">&gt;&gt;</a>&nbsp;&nbsp;&nbsp;GPIO_PinRemapConfig
<LI><a href="#[a1]">&gt;&gt;</a>&nbsp;&nbsp;&nbsp;GPIO_Init
<LI><a href="#[9f]">&gt;&gt;</a>&nbsp;&nbsp;&nbsp;RCC_APB1PeriphClockCmd
<LI><a href="#[d6]">&gt;&gt;</a>&nbsp;&nbsp;&nbsp;USART_SendData
<LI><a href="#[d5]">&gt;&gt;</a>&nbsp;&nbsp;&nbsp;USART_Init
<LI><a href="#[d0]">&gt;&gt;</a>&nbsp;&nbsp;&nbsp;BleComEnable
</UL>
<BR>[Called By]<UL><LI><a href="#[153]">&gt;&gt;</a>&nbsp;&nbsp;&nbsp;InitAllPeriph
</UL>

<P><STRONG><a name="[d7]"></a>BleComIntHandler</STRONG> (Thumb, 152 bytes, Stack size 8 bytes, blecomhw.o(i.BleComIntHandler))
<BR><BR>[Stack]<UL><LI>Max Depth = 28<LI>Call Chain = BleComIntHandler &rArr; USART_ITConfig
</UL>
<BR>[Calls]<UL><LI><a href="#[d1]">&gt;&gt;</a>&nbsp;&nbsp;&nbsp;USART_ITConfig
<LI><a href="#[d8]">&gt;&gt;</a>&nbsp;&nbsp;&nbsp;USART_GetITStatus
<LI><a href="#[d9]">&gt;&gt;</a>&nbsp;&nbsp;&nbsp;USART_ClearITPendingBit
</UL>
<BR>[Called By]<UL><LI><a href="#[34]">&gt;&gt;</a>&nbsp;&nbsp;&nbsp;USART3_IRQHandler
</UL>

<P><STRONG><a name="[da]"></a>BleComSendData</STRONG> (Thumb, 118 bytes, Stack size 16 bytes, blecomhw.o(i.BleComSendData))
<BR><BR>[Stack]<UL><LI>Max Depth = 36<LI>Call Chain = BleComSendData &rArr; USART_ITConfig
</UL>
<BR>[Calls]<UL><LI><a href="#[d6]">&gt;&gt;</a>&nbsp;&nbsp;&nbsp;USART_SendData
<LI><a href="#[d1]">&gt;&gt;</a>&nbsp;&nbsp;&nbsp;USART_ITConfig
</UL>
<BR>[Called By]<UL><LI><a href="#[dc]">&gt;&gt;</a>&nbsp;&nbsp;&nbsp;BleSendOneFrame
</UL>

<P><STRONG><a name="[cd]"></a>BleDisconnectCmdHandler</STRONG> (Thumb, 22 bytes, Stack size 8 bytes, bledatalayer.o(i.BleDisconnectCmdHandler))
<BR><BR>[Stack]<UL><LI>Max Depth = 84<LI>Call Chain = BleDisconnectCmdHandler &rArr; BleSendOneFrame &rArr; BleComSendData &rArr; USART_ITConfig
</UL>
<BR>[Calls]<UL><LI><a href="#[db]">&gt;&gt;</a>&nbsp;&nbsp;&nbsp;SetPasswordInvalid
<LI><a href="#[dc]">&gt;&gt;</a>&nbsp;&nbsp;&nbsp;BleSendOneFrame
</UL>
<BR>[Called By]<UL><LI><a href="#[b6]">&gt;&gt;</a>&nbsp;&nbsp;&nbsp;BleAnalysisMessageId
</UL>

<P><STRONG><a name="[dd]"></a>BleSendErrorPacket</STRONG> (Thumb, 30 bytes, Stack size 24 bytes, bleerror.o(i.BleSendErrorPacket))
<BR><BR>[Stack]<UL><LI>Max Depth = 100<LI>Call Chain = BleSendErrorPacket &rArr; BleSendOneFrame &rArr; BleComSendData &rArr; USART_ITConfig
</UL>
<BR>[Calls]<UL><LI><a href="#[dc]">&gt;&gt;</a>&nbsp;&nbsp;&nbsp;BleSendOneFrame
</UL>
<BR>[Called By]<UL><LI><a href="#[c2]">&gt;&gt;</a>&nbsp;&nbsp;&nbsp;WriteSoundStartCmdHandler
<LI><a href="#[c6]">&gt;&gt;</a>&nbsp;&nbsp;&nbsp;WriteSoundFinishCmdHandler
<LI><a href="#[be]">&gt;&gt;</a>&nbsp;&nbsp;&nbsp;VehicleParamStoreCmdHandler
<LI><a href="#[bd]">&gt;&gt;</a>&nbsp;&nbsp;&nbsp;VehicleParamSetCmdHandler
<LI><a href="#[bc]">&gt;&gt;</a>&nbsp;&nbsp;&nbsp;VehicleParamRequestCmdHandler
<LI><a href="#[bb]">&gt;&gt;</a>&nbsp;&nbsp;&nbsp;SystemParamStoreCmdHandler
<LI><a href="#[ba]">&gt;&gt;</a>&nbsp;&nbsp;&nbsp;SystemParamSetCmdHandler
<LI><a href="#[b9]">&gt;&gt;</a>&nbsp;&nbsp;&nbsp;SystemParamRequestCmdHandler
<LI><a href="#[b7]">&gt;&gt;</a>&nbsp;&nbsp;&nbsp;SystemInfoRequestCmdHandler
<LI><a href="#[cb]">&gt;&gt;</a>&nbsp;&nbsp;&nbsp;SetPasswordCmdHandler
<LI><a href="#[c8]">&gt;&gt;</a>&nbsp;&nbsp;&nbsp;SelectVehicleCmdHandler
<LI><a href="#[cc]">&gt;&gt;</a>&nbsp;&nbsp;&nbsp;ResetPasswordCmdHandler
<LI><a href="#[c1]">&gt;&gt;</a>&nbsp;&nbsp;&nbsp;ReadSoundNameCmdHandler
<LI><a href="#[c0]">&gt;&gt;</a>&nbsp;&nbsp;&nbsp;ReadSoundGuidCmdHandler
<LI><a href="#[ca]">&gt;&gt;</a>&nbsp;&nbsp;&nbsp;PasswordAuthorizeCmdHandler
<LI><a href="#[c3]">&gt;&gt;</a>&nbsp;&nbsp;&nbsp;GetNextSoundBlockIndexCmdHandler
<LI><a href="#[bf]">&gt;&gt;</a>&nbsp;&nbsp;&nbsp;FormatFsCmdHandler
<LI><a href="#[c7]">&gt;&gt;</a>&nbsp;&nbsp;&nbsp;DeleteSoundCmdHandler
<LI><a href="#[c5]">&gt;&gt;</a>&nbsp;&nbsp;&nbsp;CheckSoundBlockDataCmdHandler
<LI><a href="#[b8]">&gt;&gt;</a>&nbsp;&nbsp;&nbsp;ChangeProgeramCmdHandler
</UL>

<P><STRONG><a name="[dc]"></a>BleSendOneFrame</STRONG> (Thumb, 130 bytes, Stack size 40 bytes, bletransportlayer.o(i.BleSendOneFrame))
<BR><BR>[Stack]<UL><LI>Max Depth = 76<LI>Call Chain = BleSendOneFrame &rArr; BleComSendData &rArr; USART_ITConfig
</UL>
<BR>[Calls]<UL><LI><a href="#[da]">&gt;&gt;</a>&nbsp;&nbsp;&nbsp;BleComSendData
</UL>
<BR>[Called By]<UL><LI><a href="#[dd]">&gt;&gt;</a>&nbsp;&nbsp;&nbsp;BleSendErrorPacket
<LI><a href="#[c2]">&gt;&gt;</a>&nbsp;&nbsp;&nbsp;WriteSoundStartCmdHandler
<LI><a href="#[c6]">&gt;&gt;</a>&nbsp;&nbsp;&nbsp;WriteSoundFinishCmdHandler
<LI><a href="#[be]">&gt;&gt;</a>&nbsp;&nbsp;&nbsp;VehicleParamStoreCmdHandler
<LI><a href="#[bd]">&gt;&gt;</a>&nbsp;&nbsp;&nbsp;VehicleParamSetCmdHandler
<LI><a href="#[bc]">&gt;&gt;</a>&nbsp;&nbsp;&nbsp;VehicleParamRequestCmdHandler
<LI><a href="#[bb]">&gt;&gt;</a>&nbsp;&nbsp;&nbsp;SystemParamStoreCmdHandler
<LI><a href="#[ba]">&gt;&gt;</a>&nbsp;&nbsp;&nbsp;SystemParamSetCmdHandler
<LI><a href="#[b9]">&gt;&gt;</a>&nbsp;&nbsp;&nbsp;SystemParamRequestCmdHandler
<LI><a href="#[b7]">&gt;&gt;</a>&nbsp;&nbsp;&nbsp;SystemInfoRequestCmdHandler
<LI><a href="#[cb]">&gt;&gt;</a>&nbsp;&nbsp;&nbsp;SetPasswordCmdHandler
<LI><a href="#[c8]">&gt;&gt;</a>&nbsp;&nbsp;&nbsp;SelectVehicleCmdHandler
<LI><a href="#[c1]">&gt;&gt;</a>&nbsp;&nbsp;&nbsp;ReadSoundNameCmdHandler
<LI><a href="#[c0]">&gt;&gt;</a>&nbsp;&nbsp;&nbsp;ReadSoundGuidCmdHandler
<LI><a href="#[ca]">&gt;&gt;</a>&nbsp;&nbsp;&nbsp;PasswordAuthorizeCmdHandler
<LI><a href="#[c9]">&gt;&gt;</a>&nbsp;&nbsp;&nbsp;GetRandomCmdHandler
<LI><a href="#[c3]">&gt;&gt;</a>&nbsp;&nbsp;&nbsp;GetNextSoundBlockIndexCmdHandler
<LI><a href="#[bf]">&gt;&gt;</a>&nbsp;&nbsp;&nbsp;FormatFsCmdHandler
<LI><a href="#[c7]">&gt;&gt;</a>&nbsp;&nbsp;&nbsp;DeleteSoundCmdHandler
<LI><a href="#[c5]">&gt;&gt;</a>&nbsp;&nbsp;&nbsp;CheckSoundBlockDataCmdHandler
<LI><a href="#[b8]">&gt;&gt;</a>&nbsp;&nbsp;&nbsp;ChangeProgeramCmdHandler
<LI><a href="#[cd]">&gt;&gt;</a>&nbsp;&nbsp;&nbsp;BleDisconnectCmdHandler
</UL>

<P><STRONG><a name="[73]"></a>BlockErase</STRONG> (Thumb, 70 bytes, Stack size 16 bytes, spiflash.o(i.BlockErase))
<BR><BR>[Stack]<UL><LI>Max Depth = 40<LI>Call Chain = BlockErase &rArr; WriteEnable &rArr; spi_write
</UL>
<BR>[Calls]<UL><LI><a href="#[79]">&gt;&gt;</a>&nbsp;&nbsp;&nbsp;GPIO_SetBits
<LI><a href="#[78]">&gt;&gt;</a>&nbsp;&nbsp;&nbsp;GPIO_ResetBits
<LI><a href="#[e0]">&gt;&gt;</a>&nbsp;&nbsp;&nbsp;spi_write
<LI><a href="#[df]">&gt;&gt;</a>&nbsp;&nbsp;&nbsp;WriteEnable
<LI><a href="#[de]">&gt;&gt;</a>&nbsp;&nbsp;&nbsp;WaitFlashFree
</UL>
<BR>[Called By]<UL><LI><a href="#[138]">&gt;&gt;</a>&nbsp;&nbsp;&nbsp;FormatFs
<LI><a href="#[6f]">&gt;&gt;</a>&nbsp;&nbsp;&nbsp;AllocOneFreeBlock
<LI><a href="#[1b4]">&gt;&gt;</a>&nbsp;&nbsp;&nbsp;RestartDownloader
</UL>

<P><STRONG><a name="[7]"></a>BusFaultException</STRONG> (Thumb, 4 bytes, Stack size 0 bytes, stm32f10x_it.o(i.BusFaultException))
<BR>[Address Reference Count : 1]<UL><LI> stm32f10x_vector.o(RESET)
</UL>
<P><STRONG><a name="[22]"></a>CAN_RX1_IRQHandler</STRONG> (Thumb, 2 bytes, Stack size 0 bytes, stm32f10x_it.o(i.CAN_RX1_IRQHandler))
<BR>[Address Reference Count : 1]<UL><LI> stm32f10x_vector.o(RESET)
</UL>
<P><STRONG><a name="[23]"></a>CAN_SCE_IRQHandler</STRONG> (Thumb, 2 bytes, Stack size 0 bytes, stm32f10x_it.o(i.CAN_SCE_IRQHandler))
<BR>[Address Reference Count : 1]<UL><LI> stm32f10x_vector.o(RESET)
</UL>
<P><STRONG><a name="[6d]"></a>CalDecelerartion</STRONG> (Thumb, 30 bytes, Stack size 0 bytes, engine.o(i.CalDecelerartion))
<BR><BR>[Called By]<UL><LI><a href="#[7b]">&gt;&gt;</a>&nbsp;&nbsp;&nbsp;AnalyzeMixerConfig
<LI><a href="#[6c]">&gt;&gt;</a>&nbsp;&nbsp;&nbsp;ActiveVehicleParam
</UL>

<P><STRONG><a name="[e1]"></a>CalDistSpeed</STRONG> (Thumb, 48 bytes, Stack size 8 bytes, motorspeed.o(i.CalDistSpeed))
<BR><BR>[Stack]<UL><LI>Max Depth = 52<LI>Call Chain = CalDistSpeed &rArr; GetDistSpeedHal &rArr; expo &rArr; expou
</UL>
<BR>[Calls]<UL><LI><a href="#[e4]">&gt;&gt;</a>&nbsp;&nbsp;&nbsp;GetDistSpeedHal
<LI><a href="#[e2]">&gt;&gt;</a>&nbsp;&nbsp;&nbsp;GetTurnVoltage
<LI><a href="#[e3]">&gt;&gt;</a>&nbsp;&nbsp;&nbsp;GetDistSpeedWithoutGearBox
</UL>
<BR>[Called By]<UL><LI><a href="#[e5]">&gt;&gt;</a>&nbsp;&nbsp;&nbsp;CalSpeedAndBrakeAndGearBoxHandler
</UL>

<P><STRONG><a name="[6b]"></a>CalHalMaxSpeedCalibrate</STRONG> (Thumb, 22 bytes, Stack size 0 bytes, motorspeedhal.o(i.CalHalMaxSpeedCalibrate))
<BR><BR>[Called By]<UL><LI><a href="#[eb]">&gt;&gt;</a>&nbsp;&nbsp;&nbsp;CalibrationMode
<LI><a href="#[88]">&gt;&gt;</a>&nbsp;&nbsp;&nbsp;AnalyzeSystemConfig
<LI><a href="#[6a]">&gt;&gt;</a>&nbsp;&nbsp;&nbsp;ActiveSystemParam
</UL>

<P><STRONG><a name="[87]"></a>CalRealVolume</STRONG> (Thumb, 14 bytes, Stack size 0 bytes, mixer.o(i.CalRealVolume))
<BR><BR>[Called By]<UL><LI><a href="#[7b]">&gt;&gt;</a>&nbsp;&nbsp;&nbsp;AnalyzeMixerConfig
</UL>

<P><STRONG><a name="[e5]"></a>CalSpeedAndBrakeAndGearBoxHandler</STRONG> (Thumb, 256 bytes, Stack size 8 bytes, engine.o(i.CalSpeedAndBrakeAndGearBoxHandler))
<BR><BR>[Stack]<UL><LI>Max Depth = 64<LI>Call Chain = CalSpeedAndBrakeAndGearBoxHandler &rArr; GetMotorRealSpeedWithoutGearbox &rArr; DoAccelerateWithMotorCurve
</UL>
<BR>[Calls]<UL><LI><a href="#[e6]">&gt;&gt;</a>&nbsp;&nbsp;&nbsp;GetMotorRealSpeedWithoutGearbox
<LI><a href="#[e1]">&gt;&gt;</a>&nbsp;&nbsp;&nbsp;CalDistSpeed
<LI><a href="#[e7]">&gt;&gt;</a>&nbsp;&nbsp;&nbsp;CalVolumeSlopePercent
<LI><a href="#[ae]">&gt;&gt;</a>&nbsp;&nbsp;&nbsp;GetSystemTime
</UL>
<BR>[Called By]<UL><LI><a href="#[119]">&gt;&gt;</a>&nbsp;&nbsp;&nbsp;EngineHandler
</UL>

<P><STRONG><a name="[1d2]"></a>CalSum</STRONG> (Thumb, 24 bytes, Stack size 8 bytes, param.o(i.CalSum))
<BR><BR>[Stack]<UL><LI>Max Depth = 8<LI>Call Chain = CalSum
</UL>
<BR>[Called By]<UL><LI><a href="#[ed]">&gt;&gt;</a>&nbsp;&nbsp;&nbsp;WriteSystemParamTable
<LI><a href="#[168]">&gt;&gt;</a>&nbsp;&nbsp;&nbsp;WriteVehicleParamTable
</UL>

<P><STRONG><a name="[e7]"></a>CalVolumeSlopePercent</STRONG> (Thumb, 242 bytes, Stack size 20 bytes, engine.o(i.CalVolumeSlopePercent))
<BR><BR>[Stack]<UL><LI>Max Depth = 20<LI>Call Chain = CalVolumeSlopePercent
</UL>
<BR>[Called By]<UL><LI><a href="#[11a]">&gt;&gt;</a>&nbsp;&nbsp;&nbsp;EngineStatusHandler
<LI><a href="#[e5]">&gt;&gt;</a>&nbsp;&nbsp;&nbsp;CalSpeedAndBrakeAndGearBoxHandler
</UL>

<P><STRONG><a name="[e8]"></a>CalibrationCheck</STRONG> (Thumb, 46 bytes, Stack size 16 bytes, calibrationmode.o(i.CalibrationCheck))
<BR><BR>[Stack]<UL><LI>Max Depth = 48<LI>Call Chain = CalibrationCheck &rArr; mDelay &rArr; KeyStatusHandler
</UL>
<BR>[Calls]<UL><LI><a href="#[e9]">&gt;&gt;</a>&nbsp;&nbsp;&nbsp;GPIO_ReadInputDataBit
<LI><a href="#[ea]">&gt;&gt;</a>&nbsp;&nbsp;&nbsp;mDelay
</UL>
<BR>[Called By]<UL><LI><a href="#[56]">&gt;&gt;</a>&nbsp;&nbsp;&nbsp;main
</UL>

<P><STRONG><a name="[eb]"></a>CalibrationMode</STRONG> (Thumb, 272 bytes, Stack size 24 bytes, calibrationmode.o(i.CalibrationMode))
<BR><BR>[Stack]<UL><LI>Max Depth = 4192 + Unknown Stack Size
<LI>Call Chain = CalibrationMode &rArr; WriteSystemParamTable &rArr; WriteParamSector &rArr; DataFlashDirectWriteData &rArr; WriteEnable &rArr; spi_write
</UL>
<BR>[Calls]<UL><LI><a href="#[e9]">&gt;&gt;</a>&nbsp;&nbsp;&nbsp;GPIO_ReadInputDataBit
<LI><a href="#[ed]">&gt;&gt;</a>&nbsp;&nbsp;&nbsp;WriteSystemParamTable
<LI><a href="#[ec]">&gt;&gt;</a>&nbsp;&nbsp;&nbsp;OnChipAudioPlay
<LI><a href="#[76]">&gt;&gt;</a>&nbsp;&nbsp;&nbsp;AmplifierEnable
<LI><a href="#[ea]">&gt;&gt;</a>&nbsp;&nbsp;&nbsp;mDelay
<LI><a href="#[6b]">&gt;&gt;</a>&nbsp;&nbsp;&nbsp;CalHalMaxSpeedCalibrate
</UL>
<BR>[Called By]<UL><LI><a href="#[56]">&gt;&gt;</a>&nbsp;&nbsp;&nbsp;main
</UL>

<P><STRONG><a name="[b8]"></a>ChangeProgeramCmdHandler</STRONG> (Thumb, 64 bytes, Stack size 32 bytes, bledatalayer.o(i.ChangeProgeramCmdHandler))
<BR><BR>[Stack]<UL><LI>Max Depth = 132<LI>Call Chain = ChangeProgeramCmdHandler &rArr; BleSendErrorPacket &rArr; BleSendOneFrame &rArr; BleComSendData &rArr; USART_ITConfig
</UL>
<BR>[Calls]<UL><LI><a href="#[ea]">&gt;&gt;</a>&nbsp;&nbsp;&nbsp;mDelay
<LI><a href="#[ef]">&gt;&gt;</a>&nbsp;&nbsp;&nbsp;SetBootData
<LI><a href="#[f0]">&gt;&gt;</a>&nbsp;&nbsp;&nbsp;IwdgInit
<LI><a href="#[ee]">&gt;&gt;</a>&nbsp;&nbsp;&nbsp;IsPasswordPassed
<LI><a href="#[dc]">&gt;&gt;</a>&nbsp;&nbsp;&nbsp;BleSendOneFrame
<LI><a href="#[dd]">&gt;&gt;</a>&nbsp;&nbsp;&nbsp;BleSendErrorPacket
</UL>
<BR>[Called By]<UL><LI><a href="#[b6]">&gt;&gt;</a>&nbsp;&nbsp;&nbsp;BleAnalysisMessageId
</UL>

<P><STRONG><a name="[8d]"></a>ChechAudioGuid</STRONG> (Thumb, 86 bytes, Stack size 48 bytes, audiofileconvert.o(i.ChechAudioGuid))
<BR><BR>[Stack]<UL><LI>Max Depth = 3612<LI>Call Chain = ChechAudioGuid &rArr; RSAPrivateDecrypt &rArr; rsaprivatefunc &rArr; NN_ModExp &rArr; NN_ModMult &rArr; NN_Mod &rArr; NN_Div &rArr; subdigitmult &rArr; dmult
</UL>
<BR>[Calls]<UL><LI><a href="#[f1]">&gt;&gt;</a>&nbsp;&nbsp;&nbsp;RSAPrivateDecrypt
</UL>
<BR>[Called By]<UL><LI><a href="#[8b]">&gt;&gt;</a>&nbsp;&nbsp;&nbsp;AudioFileConvert
</UL>

<P><STRONG><a name="[fe]"></a>CheckAllDataPositive</STRONG> (Thumb, 30 bytes, Stack size 0 bytes, engine.o(i.CheckAllDataPositive))
<BR><BR>[Called By]<UL><LI><a href="#[f8]">&gt;&gt;</a>&nbsp;&nbsp;&nbsp;CutAudioOneSpeed
</UL>

<P><STRONG><a name="[1b7]"></a>CheckBlockFree</STRONG> (Thumb, 46 bytes, Stack size 12 bytes, fs.o(i.CheckBlockFree))
<BR><BR>[Stack]<UL><LI>Max Depth = 12<LI>Call Chain = CheckBlockFree
</UL>
<BR>[Called By]<UL><LI><a href="#[71]">&gt;&gt;</a>&nbsp;&nbsp;&nbsp;SearchFreeBlock
</UL>

<P><STRONG><a name="[107]"></a>CheckEmpty</STRONG> (Thumb, 28 bytes, Stack size 0 bytes, spiflash.o(i.CheckEmpty))
<BR><BR>[Called By]<UL><LI><a href="#[72]">&gt;&gt;</a>&nbsp;&nbsp;&nbsp;DataFlashWriteData
</UL>

<P><STRONG><a name="[f2]"></a>CheckFsInformation</STRONG> (Thumb, 62 bytes, Stack size 24 bytes, fs.o(i.CheckFsInformation))
<BR><BR>[Stack]<UL><LI>Max Depth = 72<LI>Call Chain = CheckFsInformation &rArr; DataFlashReadData &rArr; WaitFlashFree &rArr; spi_write
</UL>
<BR>[Calls]<UL><LI><a href="#[7e]">&gt;&gt;</a>&nbsp;&nbsp;&nbsp;DataFlashReadData
</UL>
<BR>[Called By]<UL><LI><a href="#[15d]">&gt;&gt;</a>&nbsp;&nbsp;&nbsp;InitFs
</UL>

<P><STRONG><a name="[75]"></a>CheckOnChipAudioIsPlaying</STRONG> (Thumb, 6 bytes, Stack size 0 bytes, onchipaudio.o(i.CheckOnChipAudioIsPlaying))
<BR><BR>[Called By]<UL><LI><a href="#[ec]">&gt;&gt;</a>&nbsp;&nbsp;&nbsp;OnChipAudioPlay
<LI><a href="#[ac]">&gt;&gt;</a>&nbsp;&nbsp;&nbsp;GetOnChipAudioData
<LI><a href="#[74]">&gt;&gt;</a>&nbsp;&nbsp;&nbsp;AmplifierControlHandler
</UL>

<P><STRONG><a name="[f3]"></a>CheckOneFileWhole</STRONG> (Thumb, 42 bytes, Stack size 16 bytes, fs.o(i.CheckOneFileWhole))
<BR><BR>[Stack]<UL><LI>Max Depth = 64<LI>Call Chain = CheckOneFileWhole &rArr; DataFlashReadData &rArr; WaitFlashFree &rArr; spi_write
</UL>
<BR>[Calls]<UL><LI><a href="#[7e]">&gt;&gt;</a>&nbsp;&nbsp;&nbsp;DataFlashReadData
</UL>
<BR>[Called By]<UL><LI><a href="#[1b1]">&gt;&gt;</a>&nbsp;&nbsp;&nbsp;TryRecoverOneAudioFile
</UL>

<P><STRONG><a name="[15c]"></a>CheckParamBuff</STRONG> (Thumb, 52 bytes, Stack size 40 bytes, param.o(i.CheckParamBuff))
<BR><BR>[Stack]<UL><LI>Max Depth = 40<LI>Call Chain = CheckParamBuff
</UL>
<BR>[Called By]<UL><LI><a href="#[7f]">&gt;&gt;</a>&nbsp;&nbsp;&nbsp;InitBuffParam
</UL>

<P><STRONG><a name="[f4]"></a>CheckParamIndex</STRONG> (Thumb, 66 bytes, Stack size 48 bytes, param.o(i.CheckParamIndex))
<BR><BR>[Stack]<UL><LI>Max Depth = 48<LI>Call Chain = CheckParamIndex
</UL>
<BR>[Calls]<UL><LI><a href="#[60]">&gt;&gt;</a>&nbsp;&nbsp;&nbsp;__aeabi_memcpy
</UL>
<BR>[Called By]<UL><LI><a href="#[1bb]">&gt;&gt;</a>&nbsp;&nbsp;&nbsp;SetOneSystemParam
<LI><a href="#[86]">&gt;&gt;</a>&nbsp;&nbsp;&nbsp;InitOneParam
<LI><a href="#[1bc]">&gt;&gt;</a>&nbsp;&nbsp;&nbsp;SetOneVehicleParam
</UL>

<P><STRONG><a name="[1be]"></a>CheckPasswordValid</STRONG> (Thumb, 32 bytes, Stack size 0 bytes, password.o(i.CheckPasswordValid))
<BR><BR>[Called By]<UL><LI><a href="#[1bd]">&gt;&gt;</a>&nbsp;&nbsp;&nbsp;SetPassword
</UL>

<P><STRONG><a name="[f5]"></a>CheckSoundBlockData</STRONG> (Thumb, 244 bytes, Stack size 40 bytes, downloader.o(i.CheckSoundBlockData))
<BR><BR>[Stack]<UL><LI>Max Depth = 4312<LI>Call Chain = CheckSoundBlockData &rArr; DataFlashWriteData &rArr; FlashWriteCheck &rArr; DataFlashReadData &rArr; WaitFlashFree &rArr; spi_write
</UL>
<BR>[Calls]<UL><LI><a href="#[72]">&gt;&gt;</a>&nbsp;&nbsp;&nbsp;DataFlashWriteData
<LI><a href="#[ae]">&gt;&gt;</a>&nbsp;&nbsp;&nbsp;GetSystemTime
</UL>
<BR>[Called By]<UL><LI><a href="#[c5]">&gt;&gt;</a>&nbsp;&nbsp;&nbsp;CheckSoundBlockDataCmdHandler
</UL>

<P><STRONG><a name="[c5]"></a>CheckSoundBlockDataCmdHandler</STRONG> (Thumb, 122 bytes, Stack size 48 bytes, bledatalayer.o(i.CheckSoundBlockDataCmdHandler))
<BR><BR>[Stack]<UL><LI>Max Depth = 4360<LI>Call Chain = CheckSoundBlockDataCmdHandler &rArr; CheckSoundBlockData &rArr; DataFlashWriteData &rArr; FlashWriteCheck &rArr; DataFlashReadData &rArr; WaitFlashFree &rArr; spi_write
</UL>
<BR>[Calls]<UL><LI><a href="#[ee]">&gt;&gt;</a>&nbsp;&nbsp;&nbsp;IsPasswordPassed
<LI><a href="#[f5]">&gt;&gt;</a>&nbsp;&nbsp;&nbsp;CheckSoundBlockData
<LI><a href="#[dc]">&gt;&gt;</a>&nbsp;&nbsp;&nbsp;BleSendOneFrame
<LI><a href="#[dd]">&gt;&gt;</a>&nbsp;&nbsp;&nbsp;BleSendErrorPacket
</UL>
<BR>[Called By]<UL><LI><a href="#[b6]">&gt;&gt;</a>&nbsp;&nbsp;&nbsp;BleAnalysisMessageId
</UL>

<P><STRONG><a name="[106]"></a>ClearSpiRxFifo</STRONG> (Thumb, 18 bytes, Stack size 0 bytes, spiflash.o(i.ClearSpiRxFifo))
<BR><BR>[Called By]<UL><LI><a href="#[7e]">&gt;&gt;</a>&nbsp;&nbsp;&nbsp;DataFlashReadData
<LI><a href="#[de]">&gt;&gt;</a>&nbsp;&nbsp;&nbsp;WaitFlashFree
</UL>

<P><STRONG><a name="[84]"></a>ClearSystemError</STRONG> (Thumb, 98 bytes, Stack size 8 bytes, systemerror.o(i.ClearSystemError))
<BR><BR>[Stack]<UL><LI>Max Depth = 8<LI>Call Chain = ClearSystemError
</UL>
<BR>[Calls]<UL><LI><a href="#[f6]">&gt;&gt;</a>&nbsp;&nbsp;&nbsp;GetTheMostSeriousError
</UL>
<BR>[Called By]<UL><LI><a href="#[7c]">&gt;&gt;</a>&nbsp;&nbsp;&nbsp;AnalyzeEngineFile
</UL>

<P><STRONG><a name="[114]"></a>ConfuseWav_16bit</STRONG> (Thumb, 28 bytes, Stack size 0 bytes, tea.o(i.ConfuseWav_16bit))
<BR><BR>[Called By]<UL><LI><a href="#[92]">&gt;&gt;</a>&nbsp;&nbsp;&nbsp;DecryptionConvertMp3
</UL>

<P><STRONG><a name="[90]"></a>CreateEmptyFile</STRONG> (Thumb, 200 bytes, Stack size 48 bytes, fs.o(i.CreateEmptyFile))
<BR><BR>[Stack]<UL><LI>Max Depth = 4320<LI>Call Chain = CreateEmptyFile &rArr; DataFlashWriteData &rArr; FlashWriteCheck &rArr; DataFlashReadData &rArr; WaitFlashFree &rArr; spi_write
</UL>
<BR>[Calls]<UL><LI><a href="#[f7]">&gt;&gt;</a>&nbsp;&nbsp;&nbsp;SectorErase
<LI><a href="#[72]">&gt;&gt;</a>&nbsp;&nbsp;&nbsp;DataFlashWriteData
<LI><a href="#[7e]">&gt;&gt;</a>&nbsp;&nbsp;&nbsp;DataFlashReadData
</UL>
<BR>[Called By]<UL><LI><a href="#[8b]">&gt;&gt;</a>&nbsp;&nbsp;&nbsp;AudioFileConvert
</UL>

<P><STRONG><a name="[140]"></a>CutAudioFileStartStop</STRONG> (Thumb, 24 bytes, Stack size 0 bytes, engine.o(i.CutAudioFileStartStop))
<BR><BR>[Called By]<UL><LI><a href="#[81]">&gt;&gt;</a>&nbsp;&nbsp;&nbsp;GetEngineInfo
</UL>

<P><STRONG><a name="[f8]"></a>CutAudioOneSpeed</STRONG> (Thumb, 216 bytes, Stack size 4632 bytes, engine.o(i.CutAudioOneSpeed))
<BR><BR>[Stack]<UL><LI>Max Depth = 4720<LI>Call Chain = CutAudioOneSpeed &rArr; ReadFile &rArr; DataFlashReadData &rArr; WaitFlashFree &rArr; spi_write
</UL>
<BR>[Calls]<UL><LI><a href="#[f9]">&gt;&gt;</a>&nbsp;&nbsp;&nbsp;ReadFile
<LI><a href="#[fa]">&gt;&gt;</a>&nbsp;&nbsp;&nbsp;DeconfuseWav_16bit
<LI><a href="#[fb]">&gt;&gt;</a>&nbsp;&nbsp;&nbsp;IsCrossZero
<LI><a href="#[fc]">&gt;&gt;</a>&nbsp;&nbsp;&nbsp;GetPositiveCrossZero
<LI><a href="#[fd]">&gt;&gt;</a>&nbsp;&nbsp;&nbsp;GetNegativeCrossZero
<LI><a href="#[ff]">&gt;&gt;</a>&nbsp;&nbsp;&nbsp;GetMinPositive
<LI><a href="#[100]">&gt;&gt;</a>&nbsp;&nbsp;&nbsp;GetMaxNegative
<LI><a href="#[101]">&gt;&gt;</a>&nbsp;&nbsp;&nbsp;FindTailPoint
<LI><a href="#[fe]">&gt;&gt;</a>&nbsp;&nbsp;&nbsp;CheckAllDataPositive
<LI><a href="#[60]">&gt;&gt;</a>&nbsp;&nbsp;&nbsp;__aeabi_memcpy
</UL>
<BR>[Called By]<UL><LI><a href="#[81]">&gt;&gt;</a>&nbsp;&nbsp;&nbsp;GetEngineInfo
</UL>

<P><STRONG><a name="[a9]"></a>DAC_Cmd</STRONG> (Thumb, 34 bytes, Stack size 0 bytes, stm32f10x_dac.o(i.DAC_Cmd))
<BR><BR>[Called By]<UL><LI><a href="#[9e]">&gt;&gt;</a>&nbsp;&nbsp;&nbsp;AudioOutHwConfig
</UL>

<P><STRONG><a name="[a8]"></a>DAC_Init</STRONG> (Thumb, 46 bytes, Stack size 12 bytes, stm32f10x_dac.o(i.DAC_Init))
<BR><BR>[Stack]<UL><LI>Max Depth = 12<LI>Call Chain = DAC_Init
</UL>
<BR>[Called By]<UL><LI><a href="#[9e]">&gt;&gt;</a>&nbsp;&nbsp;&nbsp;AudioOutHwConfig
</UL>

<P><STRONG><a name="[9d]"></a>DAC_SetChannel2Data</STRONG> (Thumb, 10 bytes, Stack size 0 bytes, stm32f10x_dac.o(i.DAC_SetChannel2Data))
<BR><BR>[Called By]<UL><LI><a href="#[182]">&gt;&gt;</a>&nbsp;&nbsp;&nbsp;StopAuidoPlay
<LI><a href="#[aa]">&gt;&gt;</a>&nbsp;&nbsp;&nbsp;AudioOutTimerIntHandler
<LI><a href="#[9a]">&gt;&gt;</a>&nbsp;&nbsp;&nbsp;AudioOutDac
</UL>

<P><STRONG><a name="[a7]"></a>DAC_StructInit</STRONG> (Thumb, 12 bytes, Stack size 0 bytes, stm32f10x_dac.o(i.DAC_StructInit))
<BR><BR>[Called By]<UL><LI><a href="#[9e]">&gt;&gt;</a>&nbsp;&nbsp;&nbsp;AudioOutHwConfig
</UL>

<P><STRONG><a name="[18]"></a>DMA1_Channel1_IRQHandler</STRONG> (Thumb, 2 bytes, Stack size 0 bytes, stm32f10x_it.o(i.DMA1_Channel1_IRQHandler))
<BR>[Address Reference Count : 1]<UL><LI> stm32f10x_vector.o(RESET)
</UL>
<P><STRONG><a name="[19]"></a>DMA1_Channel2_IRQHandler</STRONG> (Thumb, 2 bytes, Stack size 0 bytes, stm32f10x_it.o(i.DMA1_Channel2_IRQHandler))
<BR>[Address Reference Count : 1]<UL><LI> stm32f10x_vector.o(RESET)
</UL>
<P><STRONG><a name="[1a]"></a>DMA1_Channel3_IRQHandler</STRONG> (Thumb, 2 bytes, Stack size 0 bytes, stm32f10x_it.o(i.DMA1_Channel3_IRQHandler))
<BR>[Address Reference Count : 1]<UL><LI> stm32f10x_vector.o(RESET)
</UL>
<P><STRONG><a name="[1b]"></a>DMA1_Channel4_IRQHandler</STRONG> (Thumb, 2 bytes, Stack size 0 bytes, stm32f10x_it.o(i.DMA1_Channel4_IRQHandler))
<BR>[Address Reference Count : 1]<UL><LI> stm32f10x_vector.o(RESET)
</UL>
<P><STRONG><a name="[1c]"></a>DMA1_Channel5_IRQHandler</STRONG> (Thumb, 2 bytes, Stack size 0 bytes, stm32f10x_it.o(i.DMA1_Channel5_IRQHandler))
<BR>[Address Reference Count : 1]<UL><LI> stm32f10x_vector.o(RESET)
</UL>
<P><STRONG><a name="[1d]"></a>DMA1_Channel6_IRQHandler</STRONG> (Thumb, 2 bytes, Stack size 0 bytes, stm32f10x_it.o(i.DMA1_Channel6_IRQHandler))
<BR>[Address Reference Count : 1]<UL><LI> stm32f10x_vector.o(RESET)
</UL>
<P><STRONG><a name="[1e]"></a>DMA1_Channel7_IRQHandler</STRONG> (Thumb, 2 bytes, Stack size 0 bytes, stm32f10x_it.o(i.DMA1_Channel7_IRQHandler))
<BR>[Address Reference Count : 1]<UL><LI> stm32f10x_vector.o(RESET)
</UL>
<P><STRONG><a name="[45]"></a>DMA2_Channel1_IRQHandler</STRONG> (Thumb, 2 bytes, Stack size 0 bytes, stm32f10x_it.o(i.DMA2_Channel1_IRQHandler))
<BR>[Address Reference Count : 1]<UL><LI> stm32f10x_vector.o(RESET)
</UL>
<P><STRONG><a name="[46]"></a>DMA2_Channel2_IRQHandler</STRONG> (Thumb, 2 bytes, Stack size 0 bytes, stm32f10x_it.o(i.DMA2_Channel2_IRQHandler))
<BR>[Address Reference Count : 1]<UL><LI> stm32f10x_vector.o(RESET)
</UL>
<P><STRONG><a name="[47]"></a>DMA2_Channel3_IRQHandler</STRONG> (Thumb, 2 bytes, Stack size 0 bytes, stm32f10x_it.o(i.DMA2_Channel3_IRQHandler))
<BR>[Address Reference Count : 1]<UL><LI> stm32f10x_vector.o(RESET)
</UL>
<P><STRONG><a name="[48]"></a>DMA2_Channel4_5_IRQHandler</STRONG> (Thumb, 2 bytes, Stack size 0 bytes, stm32f10x_it.o(i.DMA2_Channel4_5_IRQHandler))
<BR>[Address Reference Count : 1]<UL><LI> stm32f10x_vector.o(RESET)
</UL>
<P><STRONG><a name="[105]"></a>DMA_ClearFlag</STRONG> (Thumb, 18 bytes, Stack size 0 bytes, stm32f10x_dma.o(i.DMA_ClearFlag))
<BR><BR>[Called By]<UL><LI><a href="#[7e]">&gt;&gt;</a>&nbsp;&nbsp;&nbsp;DataFlashReadData
<LI><a href="#[102]">&gt;&gt;</a>&nbsp;&nbsp;&nbsp;DataFlashDirectWriteData
</UL>

<P><STRONG><a name="[103]"></a>DMA_Cmd</STRONG> (Thumb, 22 bytes, Stack size 0 bytes, stm32f10x_dma.o(i.DMA_Cmd))
<BR><BR>[Called By]<UL><LI><a href="#[7e]">&gt;&gt;</a>&nbsp;&nbsp;&nbsp;DataFlashReadData
<LI><a href="#[102]">&gt;&gt;</a>&nbsp;&nbsp;&nbsp;DataFlashDirectWriteData
<LI><a href="#[129]">&gt;&gt;</a>&nbsp;&nbsp;&nbsp;EvMotorSpeedHwInit
</UL>

<P><STRONG><a name="[12b]"></a>DMA_DeInit</STRONG> (Thumb, 306 bytes, Stack size 0 bytes, stm32f10x_dma.o(i.DMA_DeInit))
<BR><BR>[Called By]<UL><LI><a href="#[159]">&gt;&gt;</a>&nbsp;&nbsp;&nbsp;SpiFlashHwInit
<LI><a href="#[129]">&gt;&gt;</a>&nbsp;&nbsp;&nbsp;EvMotorSpeedHwInit
</UL>

<P><STRONG><a name="[104]"></a>DMA_GetFlagStatus</STRONG> (Thumb, 36 bytes, Stack size 0 bytes, stm32f10x_dma.o(i.DMA_GetFlagStatus))
<BR><BR>[Called By]<UL><LI><a href="#[7e]">&gt;&gt;</a>&nbsp;&nbsp;&nbsp;DataFlashReadData
<LI><a href="#[102]">&gt;&gt;</a>&nbsp;&nbsp;&nbsp;DataFlashDirectWriteData
</UL>

<P><STRONG><a name="[12d]"></a>DMA_Init</STRONG> (Thumb, 60 bytes, Stack size 8 bytes, stm32f10x_dma.o(i.DMA_Init))
<BR><BR>[Stack]<UL><LI>Max Depth = 8<LI>Call Chain = DMA_Init
</UL>
<BR>[Called By]<UL><LI><a href="#[159]">&gt;&gt;</a>&nbsp;&nbsp;&nbsp;SpiFlashHwInit
<LI><a href="#[129]">&gt;&gt;</a>&nbsp;&nbsp;&nbsp;EvMotorSpeedHwInit
</UL>

<P><STRONG><a name="[12c]"></a>DMA_StructInit</STRONG> (Thumb, 26 bytes, Stack size 0 bytes, stm32f10x_dma.o(i.DMA_StructInit))
<BR><BR>[Called By]<UL><LI><a href="#[159]">&gt;&gt;</a>&nbsp;&nbsp;&nbsp;SpiFlashHwInit
<LI><a href="#[129]">&gt;&gt;</a>&nbsp;&nbsp;&nbsp;EvMotorSpeedHwInit
</UL>

<P><STRONG><a name="[102]"></a>DataFlashDirectWriteData</STRONG> (Thumb, 178 bytes, Stack size 24 bytes, spiflash.o(i.DataFlashDirectWriteData))
<BR><BR>[Stack]<UL><LI>Max Depth = 48<LI>Call Chain = DataFlashDirectWriteData &rArr; WriteEnable &rArr; spi_write
</UL>
<BR>[Calls]<UL><LI><a href="#[79]">&gt;&gt;</a>&nbsp;&nbsp;&nbsp;GPIO_SetBits
<LI><a href="#[78]">&gt;&gt;</a>&nbsp;&nbsp;&nbsp;GPIO_ResetBits
<LI><a href="#[104]">&gt;&gt;</a>&nbsp;&nbsp;&nbsp;DMA_GetFlagStatus
<LI><a href="#[103]">&gt;&gt;</a>&nbsp;&nbsp;&nbsp;DMA_Cmd
<LI><a href="#[105]">&gt;&gt;</a>&nbsp;&nbsp;&nbsp;DMA_ClearFlag
<LI><a href="#[e0]">&gt;&gt;</a>&nbsp;&nbsp;&nbsp;spi_write
<LI><a href="#[df]">&gt;&gt;</a>&nbsp;&nbsp;&nbsp;WriteEnable
<LI><a href="#[de]">&gt;&gt;</a>&nbsp;&nbsp;&nbsp;WaitFlashFree
</UL>
<BR>[Called By]<UL><LI><a href="#[72]">&gt;&gt;</a>&nbsp;&nbsp;&nbsp;DataFlashWriteData
<LI><a href="#[1ce]">&gt;&gt;</a>&nbsp;&nbsp;&nbsp;WriteParamSector
</UL>

<P><STRONG><a name="[7e]"></a>DataFlashReadData</STRONG> (Thumb, 208 bytes, Stack size 24 bytes, spiflash.o(i.DataFlashReadData))
<BR><BR>[Stack]<UL><LI>Max Depth = 48<LI>Call Chain = DataFlashReadData &rArr; WaitFlashFree &rArr; spi_write
</UL>
<BR>[Calls]<UL><LI><a href="#[79]">&gt;&gt;</a>&nbsp;&nbsp;&nbsp;GPIO_SetBits
<LI><a href="#[78]">&gt;&gt;</a>&nbsp;&nbsp;&nbsp;GPIO_ResetBits
<LI><a href="#[104]">&gt;&gt;</a>&nbsp;&nbsp;&nbsp;DMA_GetFlagStatus
<LI><a href="#[103]">&gt;&gt;</a>&nbsp;&nbsp;&nbsp;DMA_Cmd
<LI><a href="#[105]">&gt;&gt;</a>&nbsp;&nbsp;&nbsp;DMA_ClearFlag
<LI><a href="#[e0]">&gt;&gt;</a>&nbsp;&nbsp;&nbsp;spi_write
<LI><a href="#[de]">&gt;&gt;</a>&nbsp;&nbsp;&nbsp;WaitFlashFree
<LI><a href="#[106]">&gt;&gt;</a>&nbsp;&nbsp;&nbsp;ClearSpiRxFifo
</UL>
<BR>[Called By]<UL><LI><a href="#[7b]">&gt;&gt;</a>&nbsp;&nbsp;&nbsp;AnalyzeMixerConfig
<LI><a href="#[88]">&gt;&gt;</a>&nbsp;&nbsp;&nbsp;AnalyzeSystemConfig
<LI><a href="#[7d]">&gt;&gt;</a>&nbsp;&nbsp;&nbsp;AnalyzeDeviceConfig
<LI><a href="#[72]">&gt;&gt;</a>&nbsp;&nbsp;&nbsp;DataFlashWriteData
<LI><a href="#[93]">&gt;&gt;</a>&nbsp;&nbsp;&nbsp;WriteFile
<LI><a href="#[95]">&gt;&gt;</a>&nbsp;&nbsp;&nbsp;InitFile
<LI><a href="#[139]">&gt;&gt;</a>&nbsp;&nbsp;&nbsp;GetFsInfo
<LI><a href="#[115]">&gt;&gt;</a>&nbsp;&nbsp;&nbsp;DeleteFile
<LI><a href="#[90]">&gt;&gt;</a>&nbsp;&nbsp;&nbsp;CreateEmptyFile
<LI><a href="#[f3]">&gt;&gt;</a>&nbsp;&nbsp;&nbsp;CheckOneFileWhole
<LI><a href="#[f2]">&gt;&gt;</a>&nbsp;&nbsp;&nbsp;CheckFsInformation
<LI><a href="#[f9]">&gt;&gt;</a>&nbsp;&nbsp;&nbsp;ReadFile
<LI><a href="#[108]">&gt;&gt;</a>&nbsp;&nbsp;&nbsp;FlashWriteCheck
<LI><a href="#[112]">&gt;&gt;</a>&nbsp;&nbsp;&nbsp;Mp3Read
<LI><a href="#[1d1]">&gt;&gt;</a>&nbsp;&nbsp;&nbsp;WriteSoundStart
<LI><a href="#[1d0]">&gt;&gt;</a>&nbsp;&nbsp;&nbsp;WriteSoundFinish
<LI><a href="#[143]">&gt;&gt;</a>&nbsp;&nbsp;&nbsp;GetNextSoundBlockIndex
<LI><a href="#[c1]">&gt;&gt;</a>&nbsp;&nbsp;&nbsp;ReadSoundNameCmdHandler
<LI><a href="#[c0]">&gt;&gt;</a>&nbsp;&nbsp;&nbsp;ReadSoundGuidCmdHandler
<LI><a href="#[92]">&gt;&gt;</a>&nbsp;&nbsp;&nbsp;DecryptionConvertMp3
<LI><a href="#[8b]">&gt;&gt;</a>&nbsp;&nbsp;&nbsp;AudioFileConvert
</UL>

<P><STRONG><a name="[72]"></a>DataFlashWriteData</STRONG> (Thumb, 166 bytes, Stack size 4200 bytes, spiflash.o(i.DataFlashWriteData))
<BR><BR>[Stack]<UL><LI>Max Depth = 4272<LI>Call Chain = DataFlashWriteData &rArr; FlashWriteCheck &rArr; DataFlashReadData &rArr; WaitFlashFree &rArr; spi_write
</UL>
<BR>[Calls]<UL><LI><a href="#[f7]">&gt;&gt;</a>&nbsp;&nbsp;&nbsp;SectorErase
<LI><a href="#[7e]">&gt;&gt;</a>&nbsp;&nbsp;&nbsp;DataFlashReadData
<LI><a href="#[102]">&gt;&gt;</a>&nbsp;&nbsp;&nbsp;DataFlashDirectWriteData
<LI><a href="#[108]">&gt;&gt;</a>&nbsp;&nbsp;&nbsp;FlashWriteCheck
<LI><a href="#[107]">&gt;&gt;</a>&nbsp;&nbsp;&nbsp;CheckEmpty
</UL>
[...]
<BR><BR>[Stack]<UL><LI>Max Depth = 140<LI>Call Chain = xmp3fixpt_IntensityProcMPEG1 &rArr; MULSHIFT32
</UL>
<BR>[Calls]<UL><LI><a href="#[1e9]">&gt;&gt;</a>&nbsp;&nbsp;&nbsp;MULSHIFT32
<LI><a href="#[1ea]">&gt;&gt;</a>&nbsp;&nbsp;&nbsp;FASTABS
</UL>
<BR>[Called By]<UL><LI><a href="#[176]">&gt;&gt;</a>&nbsp;&nbsp;&nbsp;xmp3fixpt_Dequantize
</UL>

<P><STRONG><a name="[1e4]"></a>xmp3fixpt_IntensityProcMPEG2</STRONG> (Thumb, 706 bytes, Stack size 216 bytes, stproc.o(i.xmp3fixpt_IntensityProcMPEG2))
<BR><BR>[Stack]<UL><LI>Max Depth = 228<LI>Call Chain = xmp3fixpt_IntensityProcMPEG2 &rArr; MULSHIFT32
</UL>
<BR>[Calls]<UL><LI><a href="#[1e9]">&gt;&gt;</a>&nbsp;&nbsp;&nbsp;MULSHIFT32
<LI><a href="#[1ea]">&gt;&gt;</a>&nbsp;&nbsp;&nbsp;FASTABS
</UL>
<BR>[Called By]<UL><LI><a href="#[176]">&gt;&gt;</a>&nbsp;&nbsp;&nbsp;xmp3fixpt_Dequantize
</UL>

<P><STRONG><a name="[1e2]"></a>xmp3fixpt_MidSideProc</STRONG> (Thumb, 106 bytes, Stack size 40 bytes, stproc.o(i.xmp3fixpt_MidSideProc))
<BR><BR>[Stack]<UL><LI>Max Depth = 40<LI>Call Chain = xmp3fixpt_MidSideProc
</UL>
<BR>[Calls]<UL><LI><a href="#[1ea]">&gt;&gt;</a>&nbsp;&nbsp;&nbsp;FASTABS
</UL>
<BR>[Called By]<UL><LI><a href="#[176]">&gt;&gt;</a>&nbsp;&nbsp;&nbsp;xmp3fixpt_Dequantize
</UL>

<P><STRONG><a name="[1eb]"></a>xmp3fixpt_PolyphaseMono</STRONG> (Thumb, 1606 bytes, Stack size 80 bytes, polyphase.o(i.xmp3fixpt_PolyphaseMono))
<BR><BR>[Stack]<UL><LI>Max Depth = 96<LI>Call Chain = xmp3fixpt_PolyphaseMono &rArr; SAR64
</UL>
<BR>[Calls]<UL><LI><a href="#[1b5]">&gt;&gt;</a>&nbsp;&nbsp;&nbsp;SAR64
<LI><a href="#[1ec]">&gt;&gt;</a>&nbsp;&nbsp;&nbsp;MADD64
<LI><a href="#[1ed]">&gt;&gt;</a>&nbsp;&nbsp;&nbsp;ClipToShort
</UL>
<BR>[Called By]<UL><LI><a href="#[178]">&gt;&gt;</a>&nbsp;&nbsp;&nbsp;xmp3fixpt_Subband
</UL>

<P><STRONG><a name="[1ee]"></a>xmp3fixpt_PolyphaseStereo</STRONG> (Thumb, 2936 bytes, Stack size 96 bytes, polyphase.o(i.xmp3fixpt_PolyphaseStereo))
<BR><BR>[Stack]<UL><LI>Max Depth = 112<LI>Call Chain = xmp3fixpt_PolyphaseStereo &rArr; SAR64
</UL>
<BR>[Calls]<UL><LI><a href="#[1b5]">&gt;&gt;</a>&nbsp;&nbsp;&nbsp;SAR64
<LI><a href="#[1ec]">&gt;&gt;</a>&nbsp;&nbsp;&nbsp;MADD64
<LI><a href="#[1ed]">&gt;&gt;</a>&nbsp;&nbsp;&nbsp;ClipToShort
</UL>
<BR>[Called By]<UL><LI><a href="#[178]">&gt;&gt;</a>&nbsp;&nbsp;&nbsp;xmp3fixpt_Subband
</UL>

<P><STRONG><a name="[1ef]"></a>xmp3fixpt_SetBitstreamPointer</STRONG> (Thumb, 12 bytes, Stack size 0 bytes, bitstream.o(i.xmp3fixpt_SetBitstreamPointer))
<BR><BR>[Called By]<UL><LI><a href="#[16f]">&gt;&gt;</a>&nbsp;&nbsp;&nbsp;xmp3fixpt_UnpackSideInfo
<LI><a href="#[174]">&gt;&gt;</a>&nbsp;&nbsp;&nbsp;xmp3fixpt_UnpackScaleFactors
</UL>

<P><STRONG><a name="[178]"></a>xmp3fixpt_Subband</STRONG> (Thumb, 276 bytes, Stack size 32 bytes, subband.o(i.xmp3fixpt_Subband))
<BR><BR>[Stack]<UL><LI>Max Depth = 164<LI>Call Chain = xmp3fixpt_Subband &rArr; xmp3fixpt_FDCT32 &rArr; MULSHIFT32
</UL>
<BR>[Calls]<UL><LI><a href="#[1e6]">&gt;&gt;</a>&nbsp;&nbsp;&nbsp;xmp3fixpt_FDCT32
<LI><a href="#[1ee]">&gt;&gt;</a>&nbsp;&nbsp;&nbsp;xmp3fixpt_PolyphaseStereo
<LI><a href="#[1eb]">&gt;&gt;</a>&nbsp;&nbsp;&nbsp;xmp3fixpt_PolyphaseMono
</UL>
<BR>[Called By]<UL><LI><a href="#[10b]">&gt;&gt;</a>&nbsp;&nbsp;&nbsp;MP3Decode
</UL>

<P><STRONG><a name="[16e]"></a>xmp3fixpt_UnpackFrameHeader</STRONG> (Thumb, 474 bytes, Stack size 16 bytes, bitstream.o(i.xmp3fixpt_UnpackFrameHeader))
<BR><BR>[Stack]<UL><LI>Max Depth = 16<LI>Call Chain = xmp3fixpt_UnpackFrameHeader
</UL>
<BR>[Called By]<UL><LI><a href="#[10b]">&gt;&gt;</a>&nbsp;&nbsp;&nbsp;MP3Decode
</UL>

<P><STRONG><a name="[174]"></a>xmp3fixpt_UnpackScaleFactors</STRONG> (Thumb, 296 bytes, Stack size 96 bytes, scalfact.o(i.xmp3fixpt_UnpackScaleFactors))
<BR><BR>[Stack]<UL><LI>Max Depth = 224<LI>Call Chain = xmp3fixpt_UnpackScaleFactors &rArr; UnpackSFMPEG2 &rArr; xmp3fixpt_GetBits
</UL>
<BR>[Calls]<UL><LI><a href="#[1ef]">&gt;&gt;</a>&nbsp;&nbsp;&nbsp;xmp3fixpt_SetBitstreamPointer
<LI><a href="#[1ca]">&gt;&gt;</a>&nbsp;&nbsp;&nbsp;xmp3fixpt_GetBits
<LI><a href="#[1f0]">&gt;&gt;</a>&nbsp;&nbsp;&nbsp;xmp3fixpt_CalcBitsUsed
<LI><a href="#[1cb]">&gt;&gt;</a>&nbsp;&nbsp;&nbsp;UnpackSFMPEG2
<LI><a href="#[1c9]">&gt;&gt;</a>&nbsp;&nbsp;&nbsp;UnpackSFMPEG1
</UL>
<BR>[Called By]<UL><LI><a href="#[10b]">&gt;&gt;</a>&nbsp;&nbsp;&nbsp;MP3Decode
</UL>

<P><STRONG><a name="[16f]"></a>xmp3fixpt_UnpackSideInfo</STRONG> (Thumb, 556 bytes, Stack size 64 bytes, bitstream.o(i.xmp3fixpt_UnpackSideInfo))
<BR><BR>[Stack]<UL><LI>Max Depth = 88<LI>Call Chain = xmp3fixpt_UnpackSideInfo &rArr; xmp3fixpt_GetBits
</UL>
<BR>[Calls]<UL><LI><a href="#[1ef]">&gt;&gt;</a>&nbsp;&nbsp;&nbsp;xmp3fixpt_SetBitstreamPointer
<LI><a href="#[1ca]">&gt;&gt;</a>&nbsp;&nbsp;&nbsp;xmp3fixpt_GetBits
</UL>
<BR>[Called By]<UL><LI><a href="#[10b]">&gt;&gt;</a>&nbsp;&nbsp;&nbsp;MP3Decode
</UL>
<P>
<H3>
Local Symbols
</H3>
<P><STRONG><a name="[163]"></a>OneKeyHandler</STRONG> (Thumb, 142 bytes, Stack size 0 bytes, key.o(i.OneKeyHandler))
<BR><BR>[Called By]<UL><LI><a href="#[162]">&gt;&gt;</a>&nbsp;&nbsp;&nbsp;KeyStatusHandler
</UL>

<P><STRONG><a name="[110]"></a>Mp3ReadId3V2Tag</STRONG> (Thumb, 426 bytes, Stack size 88 bytes, mp3convert.o(i.Mp3ReadId3V2Tag))
<BR><BR>[Stack]<UL><LI>Max Depth = 136<LI>Call Chain = Mp3ReadId3V2Tag &rArr; Mp3ReadId3V2Text &rArr; Mp3HeadRead
</UL>
<BR>[Calls]<UL><LI><a href="#[18a]">&gt;&gt;</a>&nbsp;&nbsp;&nbsp;Mp3HeadSeek
<LI><a href="#[189]">&gt;&gt;</a>&nbsp;&nbsp;&nbsp;Mp3HeadRead
<LI><a href="#[18d]">&gt;&gt;</a>&nbsp;&nbsp;&nbsp;Mp3ReadId3V2Text
<LI><a href="#[18c]">&gt;&gt;</a>&nbsp;&nbsp;&nbsp;strcmp
<LI><a href="#[18b]">&gt;&gt;</a>&nbsp;&nbsp;&nbsp;strncmp
</UL>
<BR>[Called By]<UL><LI><a href="#[92]">&gt;&gt;</a>&nbsp;&nbsp;&nbsp;DecryptionConvertMp3
</UL>

<P><STRONG><a name="[18d]"></a>Mp3ReadId3V2Text</STRONG> (Thumb, 150 bytes, Stack size 24 bytes, mp3convert.o(i.Mp3ReadId3V2Text))
<BR><BR>[Stack]<UL><LI>Max Depth = 48<LI>Call Chain = Mp3ReadId3V2Text &rArr; Mp3HeadRead
</UL>
<BR>[Calls]<UL><LI><a href="#[18a]">&gt;&gt;</a>&nbsp;&nbsp;&nbsp;Mp3HeadSeek
<LI><a href="#[189]">&gt;&gt;</a>&nbsp;&nbsp;&nbsp;Mp3HeadRead
</UL>
<BR>[Called By]<UL><LI><a href="#[110]">&gt;&gt;</a>&nbsp;&nbsp;&nbsp;Mp3ReadId3V2Tag
</UL>

<P><STRONG><a name="[16c]"></a>Decode</STRONG> (Thumb, 50 bytes, Stack size 16 bytes, md5c.o(i.Decode))
<BR><BR>[Stack]<UL><LI>Max Depth = 16<LI>Call Chain = Decode
</UL>
<BR>[Called By]<UL><LI><a href="#[16b]">&gt;&gt;</a>&nbsp;&nbsp;&nbsp;MD5Transform
</UL>

<P><STRONG><a name="[169]"></a>Encode</STRONG> (Thumb, 62 bytes, Stack size 16 bytes, md5c.o(i.Encode))
<BR><BR>[Stack]<UL><LI>Max Depth = 16<LI>Call Chain = Encode
</UL>
<BR>[Called By]<UL><LI><a href="#[b1]">&gt;&gt;</a>&nbsp;&nbsp;&nbsp;MD5Final
</UL>

<P><STRONG><a name="[16b]"></a>MD5Transform</STRONG> (Thumb, 1908 bytes, Stack size 96 bytes, md5c.o(i.MD5Transform))
<BR><BR>[Stack]<UL><LI>Max Depth = 112<LI>Call Chain = MD5Transform &rArr; Decode
</UL>
<BR>[Calls]<UL><LI><a href="#[16a]">&gt;&gt;</a>&nbsp;&nbsp;&nbsp;R_memset
<LI><a href="#[16c]">&gt;&gt;</a>&nbsp;&nbsp;&nbsp;Decode
</UL>
<BR>[Called By]<UL><LI><a href="#[b0]">&gt;&gt;</a>&nbsp;&nbsp;&nbsp;MD5Update
</UL>

<P><STRONG><a name="[190]"></a>NN_DigitBits</STRONG> (Thumb, 22 bytes, Stack size 0 bytes, nn.o(i.NN_DigitBits))
<BR><BR>[Called By]<UL><LI><a href="#[18e]">&gt;&gt;</a>&nbsp;&nbsp;&nbsp;NN_Div
</UL>

<P><STRONG><a name="[19c]"></a>dmult</STRONG> (Thumb, 134 bytes, Stack size 44 bytes, nn.o(i.dmult))
<BR><BR>[Stack]<UL><LI>Max Depth = 44<LI>Call Chain = dmult
</UL>
<BR>[Called By]<UL><LI><a href="#[19b]">&gt;&gt;</a>&nbsp;&nbsp;&nbsp;NN_Mult
<LI><a href="#[193]">&gt;&gt;</a>&nbsp;&nbsp;&nbsp;subdigitmult
</UL>

<P><STRONG><a name="[193]"></a>subdigitmult</STRONG> (Thumb, 102 bytes, Stack size 40 bytes, nn.o(i.subdigitmult))
<BR><BR>[Stack]<UL><LI>Max Depth = 84<LI>Call Chain = subdigitmult &rArr; dmult
</UL>
<BR>[Calls]<UL><LI><a href="#[19c]">&gt;&gt;</a>&nbsp;&nbsp;&nbsp;dmult
</UL>
<BR>[Called By]<UL><LI><a href="#[18e]">&gt;&gt;</a>&nbsp;&nbsp;&nbsp;NN_Div
</UL>

<P><STRONG><a name="[1af]"></a>rsaprivatefunc</STRONG> (Thumb, 510 bytes, Stack size 1632 bytes, rsa.o(i.rsaprivatefunc))
<BR><BR>[Stack]<UL><LI>Max Depth = 3388<LI>Call Chain = rsaprivatefunc &rArr; NN_ModExp &rArr; NN_ModMult &rArr; NN_Mod &rArr; NN_Div &rArr; subdigitmult &rArr; dmult
</UL>
<BR>[Calls]<UL><LI><a href="#[16a]">&gt;&gt;</a>&nbsp;&nbsp;&nbsp;R_memset
<LI><a href="#[194]">&gt;&gt;</a>&nbsp;&nbsp;&nbsp;NN_Sub
<LI><a href="#[19b]">&gt;&gt;</a>&nbsp;&nbsp;&nbsp;NN_Mult
<LI><a href="#[19a]">&gt;&gt;</a>&nbsp;&nbsp;&nbsp;NN_ModMult
<LI><a href="#[198]">&gt;&gt;</a>&nbsp;&nbsp;&nbsp;NN_ModExp
<LI><a href="#[197]">&gt;&gt;</a>&nbsp;&nbsp;&nbsp;NN_Mod
<LI><a href="#[1d8]">&gt;&gt;</a>&nbsp;&nbsp;&nbsp;NN_Encode
<LI><a href="#[18f]">&gt;&gt;</a>&nbsp;&nbsp;&nbsp;NN_Digits
<LI><a href="#[1d6]">&gt;&gt;</a>&nbsp;&nbsp;&nbsp;NN_Decode
<LI><a href="#[195]">&gt;&gt;</a>&nbsp;&nbsp;&nbsp;NN_Cmp
<LI><a href="#[191]">&gt;&gt;</a>&nbsp;&nbsp;&nbsp;NN_AssignZero
<LI><a href="#[1d7]">&gt;&gt;</a>&nbsp;&nbsp;&nbsp;NN_Add
</UL>
<BR>[Called By]<UL><LI><a href="#[f1]">&gt;&gt;</a>&nbsp;&nbsp;&nbsp;RSAPrivateDecrypt
</UL>

<P><STRONG><a name="[170]"></a>MP3ClearBadFrame</STRONG> (Thumb, 42 bytes, Stack size 8 bytes, mp3dec.o(i.MP3ClearBadFrame))
<BR><BR>[Stack]<UL><LI>Max Depth = 8<LI>Call Chain = MP3ClearBadFrame
</UL>
<BR>[Called By]<UL><LI><a href="#[10b]">&gt;&gt;</a>&nbsp;&nbsp;&nbsp;MP3Decode
</UL>

<P><STRONG><a name="[171]"></a>MP3FindFreeSync</STRONG> (Thumb, 100 bytes, Stack size 24 bytes, mp3dec.o(i.MP3FindFreeSync))
<BR><BR>[Stack]<UL><LI>Max Depth = 24<LI>Call Chain = MP3FindFreeSync
</UL>
<BR>[Calls]<UL><LI><a href="#[10a]">&gt;&gt;</a>&nbsp;&nbsp;&nbsp;MP3FindSyncWord
</UL>
<BR>[Called By]<UL><LI><a href="#[10b]">&gt;&gt;</a>&nbsp;&nbsp;&nbsp;MP3Decode
</UL>

<P><STRONG><a name="[1e8]"></a>RefillBitstreamCache</STRONG> (Thumb, 136 bytes, Stack size 0 bytes, bitstream.o(i.RefillBitstreamCache))
<BR><BR>[Called By]<UL><LI><a href="#[1ca]">&gt;&gt;</a>&nbsp;&nbsp;&nbsp;xmp3fixpt_GetBits
</UL>

<P><STRONG><a name="[1dd]"></a>ClearBuffer</STRONG> (Thumb, 22 bytes, Stack size 8 bytes, buffers.o(i.ClearBuffer))
<BR><BR>[Stack]<UL><LI>Max Depth = 8<LI>Call Chain = ClearBuffer
</UL>
<BR>[Called By]<UL><LI><a href="#[179]">&gt;&gt;</a>&nbsp;&nbsp;&nbsp;xmp3fixpt_AllocateBuffers
</UL>

<P><STRONG><a name="[1e7]"></a>MULSHIFT32</STRONG> (Thumb, 14 bytes, Stack size 12 bytes, dct32.o(i.MULSHIFT32))
<BR><BR>[Stack]<UL><LI>Max Depth = 12<LI>Call Chain = MULSHIFT32
</UL>
<BR>[Called By]<UL><LI><a href="#[1e6]">&gt;&gt;</a>&nbsp;&nbsp;&nbsp;xmp3fixpt_FDCT32
</UL>

<P><STRONG><a name="[1e5]"></a>CLZ</STRONG> (Thumb, 28 bytes, Stack size 0 bytes, dequant.o(i.CLZ))
<BR><BR>[Called By]<UL><LI><a href="#[176]">&gt;&gt;</a>&nbsp;&nbsp;&nbsp;xmp3fixpt_Dequantize
</UL>

<P><STRONG><a name="[1e1]"></a>CLZ</STRONG> (Thumb, 28 bytes, Stack size 0 bytes, dqchan.o(i.CLZ))
<BR><BR>[Called By]<UL><LI><a href="#[1e0]">&gt;&gt;</a>&nbsp;&nbsp;&nbsp;xmp3fixpt_DequantChannel
</UL>

<P><STRONG><a name="[116]"></a>DequantBlock</STRONG> (Thumb, 404 bytes, Stack size 80 bytes, dqchan.o(i.DequantBlock))
<BR><BR>[Stack]<UL><LI>Max Depth = 92<LI>Call Chain = DequantBlock &rArr; MULSHIFT32
</UL>
<BR>[Calls]<UL><LI><a href="#[117]">&gt;&gt;</a>&nbsp;&nbsp;&nbsp;MULSHIFT32
</UL>
<BR>[Called By]<UL><LI><a href="#[1e0]">&gt;&gt;</a>&nbsp;&nbsp;&nbsp;xmp3fixpt_DequantChannel
</UL>

<P><STRONG><a name="[117]"></a>MULSHIFT32</STRONG> (Thumb, 14 bytes, Stack size 12 bytes, dqchan.o(i.MULSHIFT32))
<BR><BR>[Stack]<UL><LI>Max Depth = 12<LI>Call Chain = MULSHIFT32
</UL>
<BR>[Called By]<UL><LI><a href="#[116]">&gt;&gt;</a>&nbsp;&nbsp;&nbsp;DequantBlock
</UL>

<P><STRONG><a name="[1de]"></a>DecodeHuffmanPairs</STRONG> (Thumb, 896 bytes, Stack size 80 bytes, huffman.o(i.DecodeHuffmanPairs))
<BR><BR>[Stack]<UL><LI>Max Depth = 80<LI>Call Chain = DecodeHuffmanPairs
</UL>
<BR>[Called By]<UL><LI><a href="#[175]">&gt;&gt;</a>&nbsp;&nbsp;&nbsp;xmp3fixpt_DecodeHuffman
</UL>

<P><STRONG><a name="[1df]"></a>DecodeHuffmanQuads</STRONG> (Thumb, 366 bytes, Stack size 64 bytes, huffman.o(i.DecodeHuffmanQuads))
<BR><BR>[Stack]<UL><LI>Max Depth = 64<LI>Call Chain = DecodeHuffmanQuads
</UL>
<BR>[Called By]<UL><LI><a href="#[175]">&gt;&gt;</a>&nbsp;&nbsp;&nbsp;xmp3fixpt_DecodeHuffman
</UL>

<P><STRONG><a name="[89]"></a>AntiAlias</STRONG> (Thumb, 592 bytes, Stack size 40 bytes, imdct.o(i.AntiAlias))
<BR><BR>[Stack]<UL><LI>Max Depth = 52<LI>Call Chain = AntiAlias &rArr; MULSHIFT32
</UL>
<BR>[Calls]<UL><LI><a href="#[8a]">&gt;&gt;</a>&nbsp;&nbsp;&nbsp;MULSHIFT32
</UL>
<BR>[Called By]<UL><LI><a href="#[177]">&gt;&gt;</a>&nbsp;&nbsp;&nbsp;xmp3fixpt_IMDCT
</UL>

<P><STRONG><a name="[13b]"></a>FASTABS</STRONG> (Thumb, 8 bytes, Stack size 0 bytes, imdct.o(i.FASTABS))
<BR><BR>[Called By]<UL><LI><a href="#[14e]">&gt;&gt;</a>&nbsp;&nbsp;&nbsp;IMDCT36
<LI><a href="#[14f]">&gt;&gt;</a>&nbsp;&nbsp;&nbsp;IMDCT12x3
<LI><a href="#[14d]">&gt;&gt;</a>&nbsp;&nbsp;&nbsp;HybridTransform
<LI><a href="#[13a]">&gt;&gt;</a>&nbsp;&nbsp;&nbsp;FreqInvertRescale
</UL>

<P><STRONG><a name="[13a]"></a>FreqInvertRescale</STRONG> (Thumb, 516 bytes, Stack size 72 bytes, imdct.o(i.FreqInvertRescale))
<BR><BR>[Stack]<UL><LI>Max Depth = 72<LI>Call Chain = FreqInvertRescale
</UL>
<BR>[Calls]<UL><LI><a href="#[13b]">&gt;&gt;</a>&nbsp;&nbsp;&nbsp;FASTABS
</UL>
<BR>[Called By]<UL><LI><a href="#[14e]">&gt;&gt;</a>&nbsp;&nbsp;&nbsp;IMDCT36
<LI><a href="#[14f]">&gt;&gt;</a>&nbsp;&nbsp;&nbsp;IMDCT12x3
</UL>

<P><STRONG><a name="[14d]"></a>HybridTransform</STRONG> (Thumb, 380 bytes, Stack size 152 bytes, imdct.o(i.HybridTransform))
<BR><BR>[Stack]<UL><LI>Max Depth = 596<LI>Call Chain = HybridTransform &rArr; IMDCT36 &rArr; idct9 &rArr; MULSHIFT32
</UL>
<BR>[Calls]<UL><LI><a href="#[150]">&gt;&gt;</a>&nbsp;&nbsp;&nbsp;WinPrevious
<LI><a href="#[14e]">&gt;&gt;</a>&nbsp;&nbsp;&nbsp;IMDCT36
<LI><a href="#[14f]">&gt;&gt;</a>&nbsp;&nbsp;&nbsp;IMDCT12x3
<LI><a href="#[13b]">&gt;&gt;</a>&nbsp;&nbsp;&nbsp;FASTABS
</UL>
<BR>[Called By]<UL><LI><a href="#[177]">&gt;&gt;</a>&nbsp;&nbsp;&nbsp;xmp3fixpt_IMDCT
</UL>

<P><STRONG><a name="[14f]"></a>IMDCT12x3</STRONG> (Thumb, 486 bytes, Stack size 200 bytes, imdct.o(i.IMDCT12x3))
<BR><BR>[Stack]<UL><LI>Max Depth = 272<LI>Call Chain = IMDCT12x3 &rArr; FreqInvertRescale
</UL>
<BR>[Calls]<UL><LI><a href="#[151]">&gt;&gt;</a>&nbsp;&nbsp;&nbsp;imdct12
<LI><a href="#[150]">&gt;&gt;</a>&nbsp;&nbsp;&nbsp;WinPrevious
<LI><a href="#[8a]">&gt;&gt;</a>&nbsp;&nbsp;&nbsp;MULSHIFT32
<LI><a href="#[13a]">&gt;&gt;</a>&nbsp;&nbsp;&nbsp;FreqInvertRescale
<LI><a href="#[13b]">&gt;&gt;</a>&nbsp;&nbsp;&nbsp;FASTABS
</UL>
<BR>[Called By]<UL><LI><a href="#[14d]">&gt;&gt;</a>&nbsp;&nbsp;&nbsp;HybridTransform
</UL>

<P><STRONG><a name="[14e]"></a>IMDCT36</STRONG> (Thumb, 572 bytes, Stack size 240 bytes, imdct.o(i.IMDCT36))
<BR><BR>[Stack]<UL><LI>Max Depth = 444<LI>Call Chain = IMDCT36 &rArr; idct9 &rArr; MULSHIFT32
</UL>
<BR>[Calls]<UL><LI><a href="#[152]">&gt;&gt;</a>&nbsp;&nbsp;&nbsp;idct9
<LI><a href="#[150]">&gt;&gt;</a>&nbsp;&nbsp;&nbsp;WinPrevious
<LI><a href="#[8a]">&gt;&gt;</a>&nbsp;&nbsp;&nbsp;MULSHIFT32
<LI><a href="#[13a]">&gt;&gt;</a>&nbsp;&nbsp;&nbsp;FreqInvertRescale
<LI><a href="#[13b]">&gt;&gt;</a>&nbsp;&nbsp;&nbsp;FASTABS
</UL>
<BR>[Called By]<UL><LI><a href="#[14d]">&gt;&gt;</a>&nbsp;&nbsp;&nbsp;HybridTransform
</UL>

<P><STRONG><a name="[8a]"></a>MULSHIFT32</STRONG> (Thumb, 14 bytes, Stack size 12 bytes, imdct.o(i.MULSHIFT32))
<BR><BR>[Stack]<UL><LI>Max Depth = 12<LI>Call Chain = MULSHIFT32
</UL>
<BR>[Called By]<UL><LI><a href="#[151]">&gt;&gt;</a>&nbsp;&nbsp;&nbsp;imdct12
<LI><a href="#[152]">&gt;&gt;</a>&nbsp;&nbsp;&nbsp;idct9
<LI><a href="#[150]">&gt;&gt;</a>&nbsp;&nbsp;&nbsp;WinPrevious
<LI><a href="#[14e]">&gt;&gt;</a>&nbsp;&nbsp;&nbsp;IMDCT36
<LI><a href="#[14f]">&gt;&gt;</a>&nbsp;&nbsp;&nbsp;IMDCT12x3
<LI><a href="#[89]">&gt;&gt;</a>&nbsp;&nbsp;&nbsp;AntiAlias
</UL>

<P><STRONG><a name="[150]"></a>WinPrevious</STRONG> (Thumb, 336 bytes, Stack size 56 bytes, imdct.o(i.WinPrevious))
<BR><BR>[Stack]<UL><LI>Max Depth = 68<LI>Call Chain = WinPrevious &rArr; MULSHIFT32
</UL>
<BR>[Calls]<UL><LI><a href="#[8a]">&gt;&gt;</a>&nbsp;&nbsp;&nbsp;MULSHIFT32
</UL>
<BR>[Called By]<UL><LI><a href="#[14e]">&gt;&gt;</a>&nbsp;&nbsp;&nbsp;IMDCT36
<LI><a href="#[14f]">&gt;&gt;</a>&nbsp;&nbsp;&nbsp;IMDCT12x3
<LI><a href="#[14d]">&gt;&gt;</a>&nbsp;&nbsp;&nbsp;HybridTransform
</UL>

<P><STRONG><a name="[152]"></a>idct9</STRONG> (Thumb, 454 bytes, Stack size 192 bytes, imdct.o(i.idct9))
<BR><BR>[Stack]<UL><LI>Max Depth = 204<LI>Call Chain = idct9 &rArr; MULSHIFT32
</UL>
<BR>[Calls]<UL><LI><a href="#[8a]">&gt;&gt;</a>&nbsp;&nbsp;&nbsp;MULSHIFT32
</UL>
<BR>[Called By]<UL><LI><a href="#[14e]">&gt;&gt;</a>&nbsp;&nbsp;&nbsp;IMDCT36
</UL>

<P><STRONG><a name="[151]"></a>imdct12</STRONG> (Thumb, 236 bytes, Stack size 48 bytes, imdct.o(i.imdct12))
<BR><BR>[Stack]<UL><LI>Max Depth = 60<LI>Call Chain = imdct12 &rArr; MULSHIFT32
</UL>
<BR>[Calls]<UL><LI><a href="#[8a]">&gt;&gt;</a>&nbsp;&nbsp;&nbsp;MULSHIFT32
</UL>
<BR>[Called By]<UL><LI><a href="#[14f]">&gt;&gt;</a>&nbsp;&nbsp;&nbsp;IMDCT12x3
</UL>

<P><STRONG><a name="[1ed]"></a>ClipToShort</STRONG> (Thumb, 24 bytes, Stack size 0 bytes, polyphase.o(i.ClipToShort))
<BR><BR>[Called By]<UL><LI><a href="#[1ee]">&gt;&gt;</a>&nbsp;&nbsp;&nbsp;xmp3fixpt_PolyphaseStereo
<LI><a href="#[1eb]">&gt;&gt;</a>&nbsp;&nbsp;&nbsp;xmp3fixpt_PolyphaseMono
</UL>

<P><STRONG><a name="[1ec]"></a>MADD64</STRONG> (Thumb, 20 bytes, Stack size 16 bytes, polyphase.o(i.MADD64))
<BR><BR>[Stack]<UL><LI>Max Depth = 16<LI>Call Chain = MADD64
</UL>
<BR>[Called By]<UL><LI><a href="#[1ee]">&gt;&gt;</a>&nbsp;&nbsp;&nbsp;xmp3fixpt_PolyphaseStereo
<LI><a href="#[1eb]">&gt;&gt;</a>&nbsp;&nbsp;&nbsp;xmp3fixpt_PolyphaseMono
</UL>

<P><STRONG><a name="[1b5]"></a>SAR64</STRONG> (Thumb, 20 bytes, Stack size 16 bytes, polyphase.o(i.SAR64))
<BR><BR>[Stack]<UL><LI>Max Depth = 16<LI>Call Chain = SAR64
</UL>
<BR>[Calls]<UL><LI><a href="#[1b6]">&gt;&gt;</a>&nbsp;&nbsp;&nbsp;__aeabi_lasr
</UL>
<BR>[Called By]<UL><LI><a href="#[1ee]">&gt;&gt;</a>&nbsp;&nbsp;&nbsp;xmp3fixpt_PolyphaseStereo
<LI><a href="#[1eb]">&gt;&gt;</a>&nbsp;&nbsp;&nbsp;xmp3fixpt_PolyphaseMono
</UL>

<P><STRONG><a name="[1c9]"></a>UnpackSFMPEG1</STRONG> (Thumb, 444 bytes, Stack size 40 bytes, scalfact.o(i.UnpackSFMPEG1))
<BR><BR>[Stack]<UL><LI>Max Depth = 64<LI>Call Chain = UnpackSFMPEG1 &rArr; xmp3fixpt_GetBits
</UL>
<BR>[Calls]<UL><LI><a href="#[1ca]">&gt;&gt;</a>&nbsp;&nbsp;&nbsp;xmp3fixpt_GetBits
</UL>
<BR>[Called By]<UL><LI><a href="#[174]">&gt;&gt;</a>&nbsp;&nbsp;&nbsp;xmp3fixpt_UnpackScaleFactors
</UL>

<P><STRONG><a name="[1cb]"></a>UnpackSFMPEG2</STRONG> (Thumb, 710 bytes, Stack size 104 bytes, scalfact.o(i.UnpackSFMPEG2))
<BR><BR>[Stack]<UL><LI>Max Depth = 128<LI>Call Chain = UnpackSFMPEG2 &rArr; xmp3fixpt_GetBits
</UL>
<BR>[Calls]<UL><LI><a href="#[1ca]">&gt;&gt;</a>&nbsp;&nbsp;&nbsp;xmp3fixpt_GetBits
</UL>
<BR>[Called By]<UL><LI><a href="#[174]">&gt;&gt;</a>&nbsp;&nbsp;&nbsp;xmp3fixpt_UnpackScaleFactors
</UL>

<P><STRONG><a name="[1ea]"></a>FASTABS</STRONG> (Thumb, 8 bytes, Stack size 0 bytes, stproc.o(i.FASTABS))
<BR><BR>[Called By]<UL><LI><a href="#[1e2]">&gt;&gt;</a>&nbsp;&nbsp;&nbsp;xmp3fixpt_MidSideProc
<LI><a href="#[1e4]">&gt;&gt;</a>&nbsp;&nbsp;&nbsp;xmp3fixpt_IntensityProcMPEG2
<LI><a href="#[1e3]">&gt;&gt;</a>&nbsp;&nbsp;&nbsp;xmp3fixpt_IntensityProcMPEG1
</UL>

<P><STRONG><a name="[1e9]"></a>MULSHIFT32</STRONG> (Thumb, 14 bytes, Stack size 12 bytes, stproc.o(i.MULSHIFT32))
<BR><BR>[Stack]<UL><LI>Max Depth = 12<LI>Call Chain = MULSHIFT32
</UL>
<BR>[Called By]<UL><LI><a href="#[1e4]">&gt;&gt;</a>&nbsp;&nbsp;&nbsp;xmp3fixpt_IntensityProcMPEG2
<LI><a href="#[1e3]">&gt;&gt;</a>&nbsp;&nbsp;&nbsp;xmp3fixpt_IntensityProcMPEG1
</UL>
<P>
<H3>
Undefined Global Symbols
</H3><HR></body></html>
