<html>
<body>
<pre>
<h1>µVision Build Log</h1>
<h2>Tool Versions:</h2>
IDE-Version: ¦ÌVision V5.23.0.0
Copyright (C) 2017 ARM Ltd and ARM Germany GmbH. All rights reserved.
License Information: 1 1, 1, LIC=FQQNN-YI8AL-GQB0H-WT8LB-9IMF4-955S1
 
Tool Versions:
Toolchain:       MDK-ARM Professional  Version: 5.23
Toolchain Path:  C:\Keil_v5\ARM\ARMCC\Bin
C Compiler:      Armcc.exe V5.06 update 4 (build 422)
Assembler:       Armasm.exe V5.06 update 4 (build 422)
Linker/Locator:  ArmLink.exe V5.06 update 4 (build 422)
Library Manager: ArmAr.exe V5.06 update 4 (build 422)
Hex Converter:   FromElf.exe V5.06 update 4 (build 422)
CPU DLL:         
Dialog DLL:      
Target DLL:      Segger\JL2CM3.dll V2.99.23.0
Dialog DLL:      TCM.DLL V1.27.0.0
 
<h2>Project:</h2>
T:\OneDrive\SoundSimulator2\EssEvSense\Firmware\SDK15.3\examples\dfu\secure_bootloader\pca10040_ble\arm5_no_packs\secure_bootloader_ble_s132_pca10040.uvprojx
Project File Date:  08/12/2019

<h2>Output:</h2>
*** Using Compiler 'V5.06 update 4 (build 422)', folder: 'C:\Keil_v5\ARM\ARMCC\Bin'
Rebuild target 'nrf52832_xxaa_s132'
compiling EssEvSensePublicKey.c...
compiling nrf_bootloader_app_start.c...
compiling ble_srv_common.c...
compiling FwDecryption.c...
compiling boards.c...
compiling nrf_bootloader_app_start_final.c...
compiling main.c...
compiling nrf_bootloader.c...
compiling nrf_bootloader_info.c...
compiling nrf_crypto_ecdsa.c...
compiling nrf_crypto_hash.c...
compiling nrf_bootloader_wdt.c...
compiling nrf_crypto_ecc.c...
compiling oberon_backend_ecc.c...
compiling nrf_bootloader_dfu_timers.c...
compiling nrf_bootloader_fw_activation.c...
compiling oberon_backend_ecdh.c...
compiling oberon_backend_ecdsa.c...
compiling oberon_backend_eddsa.c...
compiling oberon_backend_hmac.c...
compiling nrf_crypto_init.c...
compiling oberon_backend_chacha_poly_aead.c...
compiling nrf_crypto_shared.c...
compiling oberon_backend_hash.c...
compiling micro_ecc_backend_ecc.c...
compiling dfu-cc.pb.c...
compiling nrf_sw_backend_hash.c...
compiling micro_ecc_backend_ecdsa.c...
compiling micro_ecc_backend_ecdh.c...
compiling nrf_dfu_mbr.c...
compiling nrf_dfu_handling_error.c...
compiling nrf_dfu_flash.c...
compiling nrf_dfu.c...
compiling nrf_dfu_ble.c...
compiling nrf_dfu_transport.c...
compiling nrf_dfu_utils.c...
compiling nrf_dfu_settings_svci.c...
compiling nrf_dfu_settings.c...
compiling nrf_dfu_ver_validation.c...
compiling nrf_dfu_req_handler.c...
compiling nrf_dfu_validation.c...
compiling app_util_platform.c...
compiling app_error_weak.c...
compiling nrfx_atomic.c...
compiling nrf_nvmc.c...
compiling crc32.c...
compiling app_scheduler.c...
compiling mem_manager.c...
compiling nrf_assert.c...
compiling nrf_fprintf.c...
compiling nrf_atomic.c...
compiling nrf_atfifo.c...
compiling nrf_fprintf_format.c...
compiling nrf_fstorage.c...
compiling nrf_balloc.c...
compiling nrf_queue.c...
compiling nrf_section_iter.c...
compiling nrf_strerror.c...
compiling nrf_ringbuf.c...
compiling nrf_memobj.c...
compiling nrf_fstorage_sd.c...
compiling nrf_fstorage_nvmc.c...
compiling nrf_svc_handler.c...
compiling nrf_log_str_formatter.c...
compiling nrf_log_frontend.c...
compiling nrf_dfu_svci.c...
compiling sha256.c...
compiling pb_common.c...
assembling arm_startup_nrf52.s...
compiling pb_decode.c...
compiling nrf_sdh.c...
compiling nrf_dfu_svci_handler.c...
compiling system_nrf52.c...
compiling nrf_sdh_soc.c...
compiling nrf_sdh_ble.c...
linking...
Program Size: Code=21820 RO-data=2300 RW-data=192 ZI-data=30012  
FromELF: creating hex file...
".\_build\nrf52832_xxaa_s132.axf" - 0 Error(s), 0 Warning(s).

<h2>Software Packages used:</h2>

Package Vendor: ARM
                http://www.keil.com/pack/ARM.CMSIS.4.5.0.pack
                ARM::CMSIS:CORE:4.3.0
                CMSIS (Cortex Microcontroller Software Interface Standard)
   * Component: CORE Version: 4.3.0

Package Vendor: NordicSemiconductor
                http://developer.nordicsemi.com/nRF5_SDK/pieces/nRF_DeviceFamilyPack/NordicSemiconductor.nRF_DeviceFamilyPack.8.24.1.pack
                NordicSemiconductor::Device:Startup:8.24.1
                Nordic Semiconductor nRF ARM devices Device Family Pack.
   * Component: Startup Version: 8.24.1

<h2>Collection of Component include folders:</h2>
  .\RTE\_nrf52832_xxaa_s132
  C:\Keil_v5\ARM\PACK\ARM\CMSIS\4.5.0\CMSIS\Include
  C:\Keil_v5\ARM\PACK\NordicSemiconductor\nRF_DeviceFamilyPack\8.24.1\Device\Include

<h2>Collection of Component Files used:</h2>

   * Component: ARM::CMSIS:CORE:4.3.0

   * Component: NordicSemiconductor::Device:Startup:8.24.1
      Source file:   Device\Source\arm\arm_startup_nrf52.s
      Source file:   Device\Source\system_nrf52.c
      Include file:  Device\Include\system_nrf52.h
Build Time Elapsed:  00:00:23
</pre>
</body>
</html>
