<html>
<body>
<pre>
<h1>µVision Build Log</h1>
<h2>Tool Versions:</h2>
IDE-Version: ¦ÌVision V5.23.0.0
Copyright (C) 2017 ARM Ltd and ARM Germany GmbH. All rights reserved.
License Information: 1 1, 1, LIC=FQQNN-YI8AL-GQB0H-WT8LB-9IMF4-955S1
 
Tool Versions:
Toolchain:       MDK-ARM Professional  Version: 5.23
Toolchain Path:  C:\Keil_v5\ARM\ARMCC\Bin
C Compiler:      Armcc.exe V5.06 update 4 (build 422)
Assembler:       Armasm.exe V5.06 update 4 (build 422)
Linker/Locator:  ArmLink.exe V5.06 update 4 (build 422)
Library Manager: ArmAr.exe V5.06 update 4 (build 422)
Hex Converter:   FromElf.exe V5.06 update 4 (build 422)
CPU DLL:         
Dialog DLL:      
Target DLL:      UL2CM3.DLL V1.159.7.0
Dialog DLL:      TCM.DLL V1.27.0.0
 
<h2>Project:</h2>
T:\OneDrive\SoundSimulator2\EssEvSoco\Frimware\SDK15.3\examples\ble_peripheral\ble_app_buttonless_dfu\pca10040\s132\arm5_no_packs\EssEvSocoFw.uvprojx
Project File Date:  09/20/2019

<h2>Output:</h2>
*** Using Compiler 'V5.06 update 4 (build 422)', folder: 'C:\Keil_v5\ARM\ARMCC\Bin'
Build target 'nrf52832_xxaa'
compiling SystemError.c...
compiling Fs.c...
compiling ActionTick.c...
compiling SystemInfo.c...
compiling SystemHw.c...
compiling Mixer.c...
compiling SpiFlash.c...
compiling Engine.c...
compiling SystemConfig.c...
compiling OnChipAudio.c...
compiling Param.c...
compiling AgentTest.c...
compiling MixerConfig.c...
compiling main.c...
..\..\..\main.c(146): warning:  #177-D: variable "m_adv_uuids"  was declared but never referenced
  static ble_uuid_t m_adv_uuids[] = {{BLE_UUID_DEVICE_INFORMATION_SERVICE, BLE_UUID_TYPE_BLE}};
..\..\..\main.c: 1 warning, 0 errors
compiling Key.c...
compiling MotorSpeedHal.c...
compiling TestModel.c...
compiling OnChipLed.c...
compiling AudioPlay.c...
compiling CalibrationMode.c...
compiling MotorSpeed.c...
compiling auth_status_tracker.c...
compiling bsp.c...
compiling boards.c...
compiling ble_advdata.c...
compiling ble_conn_params.c...
compiling bsp_btn_ble.c...
compiling ble_advertising.c...
compiling ble_srv_common.c...
compiling ble_conn_state.c...
compiling nrf_ble_gatt.c...
compiling nrf_ble_qwr.c...
compiling id_manager.c...
compiling gatts_cache_manager.c...
compiling gatt_cache_manager.c...
compiling peer_id.c...
compiling pm_buffer.c...
compiling peer_data_storage.c...
compiling peer_database.c...
compiling peer_manager_handler.c...
compiling peer_manager.c...
compiling security_dispatcher.c...
compiling ble_link_ctx_manager.c...
compiling nrf_drv_uart.c...
compiling ble_dfu_bonded.c...
compiling security_manager.c...
compiling ble_dfu_unbonded.c...
..\..\..\..\..\..\components\ble\ble_services\ble_dfu\ble_dfu_unbonded.c(61): warning:  #177-D: function "nrf_dfu_set_adv_name_init"  was declared but never referenced
  NRF_SVCI_ASYNC_FUNC_DEFINE(NRF_DFU_SVCI_SET_ADV_NAME, nrf_dfu_set_adv_name, nrf_dfu_adv_name_t);
..\..\..\..\..\..\components\ble\ble_services\ble_dfu\ble_dfu_unbonded.c: 1 warning, 0 errors
compiling nrf_drv_clock.c...
compiling ble_dfu.c...
compiling nrfx_atomic.c...
compiling nrfx_prs.c...
compiling nrfx_uarte.c...
compiling nrfx_clock.c...
compiling nrfx_uart.c...
compiling nrfx_twim.c...
compiling nrfx_gpiote.c...
compiling app_error.c...
compiling nrfx_twi.c...
compiling nrf_drv_twi.c...
compiling nrf_queue.c...
compiling app_button.c...
compiling nrfx_timer.c...
compiling nrfx_i2s.c...
compiling app_error_handler_keil.c...
compiling app_util_platform.c...
compiling crc16.c...
compiling app_error_weak.c...
compiling app_scheduler.c...
compiling app_timer.c...
compiling nrf_assert.c...
compiling fds.c...
compiling nrf_atflags.c...
compiling nrf_fprintf.c...
compiling nrf_atomic.c...
compiling nrf_atfifo.c...
compiling nrf_balloc.c...
compiling nrf_fprintf_format.c...
compiling nrf_fstorage.c...
compiling nrf_section_iter.c...
compiling nrf_memobj.c...
compiling nrf_strerror.c...
compiling nrf_ringbuf.c...
compiling nrf_fstorage_sd.c...
compiling nrf_twi_mngr.c...
compiling nrf_pwr_mgmt.c...
compiling nrf_log_backend_uart.c...
compiling nrf_log_default_backends.c...
compiling nrf_dfu_svci.c...
compiling nrf_log_str_formatter.c...
compiling nrf_log_backend_serial.c...
compiling nrf_log_backend_rtt.c...
compiling nrf_log_frontend.c...
compiling SEGGER_RTT.c...
compiling SEGGER_RTT_Syscalls_KEIL.c...
compiling SEGGER_RTT_printf.c...
compiling nrf_sdh_soc.c...
compiling nrf_sdh.c...
compiling md2c.c...
compiling nrf_sdh_ble.c...
compiling I2C.c...
compiling desc.c...
compiling md4c.c...
compiling md5c.c...
compiling nn.c...
compiling prime.c...
compiling r_keygen.c...
compiling r_random.c...
..\..\..\Encryption\r_random.c(205): warning:  #177-D: function "subrand"  was declared but never referenced
  static UINT4 subrand(long idum) {
..\..\..\Encryption\r_random.c: 1 warning, 0 errors
compiling r_stdlib.c...
compiling rsa.c...
compiling Tea.c...
compiling DownLoader.c...
compiling BleError.c...
compiling BleTransportLayer.c...
compiling Authorize.c...
compiling AudioFileConvert.c...
compiling DecryDesKey.c...
compiling Password.c...
compiling Tas5719.c...
compiling Mp3Convert.c...
compiling mp3dec.c...
..\..\..\Helix\mp3dec.c(166): warning:  #111-D: statement is unreachable
  	return -1;
..\..\..\Helix\mp3dec.c: 1 warning, 0 errors
compiling shsc.c...
compiling mp3tabs.c...
compiling buffers.c...
compiling bitstream.c...
compiling dequant.c...
compiling hufftabs.c...
compiling dct32.c...
compiling dqchan.c...
..\..\..\Helix\real\dqchan.c(248): warning:  #550-D: variable "cbStartL"  was set but never used
  	int cbStartL, cbEndL, cbStartS, cbEndS;
..\..\..\Helix\real\dqchan.c: 1 warning, 0 errors
compiling huffman.c...
..\..\..\Helix\real\huffman.c(386): warning:  #550-D: variable "sfi"  was set but never used
  	ScaleFactorInfo *sfi;
..\..\..\Helix\real\huffman.c: 1 warning, 0 errors
compiling scalfact.c...
..\..\..\Helix\real\scalfact.c(211): warning:  #550-D: variable "iipTest"  was set but never used
  	int i, sfb, sfcIdx, btIdx, nrIdx, iipTest;
..\..\..\Helix\real\scalfact.c: 1 warning, 0 errors
compiling subband.c...
..\..\..\Helix\real\subband.c(63): warning:  #550-D: variable "hi"  was set but never used
  	HuffmanInfo *hi;
..\..\..\Helix\real\subband.c: 1 warning, 0 errors
compiling stproc.c...
compiling imdct.c...
compiling BleDataLayer.c...
compiling trigtabs_fixpt.c...
assembling arm_startup_nrf52.s...
compiling BleService.c...
compiling polyphase.c...
compiling system_nrf52.c...
compiling ble_nus.c...
linking...
Program Size: Code=97756 RO-data=22240 RW-data=4044 ZI-data=49332  
FromELF: creating hex file...
After Build - User command #1: C:\Keil_v5\ARM\ARMCC\bin\fromelf.exe --bin --output=EssEvSocoApp.bin .\_build\EssEvSocoApp.axf
After Build - User command #2: nrfutil pkg generate --hw-version 52 --sd-req 0xB7 --application-version 4 --application _build/EssEvSenseApp.hex --key-file EssEvSocoPriv.pem EssEvSocoApp.zip
Zip created at EssEvSocoApp.zip
".\_build\EssEvSocoApp.axf" - 0 Error(s), 8 Warning(s).

<h2>Software Packages used:</h2>

Package Vendor: ARM
                http://www.keil.com/pack/ARM.CMSIS.4.5.0.pack
                ARM::CMSIS:CORE:4.3.0
                CMSIS (Cortex Microcontroller Software Interface Standard)
   * Component: CORE Version: 4.3.0

Package Vendor: NordicSemiconductor
                http://developer.nordicsemi.com/nRF5_SDK/pieces/nRF_DeviceFamilyPack/NordicSemiconductor.nRF_DeviceFamilyPack.8.24.1.pack
                NordicSemiconductor::Device:Startup:8.24.1
                Nordic Semiconductor nRF ARM devices Device Family Pack.
   * Component: Startup Version: 8.24.1

<h2>Collection of Component include folders:</h2>
  .\RTE\_nrf52832_xxaa
  C:\Keil_v5\ARM\PACK\ARM\CMSIS\4.5.0\CMSIS\Include
  C:\Keil_v5\ARM\PACK\NordicSemiconductor\nRF_DeviceFamilyPack\8.24.1\Device\Include

<h2>Collection of Component Files used:</h2>

   * Component: ARM::CMSIS:CORE:4.3.0

   * Component: NordicSemiconductor::Device:Startup:8.24.1
      Source file:   Device\Source\arm\arm_startup_nrf52.s
      Source file:   Device\Source\system_nrf52.c
      Include file:  Device\Include\system_nrf52.h
Build Time Elapsed:  00:00:30
</pre>
</body>
</html>
