<!doctype html public "-//w3c//dtd html 4.0 transitional//en">
<html><head>
<title>Static Call Graph - [.\_build\EssEvSocoApp.axf]</title></head>
<body><HR>
<H1>Static Call Graph for image .\_build\EssEvSocoApp.axf</H1><HR>
<BR><P>#&#060CALLGRAPH&#062# ARM Linker, 5060422: Last Updated: Mon Sep 23 08:55:12 2019
<BR><P>
<H3>Maximum Stack Usage =       5676 bytes + Unknown(Cycles, Untraceable Function Pointers)</H3><H3>
Call chain for Maximum Stack Depth:</H3>
main &rArr; BleRxDataHandler &rArr; BleAnalysisMessageId &rArr; WriteSoundFinishCmdHandler &rArr; WriteSoundFinish &rArr; AudioFileConvert &rArr; DecryptionConvertMp3 &rArr; WriteFileWithAlloc &rArr; AllocOneFreeBlock &rArr; DataFlashWriteData &rArr; FlashWriteCheck &rArr; DataFlashReadData &rArr; WaitFlashFree &rArr; SpiReadWrite
<P>
<H3>
Mutually Recursive functions
</H3> <LI><a href="#[4]">NMI_Handler</a>&nbsp;&nbsp;&nbsp;&rArr;&nbsp;&nbsp;&nbsp;<a href="#[4]">NMI_Handler</a><BR>
 <LI><a href="#[5]">HardFault_Handler</a>&nbsp;&nbsp;&nbsp;&rArr;&nbsp;&nbsp;&nbsp;<a href="#[5]">HardFault_Handler</a><BR>
 <LI><a href="#[6]">MemoryManagement_Handler</a>&nbsp;&nbsp;&nbsp;&rArr;&nbsp;&nbsp;&nbsp;<a href="#[6]">MemoryManagement_Handler</a><BR>
 <LI><a href="#[7]">BusFault_Handler</a>&nbsp;&nbsp;&nbsp;&rArr;&nbsp;&nbsp;&nbsp;<a href="#[7]">BusFault_Handler</a><BR>
 <LI><a href="#[8]">UsageFault_Handler</a>&nbsp;&nbsp;&nbsp;&rArr;&nbsp;&nbsp;&nbsp;<a href="#[8]">UsageFault_Handler</a><BR>
 <LI><a href="#[9]">SVC_Handler</a>&nbsp;&nbsp;&nbsp;&rArr;&nbsp;&nbsp;&nbsp;<a href="#[9]">SVC_Handler</a><BR>
 <LI><a href="#[a]">DebugMon_Handler</a>&nbsp;&nbsp;&nbsp;&rArr;&nbsp;&nbsp;&nbsp;<a href="#[a]">DebugMon_Handler</a><BR>
 <LI><a href="#[b]">PendSV_Handler</a>&nbsp;&nbsp;&nbsp;&rArr;&nbsp;&nbsp;&nbsp;<a href="#[b]">PendSV_Handler</a><BR>
 <LI><a href="#[1c]">CCM_AAR_IRQHandler</a>&nbsp;&nbsp;&nbsp;&rArr;&nbsp;&nbsp;&nbsp;<a href="#[1c]">CCM_AAR_IRQHandler</a><BR>
 <LI><a href="#[301]">std_n</a>&nbsp;&nbsp;&nbsp;&rArr;&nbsp;&nbsp;&nbsp;<a href="#[1b8]">assert_nrf_callback</a><BR>
 <LI><a href="#[1cf]">nrf_log_frontend_std_0</a>&nbsp;&nbsp;&nbsp;&rArr;&nbsp;&nbsp;&nbsp;<a href="#[301]">std_n</a><BR>
 <LI><a href="#[1e1]">app_util_critical_region_exit</a>&nbsp;&nbsp;&nbsp;&rArr;&nbsp;&nbsp;&nbsp;<a href="#[1b8]">assert_nrf_callback</a><BR>
 <LI><a href="#[1df]">app_util_critical_region_enter</a>&nbsp;&nbsp;&nbsp;&rArr;&nbsp;&nbsp;&nbsp;<a href="#[1b8]">assert_nrf_callback</a><BR>
 <LI><a href="#[2ff]">nrf_memobj_write</a>&nbsp;&nbsp;&nbsp;&rArr;&nbsp;&nbsp;&nbsp;<a href="#[1b8]">assert_nrf_callback</a><BR>
 <LI><a href="#[2be]">memobj_op</a>&nbsp;&nbsp;&nbsp;&rArr;&nbsp;&nbsp;&nbsp;<a href="#[1b8]">assert_nrf_callback</a><BR>
 <LI><a href="#[2d4]">nrf_balloc_free</a>&nbsp;&nbsp;&nbsp;&rArr;&nbsp;&nbsp;&nbsp;<a href="#[1b8]">assert_nrf_callback</a><BR>
 <LI><a href="#[2d3]">nrf_balloc_alloc</a>&nbsp;&nbsp;&nbsp;&rArr;&nbsp;&nbsp;&nbsp;<a href="#[1b8]">assert_nrf_callback</a><BR>
 <LI><a href="#[239]">log_skip</a>&nbsp;&nbsp;&nbsp;&rArr;&nbsp;&nbsp;&nbsp;<a href="#[1b8]">assert_nrf_callback</a><BR>
 <LI><a href="#[7e]">__asm___12_nrf_atfifo_c_51f461e1__nrf_atfifo_rspace_close</a>&nbsp;&nbsp;&nbsp;&rArr;&nbsp;&nbsp;&nbsp;<a href="#[7e]">__asm___12_nrf_atfifo_c_51f461e1__nrf_atfifo_rspace_close</a><BR>
 <LI><a href="#[7d]">__asm___12_nrf_atfifo_c_51f461e1__nrf_atfifo_wspace_close</a>&nbsp;&nbsp;&nbsp;&rArr;&nbsp;&nbsp;&nbsp;<a href="#[7d]">__asm___12_nrf_atfifo_c_51f461e1__nrf_atfifo_wspace_close</a><BR>
 <LI><a href="#[72]">nrf_fstorage_sys_evt_handler</a>&nbsp;&nbsp;&nbsp;&rArr;&nbsp;&nbsp;&nbsp;<a href="#[2e9]">queue_process</a><BR>
 <LI><a href="#[363]">pm_handler_flash_clean_on_return</a>&nbsp;&nbsp;&nbsp;&rArr;&nbsp;&nbsp;&nbsp;<a href="#[35d]">pm_handler_flash_clean</a><BR>
 <LI><a href="#[360]">rank_highest</a>&nbsp;&nbsp;&nbsp;&rArr;&nbsp;&nbsp;&nbsp;<a href="#[35d]">pm_handler_flash_clean</a><BR>
 <LI><a href="#[23a]">buffer_add</a>&nbsp;&nbsp;&nbsp;&rArr;&nbsp;&nbsp;&nbsp;<a href="#[23a]">buffer_add</a><BR>
</UL>
<P>
<H3>
Function Pointers
</H3><UL>
 <LI><a href="#[7]">BusFault_Handler</a> from arm_startup_nrf52.o(.text) referenced from arm_startup_nrf52.o(RESET)
 <LI><a href="#[1c]">CCM_AAR_IRQHandler</a> from arm_startup_nrf52.o(.text) referenced from arm_startup_nrf52.o(RESET)
 <LI><a href="#[20]">COMP_LPCOMP_IRQHandler</a> from arm_startup_nrf52.o(.text) referenced from arm_startup_nrf52.o(RESET)
 <LI><a href="#[a]">DebugMon_Handler</a> from arm_startup_nrf52.o(.text) referenced from arm_startup_nrf52.o(RESET)
 <LI><a href="#[1b]">ECB_IRQHandler</a> from arm_startup_nrf52.o(.text) referenced from arm_startup_nrf52.o(RESET)
 <LI><a href="#[31]">FPU_IRQHandler</a> from arm_startup_nrf52.o(.text) referenced from arm_startup_nrf52.o(RESET)
 <LI><a href="#[13]">GPIOTE_IRQHandler</a> from nrfx_gpiote.o(i.GPIOTE_IRQHandler) referenced from arm_startup_nrf52.o(RESET)
 <LI><a href="#[38]">HalSpeedTimerIntHandler</a> from motorspeedhal.o(i.HalSpeedTimerIntHandler) referenced from motorspeedhal.o(i.MotorSpeedHalHwInit)
 <LI><a href="#[5]">HardFault_Handler</a> from arm_startup_nrf52.o(.text) referenced from arm_startup_nrf52.o(RESET)
 <LI><a href="#[30]">I2S_IRQHandler</a> from nrfx_i2s.o(i.I2S_IRQHandler) referenced from arm_startup_nrf52.o(RESET)
 <LI><a href="#[2b]">MWU_IRQHandler</a> from arm_startup_nrf52.o(.text) referenced from arm_startup_nrf52.o(RESET)
 <LI><a href="#[6]">MemoryManagement_Handler</a> from arm_startup_nrf52.o(.text) referenced from arm_startup_nrf52.o(RESET)
 <LI><a href="#[39]">MotorSpeedHalIrqHandler</a> from motorspeedhal.o(i.MotorSpeedHalIrqHandler) referenced from motorspeedhal.o(i.MotorSpeedHalHwInit)
 <LI><a href="#[12]">NFCT_IRQHandler</a> from arm_startup_nrf52.o(.text) referenced from arm_startup_nrf52.o(RESET)
 <LI><a href="#[4]">NMI_Handler</a> from arm_startup_nrf52.o(.text) referenced from arm_startup_nrf52.o(RESET)
 <LI><a href="#[2a]">PDM_IRQHandler</a> from arm_startup_nrf52.o(.text) referenced from arm_startup_nrf52.o(RESET)
 <LI><a href="#[d]">POWER_CLOCK_IRQHandler</a> from nrfx_clock.o(i.POWER_CLOCK_IRQHandler) referenced from arm_startup_nrf52.o(RESET)
 <LI><a href="#[29]">PWM0_IRQHandler</a> from arm_startup_nrf52.o(.text) referenced from arm_startup_nrf52.o(RESET)
 <LI><a href="#[2c]">PWM1_IRQHandler</a> from arm_startup_nrf52.o(.text) referenced from arm_startup_nrf52.o(RESET)
 <LI><a href="#[2d]">PWM2_IRQHandler</a> from arm_startup_nrf52.o(.text) referenced from arm_startup_nrf52.o(RESET)
 <LI><a href="#[b]">PendSV_Handler</a> from arm_startup_nrf52.o(.text) referenced from arm_startup_nrf52.o(RESET)
 <LI><a href="#[1f]">QDEC_IRQHandler</a> from arm_startup_nrf52.o(.text) referenced from arm_startup_nrf52.o(RESET)
 <LI><a href="#[e]">RADIO_IRQHandler</a> from arm_startup_nrf52.o(.text) referenced from arm_startup_nrf52.o(RESET)
 <LI><a href="#[1a]">RNG_IRQHandler</a> from arm_startup_nrf52.o(.text) referenced from arm_startup_nrf52.o(RESET)
 <LI><a href="#[18]">RTC0_IRQHandler</a> from arm_startup_nrf52.o(.text) referenced from arm_startup_nrf52.o(RESET)
 <LI><a href="#[1e]">RTC1_IRQHandler</a> from app_timer.o(i.RTC1_IRQHandler) referenced from arm_startup_nrf52.o(RESET)
 <LI><a href="#[2f]">RTC2_IRQHandler</a> from arm_startup_nrf52.o(.text) referenced from arm_startup_nrf52.o(RESET)
 <LI><a href="#[3]">Reset_Handler</a> from arm_startup_nrf52.o(.text) referenced from arm_startup_nrf52.o(RESET)
 <LI><a href="#[14]">SAADC_IRQHandler</a> from arm_startup_nrf52.o(.text) referenced from arm_startup_nrf52.o(RESET)
 <LI><a href="#[10]">SPIM0_SPIS0_TWIM0_TWIS0_SPI0_TWI0_IRQHandler</a> from arm_startup_nrf52.o(.text) referenced from arm_startup_nrf52.o(RESET)
 <LI><a href="#[11]">SPIM1_SPIS1_TWIM1_TWIS1_SPI1_TWI1_IRQHandler</a> from nrfx_twim.o(i.SPIM1_SPIS1_TWIM1_TWIS1_SPI1_TWI1_IRQHandler) referenced from nrfx_twim.o(.constdata)
 <LI><a href="#[11]">SPIM1_SPIS1_TWIM1_TWIS1_SPI1_TWI1_IRQHandler</a> from nrfx_twim.o(i.SPIM1_SPIS1_TWIM1_TWIS1_SPI1_TWI1_IRQHandler) referenced from arm_startup_nrf52.o(RESET)
 <LI><a href="#[2e]">SPIM2_SPIS2_SPI2_IRQHandler</a> from arm_startup_nrf52.o(.text) referenced from arm_startup_nrf52.o(RESET)
 <LI><a href="#[9]">SVC_Handler</a> from arm_startup_nrf52.o(.text) referenced from arm_startup_nrf52.o(RESET)
 <LI><a href="#[21]">SWI0_EGU0_IRQHandler</a> from app_timer.o(i.SWI0_EGU0_IRQHandler) referenced from arm_startup_nrf52.o(RESET)
 <LI><a href="#[22]">SWI1_EGU1_IRQHandler</a> from arm_startup_nrf52.o(.text) referenced from arm_startup_nrf52.o(RESET)
 <LI><a href="#[23]">SWI2_EGU2_IRQHandler</a> from nrf_sdh.o(i.SWI2_EGU2_IRQHandler) referenced from arm_startup_nrf52.o(RESET)
 <LI><a href="#[24]">SWI3_EGU3_IRQHandler</a> from arm_startup_nrf52.o(.text) referenced from arm_startup_nrf52.o(RESET)
 <LI><a href="#[25]">SWI4_EGU4_IRQHandler</a> from arm_startup_nrf52.o(.text) referenced from arm_startup_nrf52.o(RESET)
 <LI><a href="#[26]">SWI5_EGU5_IRQHandler</a> from arm_startup_nrf52.o(.text) referenced from arm_startup_nrf52.o(RESET)
 <LI><a href="#[c]">SysTick_Handler</a> from actiontick.o(i.SysTick_Handler) referenced from arm_startup_nrf52.o(RESET)
 <LI><a href="#[33]">SystemInit</a> from system_nrf52.o(i.SystemInit) referenced from arm_startup_nrf52.o(.text)
 <LI><a href="#[19]">TEMP_IRQHandler</a> from arm_startup_nrf52.o(.text) referenced from arm_startup_nrf52.o(RESET)
 <LI><a href="#[15]">TIMER0_IRQHandler</a> from arm_startup_nrf52.o(.text) referenced from arm_startup_nrf52.o(RESET)
 <LI><a href="#[16]">TIMER1_IRQHandler</a> from nrfx_timer.o(i.TIMER1_IRQHandler) referenced from arm_startup_nrf52.o(RESET)
 <LI><a href="#[17]">TIMER2_IRQHandler</a> from nrfx_timer.o(i.TIMER2_IRQHandler) referenced from arm_startup_nrf52.o(RESET)
 <LI><a href="#[27]">TIMER3_IRQHandler</a> from arm_startup_nrf52.o(.text) referenced from arm_startup_nrf52.o(RESET)
 <LI><a href="#[28]">TIMER4_IRQHandler</a> from arm_startup_nrf52.o(.text) referenced from arm_startup_nrf52.o(RESET)
 <LI><a href="#[37]">TestModelTimeIntHandlerNull</a> from testmodel.o(i.TestModelTimeIntHandlerNull) referenced from testmodel.o(i.InitTestModelTimer)
 <LI><a href="#[f]">UARTE0_UART0_IRQHandler</a> from nrfx_prs.o(i.UARTE0_UART0_IRQHandler) referenced from arm_startup_nrf52.o(RESET)
 <LI><a href="#[8]">UsageFault_Handler</a> from arm_startup_nrf52.o(.text) referenced from arm_startup_nrf52.o(RESET)
 <LI><a href="#[1d]">WDT_IRQHandler</a> from arm_startup_nrf52.o(.text) referenced from arm_startup_nrf52.o(RESET)
 <LI><a href="#[34]">__main</a> from entry.o(.ARM.Collect$$$$00000000) referenced from arm_startup_nrf52.o(.text)
 <LI><a href="#[47]">app_error_fault_handler</a> from app_error_weak.o(i.app_error_fault_handler) referenced from nrf_sdh.o(i.nrf_sdh_enable_request)
 <LI><a href="#[65]">app_shutdown_handler</a> from main.o(i.app_shutdown_handler) referenced from main.o(pwr_mgmt_data0)
 <LI><a href="#[3d]">apply_pending_handle</a> from gatt_cache_manager.o(i.apply_pending_handle) referenced from gatt_cache_manager.o(i.gcm_ble_evt_handler)
 <LI><a href="#[68]">ble_advertising_on_ble_evt</a> from ble_advertising.o(i.ble_advertising_on_ble_evt) referenced from main.o(sdh_ble_observers1)
 <LI><a href="#[73]">ble_advertising_on_sys_evt</a> from ble_advertising.o(i.ble_advertising_on_sys_evt) referenced from main.o(sdh_soc_observers1)
 <LI><a href="#[6d]">ble_dfu_buttonless_on_ble_evt</a> from ble_dfu.o(i.ble_dfu_buttonless_on_ble_evt) referenced from ble_dfu.o(sdh_ble_observers2)
 <LI><a href="#[74]">ble_dfu_buttonless_on_sys_evt</a> from ble_dfu_unbonded.o(i.ble_dfu_buttonless_on_sys_evt) referenced from ble_dfu_unbonded.o(sdh_soc_observers1)
 <LI><a href="#[40]">ble_dfu_evt_handler</a> from main.o(i.ble_dfu_evt_handler) referenced from main.o(i.main)
 <LI><a href="#[66]">ble_evt_handler</a> from ble_conn_state.o(i.ble_evt_handler) referenced from ble_conn_state.o(sdh_ble_observers0)
 <LI><a href="#[69]">ble_evt_handler</a> from bsp_btn_ble.o(i.ble_evt_handler) referenced 3 times from bsp_btn_ble.o(sdh_ble_observers1)
 <LI><a href="#[6f]">ble_evt_handler</a> from main.o(i.ble_evt_handler) referenced from main.o(sdh_ble_observers3)
 <LI><a href="#[6e]">ble_nus_on_ble_evt</a> from ble_nus.o(i.ble_nus_on_ble_evt) referenced from bleservice.o(sdh_ble_observers2)
 <LI><a href="#[77]">buttonless_dfu_sdh_state_observer</a> from main.o(i.buttonless_dfu_sdh_state_observer) referenced from main.o(sdh_state_observers0)
 <LI><a href="#[4f]">car_update_pending_handle</a> from gatt_cache_manager.o(i.car_update_pending_handle) referenced from gatt_cache_manager.o(i.update_pending_flags_check)
 <LI><a href="#[43]">clock_irq_handler</a> from nrf_drv_clock.o(i.clock_irq_handler) referenced from nrf_drv_clock.o(i.nrf_drv_clock_init)
 <LI><a href="#[42]">conn_params_error_handler</a> from main.o(i.conn_params_error_handler) referenced from main.o(i.main)
 <LI><a href="#[4e]">db_update_pending_handle</a> from gatt_cache_manager.o(i.db_update_pending_handle) referenced from gatt_cache_manager.o(i.update_pending_flags_check)
 <LI><a href="#[3c]">disconnect</a> from main.o(i.disconnect) referenced from main.o(i.ble_dfu_evt_handler)
 <LI><a href="#[3b]">dummy_evt_handler</a> from ble_dfu.o(i.dummy_evt_handler) referenced from ble_dfu.o(i.ble_dfu_buttonless_init)
 <LI><a href="#[5d]">erase</a> from nrf_fstorage_sd.o(i.erase) referenced from nrf_fstorage_sd.o(.constdata)
 <LI><a href="#[49]">fds_evt_handler</a> from peer_data_storage.o(i.fds_evt_handler) referenced from peer_data_storage.o(i.pds_init)
 <LI><a href="#[2]">fs_event_handler</a> from fds.o(i.fs_event_handler) referenced 2 times from fds.o(fs_data)
 <LI><a href="#[51]">gcm_im_evt_handler</a> from gatt_cache_manager.o(i.gcm_im_evt_handler) referenced from id_manager.o(.constdata)
 <LI><a href="#[56]">gcm_pdb_evt_handler</a> from gatt_cache_manager.o(i.gcm_pdb_evt_handler) referenced from peer_database.o(.constdata)
 <LI><a href="#[55]">gscm_pdb_evt_handler</a> from gatts_cache_manager.o(i.gscm_pdb_evt_handler) referenced from peer_database.o(.constdata)
 <LI><a href="#[36]">i2s_data_handler</a> from audioplay.o(i.i2s_data_handler) referenced from audioplay.o(i.I2sInit)
 <LI><a href="#[59]">init</a> from nrf_fstorage_sd.o(i.init) referenced from nrf_fstorage_sd.o(.constdata)
 <LI><a href="#[61]">internal_transaction_cb</a> from nrf_twi_mngr.o(i.internal_transaction_cb) referenced from nrf_twi_mngr.o(.constdata)
 <LI><a href="#[60]">is_busy</a> from nrf_fstorage_sd.o(i.is_busy) referenced from nrf_fstorage_sd.o(.constdata)
 <LI><a href="#[4d]">link_secure_pending_handle</a> from security_manager.o(i.link_secure_pending_handle) referenced from security_manager.o(i.sm_ble_evt_handler)
 <LI><a href="#[4d]">link_secure_pending_handle</a> from security_manager.o(i.link_secure_pending_handle) referenced from security_manager.o(i.sm_pdb_evt_handler)
 <LI><a href="#[32]">main</a> from main.o(i.main) referenced from entry9a.o(.ARM.Collect$$$$0000000B)
 <LI><a href="#[67]">nrf_ble_gatt_on_ble_evt</a> from nrf_ble_gatt.o(i.nrf_ble_gatt_on_ble_evt) referenced from main.o(sdh_ble_observers1)
 <LI><a href="#[6c]">nrf_ble_qwr_on_ble_evt</a> from nrf_ble_qwr.o(i.nrf_ble_qwr_on_ble_evt) referenced from main.o(sdh_ble_observers2)
 <LI><a href="#[70]">nrf_fstorage_sdh_req_handler</a> from nrf_fstorage_sd.o(i.nrf_fstorage_sdh_req_handler) referenced from nrf_fstorage_sd.o(sdh_req_observers0)
 <LI><a href="#[79]">nrf_fstorage_sdh_state_handler</a> from nrf_fstorage_sd.o(i.nrf_fstorage_sdh_state_handler) referenced from nrf_fstorage_sd.o(sdh_state_observers0)
 <LI><a href="#[72]">nrf_fstorage_sys_evt_handler</a> from nrf_fstorage_sd.o(i.nrf_fstorage_sys_evt_handler) referenced from nrf_fstorage_sd.o(sdh_soc_observers0)
 <LI><a href="#[64]">nrf_log_backend_rtt_flush</a> from nrf_log_backend_rtt.o(i.nrf_log_backend_rtt_flush) referenced from nrf_log_backend_rtt.o(.constdata)
 <LI><a href="#[63]">nrf_log_backend_rtt_panic_set</a> from nrf_log_backend_rtt.o(i.nrf_log_backend_rtt_panic_set) referenced from nrf_log_backend_rtt.o(.constdata)
 <LI><a href="#[62]">nrf_log_backend_rtt_put</a> from nrf_log_backend_rtt.o(i.nrf_log_backend_rtt_put) referenced from nrf_log_backend_rtt.o(.constdata)
 <LI><a href="#[46]">nrf_pwr_mgmt_timeout_handler</a> from nrf_pwr_mgmt.o(i.nrf_pwr_mgmt_timeout_handler) referenced from nrf_pwr_mgmt.o(i.nrf_pwr_mgmt_init)
 <LI><a href="#[3f]">nrf_qwr_error_handler</a> from main.o(i.nrf_qwr_error_handler) referenced from main.o(i.main)
 <LI><a href="#[75]">nrf_sdh_ble_evts_poll</a> from nrf_sdh_ble.o(i.nrf_sdh_ble_evts_poll) referenced from nrf_sdh_ble.o(sdh_stack_observers0)
 <LI><a href="#[76]">nrf_sdh_soc_evts_poll</a> from nrf_sdh_soc.o(i.nrf_sdh_soc_evts_poll) referenced from nrf_sdh_soc.o(sdh_stack_observers0)
 <LI><a href="#[35]">nus_data_handler</a> from bleservice.o(i.nus_data_handler) referenced from bleservice.o(i.BleProtocalServiceInit)
 <LI><a href="#[3e]">on_adv_evt</a> from main.o(i.on_adv_evt) referenced from main.o(i.main)
 <LI><a href="#[41]">on_conn_params_evt</a> from main.o(i.on_conn_params_evt) referenced from main.o(i.main)
 <LI><a href="#[4c]">params_reply_pending_handle</a> from security_manager.o(i.params_reply_pending_handle) referenced from security_manager.o(i.sm_ble_evt_handler)
 <LI><a href="#[4c]">params_reply_pending_handle</a> from security_manager.o(i.params_reply_pending_handle) referenced from security_manager.o(i.sm_pdb_evt_handler)
 <LI><a href="#[52]">pdb_pds_evt_handler</a> from peer_database.o(i.pdb_pds_evt_handler) referenced from peer_data_storage.o(.constdata)
 <LI><a href="#[4a]">pm_evt_handler</a> from main.o(i.pm_evt_handler) referenced from main.o(i.peer_manager_init)
 <LI><a href="#[0]">pm_gcm_evt_handler</a> from peer_manager.o(i.pm_gcm_evt_handler) referenced 2 times from gatt_cache_manager.o(.data)
 <LI><a href="#[1]">pm_gscm_evt_handler</a> from peer_manager.o(i.pm_gscm_evt_handler) referenced 2 times from gatts_cache_manager.o(.data)
 <LI><a href="#[50]">pm_im_evt_handler</a> from peer_manager.o(i.pm_im_evt_handler) referenced from id_manager.o(.constdata)
 <LI><a href="#[53]">pm_pdb_evt_handler</a> from peer_manager.o(i.pm_pdb_evt_handler) referenced from peer_database.o(.constdata)
 <LI><a href="#[58]">pm_sm_evt_handler</a> from peer_manager.o(i.pm_sm_evt_handler) referenced from security_manager.o(.constdata)
 <LI><a href="#[5b]">read</a> from nrf_fstorage_sd.o(i.read) referenced from nrf_fstorage_sd.o(.constdata)
 <LI><a href="#[5e]">rmap</a> from nrf_fstorage_sd.o(i.rmap) referenced from nrf_fstorage_sd.o(.constdata)
 <LI><a href="#[4b]">sc_send_pending_handle</a> from gatt_cache_manager.o(i.sc_send_pending_handle) referenced from gatt_cache_manager.o(i.service_changed_pending_flags_check)
 <LI><a href="#[78]">sd_state_evt_handler</a> from nrf_drv_clock.o(i.sd_state_evt_handler) referenced from nrf_drv_clock.o(sdh_state_observers0)
 <LI><a href="#[45]">serial_tx</a> from nrf_log_backend_rtt.o(i.serial_tx) referenced from nrf_log_backend_rtt.o(i.nrf_log_backend_rtt_put)
 <LI><a href="#[54]">sm_pdb_evt_handler</a> from security_manager.o(i.sm_pdb_evt_handler) referenced from peer_database.o(.constdata)
 <LI><a href="#[57]">sm_smd_evt_handler</a> from security_manager.o(i.sm_smd_evt_handler) referenced from security_dispatcher.o(.constdata)
 <LI><a href="#[71]">soc_evt_handler</a> from nrf_drv_clock.o(i.soc_evt_handler) referenced from nrf_drv_clock.o(sdh_soc_observers0)
 <LI><a href="#[48]">twi_event_handler</a> from nrf_twi_mngr.o(i.twi_event_handler) referenced from nrf_twi_mngr.o(i.nrf_twi_mngr_init)
 <LI><a href="#[48]">twi_event_handler</a> from nrf_twi_mngr.o(i.twi_event_handler) referenced from nrf_twi_mngr.o(i.start_pending_transaction)
 <LI><a href="#[44]">twim_evt_handler</a> from nrf_drv_twi.o(i.twim_evt_handler) referenced from nrf_drv_twi.o(i.nrf_drv_twi_init)
 <LI><a href="#[5a]">uninit</a> from nrf_fstorage_sd.o(i.uninit) referenced from nrf_fstorage_sd.o(.constdata)
 <LI><a href="#[3a]">update_timeout_handler</a> from ble_conn_params.o(i.update_timeout_handler) referenced from ble_conn_params.o(i.ble_conn_params_init)
 <LI><a href="#[5f]">wmap</a> from nrf_fstorage_sd.o(i.wmap) referenced from nrf_fstorage_sd.o(.constdata)
 <LI><a href="#[5c]">write</a> from nrf_fstorage_sd.o(i.write) referenced from nrf_fstorage_sd.o(.constdata)
</UL>
<P>
<H3>
Global Symbols
</H3>
<P><STRONG><a name="[34]"></a>__main</STRONG> (Thumb, 0 bytes, Stack size unknown bytes, entry.o(.ARM.Collect$$$$00000000))
<BR>[Address Reference Count : 1]<UL><LI> arm_startup_nrf52.o(.text)
</UL>
<P><STRONG><a name="[398]"></a>_main_stk</STRONG> (Thumb, 0 bytes, Stack size unknown bytes, entry2.o(.ARM.Collect$$$$00000001))

<P><STRONG><a name="[7a]"></a>_main_scatterload</STRONG> (Thumb, 0 bytes, Stack size unknown bytes, entry5.o(.ARM.Collect$$$$00000004))
<BR><BR>[Calls]<UL><LI><a href="#[7b]">&gt;&gt;</a>&nbsp;&nbsp;&nbsp;__scatterload
</UL>

<P><STRONG><a name="[82]"></a>__main_after_scatterload</STRONG> (Thumb, 0 bytes, Stack size unknown bytes, entry5.o(.ARM.Collect$$$$00000004))
<BR><BR>[Called By]<UL><LI><a href="#[7b]">&gt;&gt;</a>&nbsp;&nbsp;&nbsp;__scatterload
</UL>

<P><STRONG><a name="[399]"></a>_main_clock</STRONG> (Thumb, 0 bytes, Stack size unknown bytes, entry7b.o(.ARM.Collect$$$$00000008))

<P><STRONG><a name="[39a]"></a>_main_cpp_init</STRONG> (Thumb, 0 bytes, Stack size unknown bytes, entry8b.o(.ARM.Collect$$$$0000000A))

<P><STRONG><a name="[39b]"></a>_main_init</STRONG> (Thumb, 0 bytes, Stack size unknown bytes, entry9a.o(.ARM.Collect$$$$0000000B))

<P><STRONG><a name="[39c]"></a>__rt_final_cpp</STRONG> (Thumb, 0 bytes, Stack size unknown bytes, entry10a.o(.ARM.Collect$$$$0000000D))

<P><STRONG><a name="[39d]"></a>__rt_final_exit</STRONG> (Thumb, 0 bytes, Stack size unknown bytes, entry11a.o(.ARM.Collect$$$$0000000F))

<P><STRONG><a name="[7c]"></a>app_error_handler</STRONG> (Thumb, 26 bytes, Stack size 0 bytes, app_error_handler_keil.o(.emb_text))
<BR><BR>[Stack]<UL><LI>Max Depth = 280<LI>Call Chain = app_error_handler &rArr; app_error_fault_handler &rArr; nrf_log_frontend_std_5 &rArr; std_n &rArr;  assert_nrf_callback (Cycle)
</UL>
<BR>[Calls]<UL><LI><a href="#[47]">&gt;&gt;</a>&nbsp;&nbsp;&nbsp;app_error_fault_handler
</UL>
<BR>[Called By]<UL><LI><a href="#[b7]">&gt;&gt;</a>&nbsp;&nbsp;&nbsp;I2sInit
<LI><a href="#[15a]">&gt;&gt;</a>&nbsp;&nbsp;&nbsp;MotorSpeedHalHwInit
<LI><a href="#[159]">&gt;&gt;</a>&nbsp;&nbsp;&nbsp;InitTestModelTimer
<LI><a href="#[35c]">&gt;&gt;</a>&nbsp;&nbsp;&nbsp;pm_handler_on_pm_evt
<LI><a href="#[35d]">&gt;&gt;</a>&nbsp;&nbsp;&nbsp;pm_handler_flash_clean
<LI><a href="#[153]">&gt;&gt;</a>&nbsp;&nbsp;&nbsp;InitAllPeriph
<LI><a href="#[da]">&gt;&gt;</a>&nbsp;&nbsp;&nbsp;BleProtocalServiceInit
<LI><a href="#[32]">&gt;&gt;</a>&nbsp;&nbsp;&nbsp;main
<LI><a href="#[1b8]">&gt;&gt;</a>&nbsp;&nbsp;&nbsp;assert_nrf_callback
<LI><a href="#[2b7]">&gt;&gt;</a>&nbsp;&nbsp;&nbsp;peer_manager_init
<LI><a href="#[41]">&gt;&gt;</a>&nbsp;&nbsp;&nbsp;on_conn_params_evt
<LI><a href="#[3e]">&gt;&gt;</a>&nbsp;&nbsp;&nbsp;on_adv_evt
<LI><a href="#[3f]">&gt;&gt;</a>&nbsp;&nbsp;&nbsp;nrf_qwr_error_handler
<LI><a href="#[27a]">&gt;&gt;</a>&nbsp;&nbsp;&nbsp;gap_params_init
<LI><a href="#[42]">&gt;&gt;</a>&nbsp;&nbsp;&nbsp;conn_params_error_handler
<LI><a href="#[231]">&gt;&gt;</a>&nbsp;&nbsp;&nbsp;ble_stack_init
<LI><a href="#[6f]">&gt;&gt;</a>&nbsp;&nbsp;&nbsp;ble_evt_handler
<LI><a href="#[1ce]">&gt;&gt;</a>&nbsp;&nbsp;&nbsp;advertising_start
<LI><a href="#[66]">&gt;&gt;</a>&nbsp;&nbsp;&nbsp;ble_evt_handler
<LI><a href="#[1c3]">&gt;&gt;</a>&nbsp;&nbsp;&nbsp;_conn_secure
<LI><a href="#[14d]">&gt;&gt;</a>&nbsp;&nbsp;&nbsp;I2cOpBlocking
<LI><a href="#[14b]">&gt;&gt;</a>&nbsp;&nbsp;&nbsp;I2cInit
<LI><a href="#[76]">&gt;&gt;</a>&nbsp;&nbsp;&nbsp;nrf_sdh_soc_evts_poll
<LI><a href="#[75]">&gt;&gt;</a>&nbsp;&nbsp;&nbsp;nrf_sdh_ble_evts_poll
<LI><a href="#[31d]">&gt;&gt;</a>&nbsp;&nbsp;&nbsp;softdevices_evt_irq_enable
<LI><a href="#[31c]">&gt;&gt;</a>&nbsp;&nbsp;&nbsp;softdevice_evt_irq_disable
</UL>

<P><STRONG><a name="[2c5]"></a>__asm___12_nrf_atfifo_c_51f461e1__nrf_atfifo_wspace_req</STRONG> (Thumb, 56 bytes, Stack size 0 bytes, nrf_atfifo.o(.emb_text))
<BR><BR>[Called By]<UL><LI><a href="#[254]">&gt;&gt;</a>&nbsp;&nbsp;&nbsp;nrf_atfifo_item_alloc
</UL>

<P><STRONG><a name="[7d]"></a>__asm___12_nrf_atfifo_c_51f461e1__nrf_atfifo_wspace_close</STRONG> (Thumb, 18 bytes, Stack size 0 bytes, nrf_atfifo.o(.emb_text))
<BR><BR>[Calls]<UL><LI><a href="#[7d]">&gt;&gt;</a>&nbsp;&nbsp;&nbsp;__asm___12_nrf_atfifo_c_51f461e1__nrf_atfifo_wspace_close
</UL>
<BR>[Called By]<UL><LI><a href="#[7d]">&gt;&gt;</a>&nbsp;&nbsp;&nbsp;__asm___12_nrf_atfifo_c_51f461e1__nrf_atfifo_wspace_close
<LI><a href="#[255]">&gt;&gt;</a>&nbsp;&nbsp;&nbsp;nrf_atfifo_item_put
</UL>

<P><STRONG><a name="[2c8]"></a>__asm___12_nrf_atfifo_c_51f461e1__nrf_atfifo_rspace_req</STRONG> (Thumb, 58 bytes, Stack size 0 bytes, nrf_atfifo.o(.emb_text))
<BR><BR>[Called By]<UL><LI><a href="#[2c7]">&gt;&gt;</a>&nbsp;&nbsp;&nbsp;nrf_atfifo_item_get
</UL>

<P><STRONG><a name="[7e]"></a>__asm___12_nrf_atfifo_c_51f461e1__nrf_atfifo_rspace_close</STRONG> (Thumb, 18 bytes, Stack size 0 bytes, nrf_atfifo.o(.emb_text))
<BR><BR>[Calls]<UL><LI><a href="#[7e]">&gt;&gt;</a>&nbsp;&nbsp;&nbsp;__asm___12_nrf_atfifo_c_51f461e1__nrf_atfifo_rspace_close
</UL>
<BR>[Called By]<UL><LI><a href="#[7e]">&gt;&gt;</a>&nbsp;&nbsp;&nbsp;__asm___12_nrf_atfifo_c_51f461e1__nrf_atfifo_rspace_close
<LI><a href="#[2c6]">&gt;&gt;</a>&nbsp;&nbsp;&nbsp;nrf_atfifo_item_free
</UL>

<P><STRONG><a name="[2c4]"></a>__asm___12_nrf_atfifo_c_51f461e1__nrf_atfifo_space_clear</STRONG> (Thumb, 50 bytes, Stack size 0 bytes, nrf_atfifo.o(.emb_text))
<BR><BR>[Called By]<UL><LI><a href="#[2c3]">&gt;&gt;</a>&nbsp;&nbsp;&nbsp;nrf_atfifo_clear
</UL>

<P><STRONG><a name="[2d0]"></a>__asm___12_nrf_atomic_c_85ca2469__nrf_atomic_internal_mov</STRONG> (Thumb, 24 bytes, Stack size 0 bytes, nrf_atomic.o(.emb_text))
<BR><BR>[Called By]<UL><LI><a href="#[24b]">&gt;&gt;</a>&nbsp;&nbsp;&nbsp;nrf_atomic_u32_fetch_store
</UL>

<P><STRONG><a name="[2cf]"></a>__asm___12_nrf_atomic_c_85ca2469__nrf_atomic_internal_orr</STRONG> (Thumb, 26 bytes, Stack size 0 bytes, nrf_atomic.o(.emb_text))
<BR><BR>[Called By]<UL><LI><a href="#[2ca]">&gt;&gt;</a>&nbsp;&nbsp;&nbsp;nrf_atomic_u32_or
<LI><a href="#[2c9]">&gt;&gt;</a>&nbsp;&nbsp;&nbsp;nrf_atomic_u32_fetch_or
</UL>

<P><STRONG><a name="[2cd]"></a>__asm___12_nrf_atomic_c_85ca2469__nrf_atomic_internal_and</STRONG> (Thumb, 26 bytes, Stack size 0 bytes, nrf_atomic.o(.emb_text))
<BR><BR>[Called By]<UL><LI><a href="#[22a]">&gt;&gt;</a>&nbsp;&nbsp;&nbsp;nrf_atomic_u32_and
<LI><a href="#[2cb]">&gt;&gt;</a>&nbsp;&nbsp;&nbsp;nrf_atomic_u32_fetch_and
</UL>

<P><STRONG><a name="[39e]"></a>__asm___12_nrf_atomic_c_85ca2469__nrf_atomic_internal_eor</STRONG> (Thumb, 26 bytes, Stack size 0 bytes, nrf_atomic.o(.emb_text), UNUSED)

<P><STRONG><a name="[2cc]"></a>__asm___12_nrf_atomic_c_85ca2469__nrf_atomic_internal_add</STRONG> (Thumb, 26 bytes, Stack size 0 bytes, nrf_atomic.o(.emb_text))
<BR><BR>[Called By]<UL><LI><a href="#[2ce]">&gt;&gt;</a>&nbsp;&nbsp;&nbsp;nrf_atomic_u32_fetch_add
<LI><a href="#[238]">&gt;&gt;</a>&nbsp;&nbsp;&nbsp;nrf_atomic_u32_add
</UL>

<P><STRONG><a name="[2d2]"></a>__asm___12_nrf_atomic_c_85ca2469__nrf_atomic_internal_sub</STRONG> (Thumb, 26 bytes, Stack size 0 bytes, nrf_atomic.o(.emb_text))
<BR><BR>[Called By]<UL><LI><a href="#[2d1]">&gt;&gt;</a>&nbsp;&nbsp;&nbsp;nrf_atomic_u32_sub
</UL>

<P><STRONG><a name="[39f]"></a>__asm___12_nrf_atomic_c_85ca2469__nrf_atomic_internal_cmp_exch</STRONG> (Thumb, 42 bytes, Stack size 0 bytes, nrf_atomic.o(.emb_text), UNUSED)

<P><STRONG><a name="[3a0]"></a>__asm___12_nrf_atomic_c_85ca2469__nrf_atomic_internal_sub_hs</STRONG> (Thumb, 30 bytes, Stack size 0 bytes, nrf_atomic.o(.emb_text), UNUSED)

<P><STRONG><a name="[3]"></a>Reset_Handler</STRONG> (Thumb, 8 bytes, Stack size 0 bytes, arm_startup_nrf52.o(.text))
<BR>[Address Reference Count : 1]<UL><LI> arm_startup_nrf52.o(RESET)
</UL>
<P><STRONG><a name="[4]"></a>NMI_Handler</STRONG> (Thumb, 2 bytes, Stack size 0 bytes, arm_startup_nrf52.o(.text))
<BR><BR>[Calls]<UL><LI><a href="#[4]">&gt;&gt;</a>&nbsp;&nbsp;&nbsp;NMI_Handler
</UL>
<BR>[Called By]<UL><LI><a href="#[4]">&gt;&gt;</a>&nbsp;&nbsp;&nbsp;NMI_Handler
</UL>
<BR>[Address Reference Count : 1]<UL><LI> arm_startup_nrf52.o(RESET)
</UL>
<P><STRONG><a name="[5]"></a>HardFault_Handler</STRONG> (Thumb, 2 bytes, Stack size 0 bytes, arm_startup_nrf52.o(.text))
<BR><BR>[Calls]<UL><LI><a href="#[5]">&gt;&gt;</a>&nbsp;&nbsp;&nbsp;HardFault_Handler
</UL>
<BR>[Called By]<UL><LI><a href="#[5]">&gt;&gt;</a>&nbsp;&nbsp;&nbsp;HardFault_Handler
</UL>
<BR>[Address Reference Count : 1]<UL><LI> arm_startup_nrf52.o(RESET)
</UL>
<P><STRONG><a name="[6]"></a>MemoryManagement_Handler</STRONG> (Thumb, 2 bytes, Stack size 0 bytes, arm_startup_nrf52.o(.text))
<BR><BR>[Calls]<UL><LI><a href="#[6]">&gt;&gt;</a>&nbsp;&nbsp;&nbsp;MemoryManagement_Handler
</UL>
<BR>[Called By]<UL><LI><a href="#[6]">&gt;&gt;</a>&nbsp;&nbsp;&nbsp;MemoryManagement_Handler
</UL>
<BR>[Address Reference Count : 1]<UL><LI> arm_startup_nrf52.o(RESET)
</UL>
<P><STRONG><a name="[7]"></a>BusFault_Handler</STRONG> (Thumb, 2 bytes, Stack size 0 bytes, arm_startup_nrf52.o(.text))
<BR><BR>[Calls]<UL><LI><a href="#[7]">&gt;&gt;</a>&nbsp;&nbsp;&nbsp;BusFault_Handler
</UL>
<BR>[Called By]<UL><LI><a href="#[7]">&gt;&gt;</a>&nbsp;&nbsp;&nbsp;BusFault_Handler
</UL>
<BR>[Address Reference Count : 1]<UL><LI> arm_startup_nrf52.o(RESET)
</UL>
<P><STRONG><a name="[8]"></a>UsageFault_Handler</STRONG> (Thumb, 2 bytes, Stack size 0 bytes, arm_startup_nrf52.o(.text))
<BR><BR>[Calls]<UL><LI><a href="#[8]">&gt;&gt;</a>&nbsp;&nbsp;&nbsp;UsageFault_Handler
</UL>
<BR>[Called By]<UL><LI><a href="#[8]">&gt;&gt;</a>&nbsp;&nbsp;&nbsp;UsageFault_Handler
</UL>
<BR>[Address Reference Count : 1]<UL><LI> arm_startup_nrf52.o(RESET)
</UL>
<P><STRONG><a name="[9]"></a>SVC_Handler</STRONG> (Thumb, 2 bytes, Stack size 0 bytes, arm_startup_nrf52.o(.text))
<BR><BR>[Calls]<UL><LI><a href="#[9]">&gt;&gt;</a>&nbsp;&nbsp;&nbsp;SVC_Handler
</UL>
<BR>[Called By]<UL><LI><a href="#[9]">&gt;&gt;</a>&nbsp;&nbsp;&nbsp;SVC_Handler
</UL>
<BR>[Address Reference Count : 1]<UL><LI> arm_startup_nrf52.o(RESET)
</UL>
<P><STRONG><a name="[a]"></a>DebugMon_Handler</STRONG> (Thumb, 2 bytes, Stack size 0 bytes, arm_startup_nrf52.o(.text))
<BR><BR>[Calls]<UL><LI><a href="#[a]">&gt;&gt;</a>&nbsp;&nbsp;&nbsp;DebugMon_Handler
</UL>
<BR>[Called By]<UL><LI><a href="#[a]">&gt;&gt;</a>&nbsp;&nbsp;&nbsp;DebugMon_Handler
</UL>
<BR>[Address Reference Count : 1]<UL><LI> arm_startup_nrf52.o(RESET)
</UL>
<P><STRONG><a name="[b]"></a>PendSV_Handler</STRONG> (Thumb, 2 bytes, Stack size 0 bytes, arm_startup_nrf52.o(.text))
<BR><BR>[Calls]<UL><LI><a href="#[b]">&gt;&gt;</a>&nbsp;&nbsp;&nbsp;PendSV_Handler
</UL>
<BR>[Called By]<UL><LI><a href="#[b]">&gt;&gt;</a>&nbsp;&nbsp;&nbsp;PendSV_Handler
</UL>
<BR>[Address Reference Count : 1]<UL><LI> arm_startup_nrf52.o(RESET)
</UL>
<P><STRONG><a name="[1c]"></a>CCM_AAR_IRQHandler</STRONG> (Thumb, 0 bytes, Stack size 0 bytes, arm_startup_nrf52.o(.text))
<BR><BR>[Calls]<UL><LI><a href="#[1c]">&gt;&gt;</a>&nbsp;&nbsp;&nbsp;CCM_AAR_IRQHandler
</UL>
<BR>[Called By]<UL><LI><a href="#[1c]">&gt;&gt;</a>&nbsp;&nbsp;&nbsp;CCM_AAR_IRQHandler
</UL>
<BR>[Address Reference Count : 1]<UL><LI> arm_startup_nrf52.o(RESET)
</UL>
<P><STRONG><a name="[20]"></a>COMP_LPCOMP_IRQHandler</STRONG> (Thumb, 0 bytes, Stack size 0 bytes, arm_startup_nrf52.o(.text))
<BR>[Address Reference Count : 1]<UL><LI> arm_startup_nrf52.o(RESET)
</UL>
<P><STRONG><a name="[1b]"></a>ECB_IRQHandler</STRONG> (Thumb, 0 bytes, Stack size 0 bytes, arm_startup_nrf52.o(.text))
<BR>[Address Reference Count : 1]<UL><LI> arm_startup_nrf52.o(RESET)
</UL>
<P><STRONG><a name="[31]"></a>FPU_IRQHandler</STRONG> (Thumb, 0 bytes, Stack size 0 bytes, arm_startup_nrf52.o(.text))
<BR>[Address Reference Count : 1]<UL><LI> arm_startup_nrf52.o(RESET)
</UL>
<P><STRONG><a name="[2b]"></a>MWU_IRQHandler</STRONG> (Thumb, 0 bytes, Stack size 0 bytes, arm_startup_nrf52.o(.text))
<BR>[Address Reference Count : 1]<UL><LI> arm_startup_nrf52.o(RESET)
</UL>
<P><STRONG><a name="[12]"></a>NFCT_IRQHandler</STRONG> (Thumb, 0 bytes, Stack size 0 bytes, arm_startup_nrf52.o(.text))
<BR>[Address Reference Count : 1]<UL><LI> arm_startup_nrf52.o(RESET)
</UL>
<P><STRONG><a name="[2a]"></a>PDM_IRQHandler</STRONG> (Thumb, 0 bytes, Stack size 0 bytes, arm_startup_nrf52.o(.text))
<BR>[Address Reference Count : 1]<UL><LI> arm_startup_nrf52.o(RESET)
</UL>
<P><STRONG><a name="[29]"></a>PWM0_IRQHandler</STRONG> (Thumb, 0 bytes, Stack size 0 bytes, arm_startup_nrf52.o(.text))
<BR>[Address Reference Count : 1]<UL><LI> arm_startup_nrf52.o(RESET)
</UL>
<P><STRONG><a name="[2c]"></a>PWM1_IRQHandler</STRONG> (Thumb, 0 bytes, Stack size 0 bytes, arm_startup_nrf52.o(.text))
<BR>[Address Reference Count : 1]<UL><LI> arm_startup_nrf52.o(RESET)
</UL>
<P><STRONG><a name="[2d]"></a>PWM2_IRQHandler</STRONG> (Thumb, 0 bytes, Stack size 0 bytes, arm_startup_nrf52.o(.text))
<BR>[Address Reference Count : 1]<UL><LI> arm_startup_nrf52.o(RESET)
</UL>
<P><STRONG><a name="[1f]"></a>QDEC_IRQHandler</STRONG> (Thumb, 0 bytes, Stack size 0 bytes, arm_startup_nrf52.o(.text))
<BR>[Address Reference Count : 1]<UL><LI> arm_startup_nrf52.o(RESET)
</UL>
<P><STRONG><a name="[e]"></a>RADIO_IRQHandler</STRONG> (Thumb, 0 bytes, Stack size 0 bytes, arm_startup_nrf52.o(.text))
<BR>[Address Reference Count : 1]<UL><LI> arm_startup_nrf52.o(RESET)
</UL>
<P><STRONG><a name="[1a]"></a>RNG_IRQHandler</STRONG> (Thumb, 0 bytes, Stack size 0 bytes, arm_startup_nrf52.o(.text))
<BR>[Address Reference Count : 1]<UL><LI> arm_startup_nrf52.o(RESET)
</UL>
<P><STRONG><a name="[18]"></a>RTC0_IRQHandler</STRONG> (Thumb, 0 bytes, Stack size 0 bytes, arm_startup_nrf52.o(.text))
<BR>[Address Reference Count : 1]<UL><LI> arm_startup_nrf52.o(RESET)
</UL>
<P><STRONG><a name="[2f]"></a>RTC2_IRQHandler</STRONG> (Thumb, 0 bytes, Stack size 0 bytes, arm_startup_nrf52.o(.text))
<BR>[Address Reference Count : 1]<UL><LI> arm_startup_nrf52.o(RESET)
</UL>
<P><STRONG><a name="[14]"></a>SAADC_IRQHandler</STRONG> (Thumb, 0 bytes, Stack size 0 bytes, arm_startup_nrf52.o(.text))
<BR>[Address Reference Count : 1]<UL><LI> arm_startup_nrf52.o(RESET)
</UL>
<P><STRONG><a name="[10]"></a>SPIM0_SPIS0_TWIM0_TWIS0_SPI0_TWI0_IRQHandler</STRONG> (Thumb, 0 bytes, Stack size 0 bytes, arm_startup_nrf52.o(.text))
<BR>[Address Reference Count : 1]<UL><LI> arm_startup_nrf52.o(RESET)
</UL>
<P><STRONG><a name="[2e]"></a>SPIM2_SPIS2_SPI2_IRQHandler</STRONG> (Thumb, 0 bytes, Stack size 0 bytes, arm_startup_nrf52.o(.text))
<BR>[Address Reference Count : 1]<UL><LI> arm_startup_nrf52.o(RESET)
</UL>
<P><STRONG><a name="[22]"></a>SWI1_EGU1_IRQHandler</STRONG> (Thumb, 0 bytes, Stack size 0 bytes, arm_startup_nrf52.o(.text))
<BR>[Address Reference Count : 1]<UL><LI> arm_startup_nrf52.o(RESET)
</UL>
<P><STRONG><a name="[24]"></a>SWI3_EGU3_IRQHandler</STRONG> (Thumb, 0 bytes, Stack size 0 bytes, arm_startup_nrf52.o(.text))
<BR>[Address Reference Count : 1]<UL><LI> arm_startup_nrf52.o(RESET)
</UL>
<P><STRONG><a name="[25]"></a>SWI4_EGU4_IRQHandler</STRONG> (Thumb, 0 bytes, Stack size 0 bytes, arm_startup_nrf52.o(.text))
<BR>[Address Reference Count : 1]<UL><LI> arm_startup_nrf52.o(RESET)
</UL>
<P><STRONG><a name="[26]"></a>SWI5_EGU5_IRQHandler</STRONG> (Thumb, 0 bytes, Stack size 0 bytes, arm_startup_nrf52.o(.text))
<BR>[Address Reference Count : 1]<UL><LI> arm_startup_nrf52.o(RESET)
</UL>
<P><STRONG><a name="[19]"></a>TEMP_IRQHandler</STRONG> (Thumb, 0 bytes, Stack size 0 bytes, arm_startup_nrf52.o(.text))
<BR>[Address Reference Count : 1]<UL><LI> arm_startup_nrf52.o(RESET)
</UL>
<P><STRONG><a name="[15]"></a>TIMER0_IRQHandler</STRONG> (Thumb, 0 bytes, Stack size 0 bytes, arm_startup_nrf52.o(.text))
<BR>[Address Reference Count : 1]<UL><LI> arm_startup_nrf52.o(RESET)
</UL>
<P><STRONG><a name="[27]"></a>TIMER3_IRQHandler</STRONG> (Thumb, 0 bytes, Stack size 0 bytes, arm_startup_nrf52.o(.text))
<BR>[Address Reference Count : 1]<UL><LI> arm_startup_nrf52.o(RESET)
</UL>
<P><STRONG><a name="[28]"></a>TIMER4_IRQHandler</STRONG> (Thumb, 0 bytes, Stack size 0 bytes, arm_startup_nrf52.o(.text))
<BR>[Address Reference Count : 1]<UL><LI> arm_startup_nrf52.o(RESET)
</UL>
<P><STRONG><a name="[1d]"></a>WDT_IRQHandler</STRONG> (Thumb, 0 bytes, Stack size 0 bytes, arm_startup_nrf52.o(.text))
<BR>[Address Reference Count : 1]<UL><LI> arm_startup_nrf52.o(RESET)
</UL>
<P><STRONG><a name="[19f]"></a>__aeabi_lasr</STRONG> (Thumb, 36 bytes, Stack size 0 bytes, llsshr.o(.text))
<BR><BR>[Called By]<UL><LI><a href="#[19e]">&gt;&gt;</a>&nbsp;&nbsp;&nbsp;SAR64
</UL>

<P><STRONG><a name="[3a1]"></a>_ll_sshift_r</STRONG> (Thumb, 0 bytes, Stack size 0 bytes, llsshr.o(.text), UNUSED)

<P><STRONG><a name="[304]"></a>__rt_ctype_table</STRONG> (Thumb, 4 bytes, Stack size 0 bytes, ctype_o.o(.text))
<BR><BR>[Called By]<UL><LI><a href="#[2fa]">&gt;&gt;</a>&nbsp;&nbsp;&nbsp;nrf_log_hexdump_entry_process
</UL>

<P><STRONG><a name="[143]"></a>rand</STRONG> (Thumb, 20 bytes, Stack size 0 bytes, rand.o(.text))
<BR><BR>[Called By]<UL><LI><a href="#[141]">&gt;&gt;</a>&nbsp;&nbsp;&nbsp;GetPasswordRandom
</UL>

<P><STRONG><a name="[142]"></a>srand</STRONG> (Thumb, 6 bytes, Stack size 0 bytes, rand.o(.text))
<BR><BR>[Called By]<UL><LI><a href="#[141]">&gt;&gt;</a>&nbsp;&nbsp;&nbsp;GetPasswordRandom
</UL>

<P><STRONG><a name="[3a2]"></a>___aeabi_memcpy8$move</STRONG> (Thumb, 0 bytes, Stack size 8 bytes, memmovea.o(.text), UNUSED)

<P><STRONG><a name="[8a]"></a>__aeabi_memcpy</STRONG> (Thumb, 64 bytes, Stack size 8 bytes, memmovea.o(.text))
<BR><BR>[Stack]<UL><LI>Max Depth = 8<LI>Call Chain = __aeabi_memcpy
</UL>
<BR>[Called By]<UL><LI><a href="#[f8]">&gt;&gt;</a>&nbsp;&nbsp;&nbsp;CutAudioOneSpeed
<LI><a href="#[13e]">&gt;&gt;</a>&nbsp;&nbsp;&nbsp;GetOneSystemInfo
<LI><a href="#[1ae]">&gt;&gt;</a>&nbsp;&nbsp;&nbsp;SetOneVehicleParam
<LI><a href="#[140]">&gt;&gt;</a>&nbsp;&nbsp;&nbsp;GetOneVehicleParam
<LI><a href="#[1bc]">&gt;&gt;</a>&nbsp;&nbsp;&nbsp;WriteOneParamToTable
<LI><a href="#[a0]">&gt;&gt;</a>&nbsp;&nbsp;&nbsp;InitOneParam
<LI><a href="#[99]">&gt;&gt;</a>&nbsp;&nbsp;&nbsp;InitBuffParam
<LI><a href="#[f4]">&gt;&gt;</a>&nbsp;&nbsp;&nbsp;CheckParamIndex
<LI><a href="#[1ad]">&gt;&gt;</a>&nbsp;&nbsp;&nbsp;SetOneSystemParam
<LI><a href="#[13f]">&gt;&gt;</a>&nbsp;&nbsp;&nbsp;GetOneSystemParam
<LI><a href="#[1fd]">&gt;&gt;</a>&nbsp;&nbsp;&nbsp;service_data_encode
<LI><a href="#[1fc]">&gt;&gt;</a>&nbsp;&nbsp;&nbsp;manuf_specific_data_encode
<LI><a href="#[23d]">&gt;&gt;</a>&nbsp;&nbsp;&nbsp;pds_peer_data_read
<LI><a href="#[221]">&gt;&gt;</a>&nbsp;&nbsp;&nbsp;ble_dfu_buttonless_on_ctrl_pt_write
<LI><a href="#[314]">&gt;&gt;</a>&nbsp;&nbsp;&nbsp;nrf_queue_push
<LI><a href="#[310]">&gt;&gt;</a>&nbsp;&nbsp;&nbsp;nrf_queue_generic_pop
<LI><a href="#[2be]">&gt;&gt;</a>&nbsp;&nbsp;&nbsp;memobj_op
<LI><a href="#[5b]">&gt;&gt;</a>&nbsp;&nbsp;&nbsp;read
<LI><a href="#[1a4]">&gt;&gt;</a>&nbsp;&nbsp;&nbsp;_WriteNoCheck
<LI><a href="#[1a5]">&gt;&gt;</a>&nbsp;&nbsp;&nbsp;_WriteBlocking
<LI><a href="#[300]">&gt;&gt;</a>&nbsp;&nbsp;&nbsp;nrf_log_frontend_hexdump
<LI><a href="#[35]">&gt;&gt;</a>&nbsp;&nbsp;&nbsp;nus_data_handler
<LI><a href="#[108]">&gt;&gt;</a>&nbsp;&nbsp;&nbsp;MP3Decode
<LI><a href="#[183]">&gt;&gt;</a>&nbsp;&nbsp;&nbsp;Mp3HeadRead
<LI><a href="#[1af]">&gt;&gt;</a>&nbsp;&nbsp;&nbsp;SetPassword
<LI><a href="#[19c]">&gt;&gt;</a>&nbsp;&nbsp;&nbsp;ResetPassword
<LI><a href="#[b8]">&gt;&gt;</a>&nbsp;&nbsp;&nbsp;AuthorizePassword
<LI><a href="#[89]">&gt;&gt;</a>&nbsp;&nbsp;&nbsp;AddNodeToBleRequestCmdTable
<LI><a href="#[ce]">&gt;&gt;</a>&nbsp;&nbsp;&nbsp;WriteSoundStartCmdHandler
<LI><a href="#[cd]">&gt;&gt;</a>&nbsp;&nbsp;&nbsp;ReadSoundNameCmdHandler
<LI><a href="#[d4]">&gt;&gt;</a>&nbsp;&nbsp;&nbsp;GetRandomCmdHandler
<LI><a href="#[1c0]">&gt;&gt;</a>&nbsp;&nbsp;&nbsp;WriteSoundStart
<LI><a href="#[1be]">&gt;&gt;</a>&nbsp;&nbsp;&nbsp;WriteSoundBlockData
</UL>

<P><STRONG><a name="[111]"></a>__aeabi_memcpy4</STRONG> (Thumb, 0 bytes, Stack size 8 bytes, memmovea.o(.text))
<BR><BR>[Stack]<UL><LI>Max Depth = 8<LI>Call Chain = __aeabi_memcpy4
</UL>
<BR>[Called By]<UL><LI><a href="#[206]">&gt;&gt;</a>&nbsp;&nbsp;&nbsp;ble_conn_params_init
<LI><a href="#[202]">&gt;&gt;</a>&nbsp;&nbsp;&nbsp;ble_advertising_modes_config_set
<LI><a href="#[201]">&gt;&gt;</a>&nbsp;&nbsp;&nbsp;ble_advertising_init
<LI><a href="#[160]">&gt;&gt;</a>&nbsp;&nbsp;&nbsp;ItIsASecret
<LI><a href="#[371]">&gt;&gt;</a>&nbsp;&nbsp;&nbsp;service_changed_send_in_evt
<LI><a href="#[2ae]">&gt;&gt;</a>&nbsp;&nbsp;&nbsp;send_unexpected_error
<LI><a href="#[24c]">&gt;&gt;</a>&nbsp;&nbsp;&nbsp;local_db_update_in_evt
<LI><a href="#[22b]">&gt;&gt;</a>&nbsp;&nbsp;&nbsp;conn_handle_list_get
<LI><a href="#[66]">&gt;&gt;</a>&nbsp;&nbsp;&nbsp;ble_evt_handler
<LI><a href="#[260]">&gt;&gt;</a>&nbsp;&nbsp;&nbsp;peer_data_delete_process
<LI><a href="#[2da]">&gt;&gt;</a>&nbsp;&nbsp;&nbsp;on_data_length_update_evt
<LI><a href="#[22c]">&gt;&gt;</a>&nbsp;&nbsp;&nbsp;im_ble_evt_handler
<LI><a href="#[22e]">&gt;&gt;</a>&nbsp;&nbsp;&nbsp;gcm_ble_evt_handler
<LI><a href="#[376]">&gt;&gt;</a>&nbsp;&nbsp;&nbsp;smd_ble_evt_handler
<LI><a href="#[1ef]">&gt;&gt;</a>&nbsp;&nbsp;&nbsp;send_unexpected_error
<LI><a href="#[373]">&gt;&gt;</a>&nbsp;&nbsp;&nbsp;sec_proc_start
<LI><a href="#[248]">&gt;&gt;</a>&nbsp;&nbsp;&nbsp;conn_sec_failure
<LI><a href="#[1e7]">&gt;&gt;</a>&nbsp;&nbsp;&nbsp;auth_status_success_process
<LI><a href="#[363]">&gt;&gt;</a>&nbsp;&nbsp;&nbsp;pm_handler_flash_clean_on_return
<LI><a href="#[335]">&gt;&gt;</a>&nbsp;&nbsp;&nbsp;twim_xfer
<LI><a href="#[1a6]">&gt;&gt;</a>&nbsp;&nbsp;&nbsp;twim_irq_handler
<LI><a href="#[14e]">&gt;&gt;</a>&nbsp;&nbsp;&nbsp;nrf_twi_mngr_perform
<LI><a href="#[ad]">&gt;&gt;</a>&nbsp;&nbsp;&nbsp;DecryptionConvertMp3
</UL>

<P><STRONG><a name="[171]"></a>__aeabi_memmove</STRONG> (Thumb, 0 bytes, Stack size 8 bytes, memmovea.o(.text))
<BR><BR>[Stack]<UL><LI>Max Depth = 8<LI>Call Chain = __aeabi_memmove
</UL>
<BR>[Called By]<UL><LI><a href="#[108]">&gt;&gt;</a>&nbsp;&nbsp;&nbsp;MP3Decode
</UL>

<P><STRONG><a name="[3a3]"></a>__aeabi_memmove4</STRONG> (Thumb, 0 bytes, Stack size 8 bytes, memmovea.o(.text), UNUSED)

<P><STRONG><a name="[3a4]"></a>__aeabi_memmove8</STRONG> (Thumb, 0 bytes, Stack size 8 bytes, memmovea.o(.text), UNUSED)

<P><STRONG><a name="[80]"></a>__aeabi_memset</STRONG> (Thumb, 14 bytes, Stack size 0 bytes, memseta.o(.text))
<BR><BR>[Called By]<UL><LI><a href="#[ef]">&gt;&gt;</a>&nbsp;&nbsp;&nbsp;WriteSystemParamTable
<LI><a href="#[168]">&gt;&gt;</a>&nbsp;&nbsp;&nbsp;WriteVehicleParamTable
<LI><a href="#[ad]">&gt;&gt;</a>&nbsp;&nbsp;&nbsp;DecryptionConvertMp3
<LI><a href="#[19c]">&gt;&gt;</a>&nbsp;&nbsp;&nbsp;ResetPassword
<LI><a href="#[cc]">&gt;&gt;</a>&nbsp;&nbsp;&nbsp;ReadSoundGuidCmdHandler
<LI><a href="#[a5]">&gt;&gt;</a>&nbsp;&nbsp;&nbsp;AudioFileConvert
<LI><a href="#[81]">&gt;&gt;</a>&nbsp;&nbsp;&nbsp;_memset$wrapper
<LI><a href="#[7f]">&gt;&gt;</a>&nbsp;&nbsp;&nbsp;__aeabi_memclr
</UL>

<P><STRONG><a name="[3a5]"></a>__aeabi_memset4</STRONG> (Thumb, 0 bytes, Stack size 0 bytes, memseta.o(.text), UNUSED)

<P><STRONG><a name="[3a6]"></a>__aeabi_memset8</STRONG> (Thumb, 0 bytes, Stack size 0 bytes, memseta.o(.text), UNUSED)

<P><STRONG><a name="[7f]"></a>__aeabi_memclr</STRONG> (Thumb, 4 bytes, Stack size 0 bytes, memseta.o(.text))
<BR><BR>[Calls]<UL><LI><a href="#[80]">&gt;&gt;</a>&nbsp;&nbsp;&nbsp;__aeabi_memset
</UL>
<BR>[Called By]<UL><LI><a href="#[374]">&gt;&gt;</a>&nbsp;&nbsp;&nbsp;sec_keyset_fill
<LI><a href="#[13b]">&gt;&gt;</a>&nbsp;&nbsp;&nbsp;GetNextSoundBlockIndex
</UL>

<P><STRONG><a name="[1cd]"></a>__aeabi_memclr4</STRONG> (Thumb, 0 bytes, Stack size 0 bytes, memseta.o(.text))
<BR><BR>[Called By]<UL><LI><a href="#[1d0]">&gt;&gt;</a>&nbsp;&nbsp;&nbsp;pm_peers_delete
<LI><a href="#[1d1]">&gt;&gt;</a>&nbsp;&nbsp;&nbsp;ble_advertising_start
<LI><a href="#[32]">&gt;&gt;</a>&nbsp;&nbsp;&nbsp;main
<LI><a href="#[1cc]">&gt;&gt;</a>&nbsp;&nbsp;&nbsp;advertising_config_get
<LI><a href="#[1e6]">&gt;&gt;</a>&nbsp;&nbsp;&nbsp;local_db_apply_in_evt
<LI><a href="#[21c]">&gt;&gt;</a>&nbsp;&nbsp;&nbsp;characteristic_add
<LI><a href="#[34a]">&gt;&gt;</a>&nbsp;&nbsp;&nbsp;peer_id_init
<LI><a href="#[267]">&gt;&gt;</a>&nbsp;&nbsp;&nbsp;fds_init
<LI><a href="#[49]">&gt;&gt;</a>&nbsp;&nbsp;&nbsp;fds_evt_handler
<LI><a href="#[1d2]">&gt;&gt;</a>&nbsp;&nbsp;&nbsp;ah
<LI><a href="#[292]">&gt;&gt;</a>&nbsp;&nbsp;&nbsp;service_changed_pending_set
<LI><a href="#[258]">&gt;&gt;</a>&nbsp;&nbsp;&nbsp;events_send_from_err_code
<LI><a href="#[378]">&gt;&gt;</a>&nbsp;&nbsp;&nbsp;smd_params_reply
<LI><a href="#[1ed]">&gt;&gt;</a>&nbsp;&nbsp;&nbsp;send_config_req
<LI><a href="#[360]">&gt;&gt;</a>&nbsp;&nbsp;&nbsp;rank_highest
<LI><a href="#[35f]">&gt;&gt;</a>&nbsp;&nbsp;&nbsp;pm_peer_rank_highest
<LI><a href="#[53]">&gt;&gt;</a>&nbsp;&nbsp;&nbsp;pm_pdb_evt_handler
<LI><a href="#[21b]">&gt;&gt;</a>&nbsp;&nbsp;&nbsp;ble_dfu_buttonless_char_add
<LI><a href="#[279]">&gt;&gt;</a>&nbsp;&nbsp;&nbsp;queue_process
<LI><a href="#[263]">&gt;&gt;</a>&nbsp;&nbsp;&nbsp;queue_buf_get
<LI><a href="#[5c]">&gt;&gt;</a>&nbsp;&nbsp;&nbsp;write
<LI><a href="#[5a]">&gt;&gt;</a>&nbsp;&nbsp;&nbsp;uninit
<LI><a href="#[257]">&gt;&gt;</a>&nbsp;&nbsp;&nbsp;event_send
<LI><a href="#[5d]">&gt;&gt;</a>&nbsp;&nbsp;&nbsp;erase
<LI><a href="#[2f6]">&gt;&gt;</a>&nbsp;&nbsp;&nbsp;nrf_log_backend_serial_put
<LI><a href="#[6e]">&gt;&gt;</a>&nbsp;&nbsp;&nbsp;ble_nus_on_ble_evt
<LI><a href="#[db]">&gt;&gt;</a>&nbsp;&nbsp;&nbsp;ble_nus_init
<LI><a href="#[230]">&gt;&gt;</a>&nbsp;&nbsp;&nbsp;on_write
<LI><a href="#[22f]">&gt;&gt;</a>&nbsp;&nbsp;&nbsp;on_connect
</UL>

<P><STRONG><a name="[3a7]"></a>__aeabi_memclr8</STRONG> (Thumb, 0 bytes, Stack size 0 bytes, memseta.o(.text), UNUSED)

<P><STRONG><a name="[81]"></a>_memset$wrapper</STRONG> (Thumb, 18 bytes, Stack size 8 bytes, memseta.o(.text), UNUSED)
<BR><BR>[Calls]<UL><LI><a href="#[80]">&gt;&gt;</a>&nbsp;&nbsp;&nbsp;__aeabi_memset
</UL>

<P><STRONG><a name="[2e7]"></a>strlen</STRONG> (Thumb, 14 bytes, Stack size 0 bytes, strlen.o(.text))
<BR><BR>[Called By]<UL><LI><a href="#[2e6]">&gt;&gt;</a>&nbsp;&nbsp;&nbsp;nrf_fprintf_fmt
</UL>

<P><STRONG><a name="[186]"></a>strcmp</STRONG> (Thumb, 28 bytes, Stack size 8 bytes, strcmp.o(.text))
<BR><BR>[Stack]<UL><LI>Max Depth = 8<LI>Call Chain = strcmp
</UL>
<BR>[Called By]<UL><LI><a href="#[10d]">&gt;&gt;</a>&nbsp;&nbsp;&nbsp;Mp3ReadId3V2Tag
</UL>

<P><STRONG><a name="[be]"></a>memcmp</STRONG> (Thumb, 26 bytes, Stack size 12 bytes, memcmp.o(.text))
<BR><BR>[Stack]<UL><LI>Max Depth = 12<LI>Call Chain = memcmp
</UL>
<BR>[Called By]<UL><LI><a href="#[29b]">&gt;&gt;</a>&nbsp;&nbsp;&nbsp;im_master_ids_compare
<LI><a href="#[299]">&gt;&gt;</a>&nbsp;&nbsp;&nbsp;im_is_duplicate_bonding_data
<LI><a href="#[295]">&gt;&gt;</a>&nbsp;&nbsp;&nbsp;im_address_resolve
<LI><a href="#[1c9]">&gt;&gt;</a>&nbsp;&nbsp;&nbsp;addr_compare
<LI><a href="#[325]">&gt;&gt;</a>&nbsp;&nbsp;&nbsp;start_pending_transaction
<LI><a href="#[b8]">&gt;&gt;</a>&nbsp;&nbsp;&nbsp;AuthorizePassword
<LI><a href="#[1c0]">&gt;&gt;</a>&nbsp;&nbsp;&nbsp;WriteSoundStart
</UL>

<P><STRONG><a name="[1c2]"></a>strcpy</STRONG> (Thumb, 18 bytes, Stack size 0 bytes, strcpy.o(.text))
<BR><BR>[Called By]<UL><LI><a href="#[1a1]">&gt;&gt;</a>&nbsp;&nbsp;&nbsp;_DoInit
</UL>

<P><STRONG><a name="[185]"></a>strncmp</STRONG> (Thumb, 30 bytes, Stack size 12 bytes, strncmp.o(.text))
<BR><BR>[Stack]<UL><LI>Max Depth = 12<LI>Call Chain = strncmp
</UL>
<BR>[Called By]<UL><LI><a href="#[10d]">&gt;&gt;</a>&nbsp;&nbsp;&nbsp;Mp3ReadId3V2Tag
</UL>

<P><STRONG><a name="[7b]"></a>__scatterload</STRONG> (Thumb, 28 bytes, Stack size 0 bytes, init.o(.text))
<BR><BR>[Calls]<UL><LI><a href="#[82]">&gt;&gt;</a>&nbsp;&nbsp;&nbsp;__main_after_scatterload
</UL>
<BR>[Called By]<UL><LI><a href="#[7a]">&gt;&gt;</a>&nbsp;&nbsp;&nbsp;_main_scatterload
</UL>

<P><STRONG><a name="[3a8]"></a>__scatterload_rt2</STRONG> (Thumb, 0 bytes, Stack size 0 bytes, init.o(.text), UNUSED)

<P><STRONG><a name="[3a9]"></a>__decompress</STRONG> (Thumb, 0 bytes, Stack size unknown bytes, __dczerorl2.o(.text), UNUSED)

<P><STRONG><a name="[3aa]"></a>__decompress1</STRONG> (Thumb, 86 bytes, Stack size unknown bytes, __dczerorl2.o(.text), UNUSED)

<P><STRONG><a name="[83]"></a>ActiveSystemParam</STRONG> (Thumb, 34 bytes, Stack size 8 bytes, systemconfig.o(i.ActiveSystemParam))
<BR><BR>[Stack]<UL><LI>Max Depth = 536<LI>Call Chain = ActiveSystemParam &rArr; Tas5719SetVolume &rArr; TAS5719_WriteReg &rArr; I2cOpBlocking &rArr; nrf_twi_mngr_perform &rArr; nrf_twi_mngr_schedule &rArr; start_pending_transaction &rArr; start_transfer &rArr; nrfx_twim_xfer &rArr; twim_xfer &rArr; assert_nrf_callback &rArr; app_error_handler &rArr; app_error_fault_handler &rArr; nrf_log_frontend_std_5 &rArr; std_n &rArr;  assert_nrf_callback (Cycle)
</UL>
<BR>[Calls]<UL><LI><a href="#[84]">&gt;&gt;</a>&nbsp;&nbsp;&nbsp;Tas5719SetVolume
<LI><a href="#[85]">&gt;&gt;</a>&nbsp;&nbsp;&nbsp;CalHalMaxSpeedCalibrate
</UL>
<BR>[Called By]<UL><LI><a href="#[1ad]">&gt;&gt;</a>&nbsp;&nbsp;&nbsp;SetOneSystemParam
</UL>

<P><STRONG><a name="[86]"></a>ActiveVehicleParam</STRONG> (Thumb, 36 bytes, Stack size 8 bytes, mixerconfig.o(i.ActiveVehicleParam))
<BR><BR>[Stack]<UL><LI>Max Depth = 20<LI>Call Chain = ActiveVehicleParam &rArr; GearBoxSpeedReset
</UL>
<BR>[Calls]<UL><LI><a href="#[87]">&gt;&gt;</a>&nbsp;&nbsp;&nbsp;CalDecelerartion
<LI><a href="#[88]">&gt;&gt;</a>&nbsp;&nbsp;&nbsp;GearBoxSpeedReset
</UL>
<BR>[Called By]<UL><LI><a href="#[1ae]">&gt;&gt;</a>&nbsp;&nbsp;&nbsp;SetOneVehicleParam
</UL>

<P><STRONG><a name="[126]"></a>AdcContinueModeInit</STRONG> (Thumb, 192 bytes, Stack size 24 bytes, motorspeed.o(i.AdcContinueModeInit))
<BR><BR>[Stack]<UL><LI>Max Depth = 24<LI>Call Chain = AdcContinueModeInit
</UL>
<BR>[Called By]<UL><LI><a href="#[125]">&gt;&gt;</a>&nbsp;&nbsp;&nbsp;EvMotorSpeedHwInit
</UL>

<P><STRONG><a name="[89]"></a>AddNodeToBleRequestCmdTable</STRONG> (Thumb, 52 bytes, Stack size 16 bytes, bleservice.o(i.AddNodeToBleRequestCmdTable))
<BR><BR>[Stack]<UL><LI>Max Depth = 24<LI>Call Chain = AddNodeToBleRequestCmdTable &rArr; __aeabi_memcpy
</UL>
<BR>[Calls]<UL><LI><a href="#[8a]">&gt;&gt;</a>&nbsp;&nbsp;&nbsp;__aeabi_memcpy
</UL>
<BR>[Called By]<UL><LI><a href="#[c9]">&gt;&gt;</a>&nbsp;&nbsp;&nbsp;VehicleParamRequestCmdHandler
<LI><a href="#[c7]">&gt;&gt;</a>&nbsp;&nbsp;&nbsp;SystemParamRequestCmdHandler
<LI><a href="#[c6]">&gt;&gt;</a>&nbsp;&nbsp;&nbsp;SystemInfoRequestCmdHandler
</UL>

<P><STRONG><a name="[8b]"></a>AllocOneFreeBlock</STRONG> (Thumb, 148 bytes, Stack size 16 bytes, fs.o(i.AllocOneFreeBlock))
<BR><BR>[Stack]<UL><LI>Max Depth = 4284<LI>Call Chain = AllocOneFreeBlock &rArr; DataFlashWriteData &rArr; FlashWriteCheck &rArr; DataFlashReadData &rArr; WaitFlashFree &rArr; SpiReadWrite
</UL>
<BR>[Calls]<UL><LI><a href="#[8c]">&gt;&gt;</a>&nbsp;&nbsp;&nbsp;SearchFreeBlock
<LI><a href="#[8d]">&gt;&gt;</a>&nbsp;&nbsp;&nbsp;DataFlashWriteData
<LI><a href="#[8e]">&gt;&gt;</a>&nbsp;&nbsp;&nbsp;BlockErase
</UL>
<BR>[Called By]<UL><LI><a href="#[ac]">&gt;&gt;</a>&nbsp;&nbsp;&nbsp;WriteFileWithAlloc
</UL>

<P><STRONG><a name="[8f]"></a>AmplifierControlHandler</STRONG> (Thumb, 90 bytes, Stack size 16 bytes, mixer.o(i.AmplifierControlHandler))
<BR><BR>[Stack]<UL><LI>Max Depth = 544<LI>Call Chain = AmplifierControlHandler &rArr; AmplifierEnable &rArr; Tas5719Cmd &rArr; TAS5719_WriteReg &rArr; I2cOpBlocking &rArr; nrf_twi_mngr_perform &rArr; nrf_twi_mngr_schedule &rArr; start_pending_transaction &rArr; start_transfer &rArr; nrfx_twim_xfer &rArr; twim_xfer &rArr; assert_nrf_callback &rArr; app_error_handler &rArr; app_error_fault_handler &rArr; nrf_log_frontend_std_5 &rArr; std_n &rArr;  assert_nrf_callback (Cycle)
</UL>
<BR>[Calls]<UL><LI><a href="#[90]">&gt;&gt;</a>&nbsp;&nbsp;&nbsp;CheckOnChipAudioIsPlaying
<LI><a href="#[91]">&gt;&gt;</a>&nbsp;&nbsp;&nbsp;AmplifierEnable
<LI><a href="#[92]">&gt;&gt;</a>&nbsp;&nbsp;&nbsp;AmplifierDisable
</UL>
<BR>[Called By]<UL><LI><a href="#[17d]">&gt;&gt;</a>&nbsp;&nbsp;&nbsp;StopAuidoPlay
<LI><a href="#[32]">&gt;&gt;</a>&nbsp;&nbsp;&nbsp;main
</UL>

<P><STRONG><a name="[92]"></a>AmplifierDisable</STRONG> (Thumb, 10 bytes, Stack size 0 bytes, mixer.o(i.AmplifierDisable))
<BR><BR>[Stack]<UL><LI>Max Depth = 528<LI>Call Chain = AmplifierDisable &rArr; Tas5719Cmd &rArr; TAS5719_WriteReg &rArr; I2cOpBlocking &rArr; nrf_twi_mngr_perform &rArr; nrf_twi_mngr_schedule &rArr; start_pending_transaction &rArr; start_transfer &rArr; nrfx_twim_xfer &rArr; twim_xfer &rArr; assert_nrf_callback &rArr; app_error_handler &rArr; app_error_fault_handler &rArr; nrf_log_frontend_std_5 &rArr; std_n &rArr;  assert_nrf_callback (Cycle)
</UL>
<BR>[Calls]<UL><LI><a href="#[93]">&gt;&gt;</a>&nbsp;&nbsp;&nbsp;Tas5719Cmd
</UL>
<BR>[Called By]<UL><LI><a href="#[8f]">&gt;&gt;</a>&nbsp;&nbsp;&nbsp;AmplifierControlHandler
</UL>

<P><STRONG><a name="[91]"></a>AmplifierEnable</STRONG> (Thumb, 10 bytes, Stack size 0 bytes, mixer.o(i.AmplifierEnable))
<BR><BR>[Stack]<UL><LI>Max Depth = 528<LI>Call Chain = AmplifierEnable &rArr; Tas5719Cmd &rArr; TAS5719_WriteReg &rArr; I2cOpBlocking &rArr; nrf_twi_mngr_perform &rArr; nrf_twi_mngr_schedule &rArr; start_pending_transaction &rArr; start_transfer &rArr; nrfx_twim_xfer &rArr; twim_xfer &rArr; assert_nrf_callback &rArr; app_error_handler &rArr; app_error_fault_handler &rArr; nrf_log_frontend_std_5 &rArr; std_n &rArr;  assert_nrf_callback (Cycle)
</UL>
<BR>[Calls]<UL><LI><a href="#[93]">&gt;&gt;</a>&nbsp;&nbsp;&nbsp;Tas5719Cmd
</UL>
<BR>[Called By]<UL><LI><a href="#[1aa]">&gt;&gt;</a>&nbsp;&nbsp;&nbsp;TryChangeVehileRollBack
<LI><a href="#[166]">&gt;&gt;</a>&nbsp;&nbsp;&nbsp;TryChangeVehileIndexLoop
<LI><a href="#[ed]">&gt;&gt;</a>&nbsp;&nbsp;&nbsp;CalibrationMode
<LI><a href="#[8f]">&gt;&gt;</a>&nbsp;&nbsp;&nbsp;AmplifierControlHandler
</UL>

<P><STRONG><a name="[94]"></a>AnalyOneSoundIndex</STRONG> (Thumb, 24 bytes, Stack size 8 bytes, mixer.o(i.AnalyOneSoundIndex))
<BR><BR>[Stack]<UL><LI>Max Depth = 5288<LI>Call Chain = AnalyOneSoundIndex &rArr; AnalyzeEngineFile &rArr; GetEngineInfo &rArr; CutAudioOneSpeed &rArr; ReadFile &rArr; DataFlashReadData &rArr; WaitFlashFree &rArr; SpiReadWrite
</UL>
<BR>[Calls]<UL><LI><a href="#[95]">&gt;&gt;</a>&nbsp;&nbsp;&nbsp;AnalyzeMixerConfig
<LI><a href="#[96]">&gt;&gt;</a>&nbsp;&nbsp;&nbsp;AnalyzeEngineFile
</UL>
<BR>[Called By]<UL><LI><a href="#[1aa]">&gt;&gt;</a>&nbsp;&nbsp;&nbsp;TryChangeVehileRollBack
<LI><a href="#[166]">&gt;&gt;</a>&nbsp;&nbsp;&nbsp;TryChangeVehileIndexLoop
</UL>

<P><STRONG><a name="[97]"></a>AnalyzeDeviceConfig</STRONG> (Thumb, 46 bytes, Stack size 528 bytes, systemconfig.o(i.AnalyzeDeviceConfig))
<BR><BR>[Stack]<UL><LI>Max Depth = 584<LI>Call Chain = AnalyzeDeviceConfig &rArr; DataFlashReadData &rArr; WaitFlashFree &rArr; SpiReadWrite
</UL>
<BR>[Calls]<UL><LI><a href="#[98]">&gt;&gt;</a>&nbsp;&nbsp;&nbsp;DataFlashReadData
<LI><a href="#[99]">&gt;&gt;</a>&nbsp;&nbsp;&nbsp;InitBuffParam
</UL>
<BR>[Called By]<UL><LI><a href="#[32]">&gt;&gt;</a>&nbsp;&nbsp;&nbsp;main
</UL>

<P><STRONG><a name="[96]"></a>AnalyzeEngineFile</STRONG> (Thumb, 56 bytes, Stack size 8 bytes, engine.o(i.AnalyzeEngineFile))
<BR><BR>[Stack]<UL><LI>Max Depth = 5280<LI>Call Chain = AnalyzeEngineFile &rArr; GetEngineInfo &rArr; CutAudioOneSpeed &rArr; ReadFile &rArr; DataFlashReadData &rArr; WaitFlashFree &rArr; SpiReadWrite
</UL>
<BR>[Calls]<UL><LI><a href="#[9b]">&gt;&gt;</a>&nbsp;&nbsp;&nbsp;GetEngineInfo
<LI><a href="#[9d]">&gt;&gt;</a>&nbsp;&nbsp;&nbsp;EngineStopWorking
<LI><a href="#[9a]">&gt;&gt;</a>&nbsp;&nbsp;&nbsp;EngineMixerChannelVarInit
<LI><a href="#[9e]">&gt;&gt;</a>&nbsp;&nbsp;&nbsp;ClearSystemError
<LI><a href="#[9c]">&gt;&gt;</a>&nbsp;&nbsp;&nbsp;SetSystmError
<LI><a href="#[9f]">&gt;&gt;</a>&nbsp;&nbsp;&nbsp;GearBoxInit
</UL>
<BR>[Called By]<UL><LI><a href="#[94]">&gt;&gt;</a>&nbsp;&nbsp;&nbsp;AnalyOneSoundIndex
</UL>

<P><STRONG><a name="[95]"></a>AnalyzeMixerConfig</STRONG> (Thumb, 836 bytes, Stack size 4200 bytes, mixerconfig.o(i.AnalyzeMixerConfig))
<BR><BR>[Stack]<UL><LI>Max Depth = 4288<LI>Call Chain = AnalyzeMixerConfig &rArr; InitOneParam &rArr; CheckParamIndex &rArr; __aeabi_memcpy
</UL>
<BR>[Calls]<UL><LI><a href="#[87]">&gt;&gt;</a>&nbsp;&nbsp;&nbsp;CalDecelerartion
<LI><a href="#[a1]">&gt;&gt;</a>&nbsp;&nbsp;&nbsp;CalRealVolume
<LI><a href="#[98]">&gt;&gt;</a>&nbsp;&nbsp;&nbsp;DataFlashReadData
<LI><a href="#[a0]">&gt;&gt;</a>&nbsp;&nbsp;&nbsp;InitOneParam
</UL>
<BR>[Called By]<UL><LI><a href="#[94]">&gt;&gt;</a>&nbsp;&nbsp;&nbsp;AnalyOneSoundIndex
<LI><a href="#[af]">&gt;&gt;</a>&nbsp;&nbsp;&nbsp;LoadVehicleCfgFromSoundFile
</UL>

<P><STRONG><a name="[a2]"></a>AnalyzeSystemConfig</STRONG> (Thumb, 232 bytes, Stack size 560 bytes, systemconfig.o(i.AnalyzeSystemConfig))
<BR><BR>[Stack]<UL><LI>Max Depth = 648<LI>Call Chain = AnalyzeSystemConfig &rArr; InitOneParam &rArr; CheckParamIndex &rArr; __aeabi_memcpy
</UL>
<BR>[Calls]<UL><LI><a href="#[98]">&gt;&gt;</a>&nbsp;&nbsp;&nbsp;DataFlashReadData
<LI><a href="#[a0]">&gt;&gt;</a>&nbsp;&nbsp;&nbsp;InitOneParam
<LI><a href="#[85]">&gt;&gt;</a>&nbsp;&nbsp;&nbsp;CalHalMaxSpeedCalibrate
</UL>
<BR>[Called By]<UL><LI><a href="#[32]">&gt;&gt;</a>&nbsp;&nbsp;&nbsp;main
</UL>

<P><STRONG><a name="[294]"></a>AudioChannelGetDataInTimeInterruptWithSecure</STRONG> (Thumb, 240 bytes, Stack size 12 bytes, mixer.o(i.AudioChannelGetDataInTimeInterruptWithSecure))
<BR><BR>[Stack]<UL><LI>Max Depth = 12<LI>Call Chain = AudioChannelGetDataInTimeInterruptWithSecure
</UL>
<BR>[Called By]<UL><LI><a href="#[36]">&gt;&gt;</a>&nbsp;&nbsp;&nbsp;i2s_data_handler
</UL>

<P><STRONG><a name="[a5]"></a>AudioFileConvert</STRONG> (Thumb, 1126 bytes, Stack size 832 bytes, audiofileconvert.o(i.AudioFileConvert))
<BR><BR>[Stack]<UL><LI>Max Depth = 5428<LI>Call Chain = AudioFileConvert &rArr; DecryptionConvertMp3 &rArr; WriteFileWithAlloc &rArr; AllocOneFreeBlock &rArr; DataFlashWriteData &rArr; FlashWriteCheck &rArr; DataFlashReadData &rArr; WaitFlashFree &rArr; SpiReadWrite
</UL>
<BR>[Calls]<UL><LI><a href="#[ac]">&gt;&gt;</a>&nbsp;&nbsp;&nbsp;WriteFileWithAlloc
<LI><a href="#[ae]">&gt;&gt;</a>&nbsp;&nbsp;&nbsp;WriteFile
<LI><a href="#[aa]">&gt;&gt;</a>&nbsp;&nbsp;&nbsp;RecoverBadAudio
<LI><a href="#[b0]">&gt;&gt;</a>&nbsp;&nbsp;&nbsp;InitFile
<LI><a href="#[ab]">&gt;&gt;</a>&nbsp;&nbsp;&nbsp;CreateEmptyFile
<LI><a href="#[8d]">&gt;&gt;</a>&nbsp;&nbsp;&nbsp;DataFlashWriteData
<LI><a href="#[98]">&gt;&gt;</a>&nbsp;&nbsp;&nbsp;DataFlashReadData
<LI><a href="#[a6]">&gt;&gt;</a>&nbsp;&nbsp;&nbsp;DecryTeaKey
<LI><a href="#[a9]">&gt;&gt;</a>&nbsp;&nbsp;&nbsp;GetAudioMp3Format
<LI><a href="#[ad]">&gt;&gt;</a>&nbsp;&nbsp;&nbsp;DecryptionConvertMp3
<LI><a href="#[af]">&gt;&gt;</a>&nbsp;&nbsp;&nbsp;LoadVehicleCfgFromSoundFile
<LI><a href="#[a7]">&gt;&gt;</a>&nbsp;&nbsp;&nbsp;ChechAudioGuid
<LI><a href="#[a8]">&gt;&gt;</a>&nbsp;&nbsp;&nbsp;DecryptContent
<LI><a href="#[80]">&gt;&gt;</a>&nbsp;&nbsp;&nbsp;__aeabi_memset
</UL>
<BR>[Called By]<UL><LI><a href="#[1bf]">&gt;&gt;</a>&nbsp;&nbsp;&nbsp;WriteSoundFinish
</UL>

<P><STRONG><a name="[b1]"></a>AudioFileReadHandler</STRONG> (Thumb, 72 bytes, Stack size 0 bytes, mixer.o(i.AudioFileReadHandler))
<BR><BR>[Stack]<UL><LI>Max Depth = 96<LI>Call Chain = AudioFileReadHandler &rArr; MixerChaneBuff2Read &rArr; ReadFile &rArr; DataFlashReadData &rArr; WaitFlashFree &rArr; SpiReadWrite
</UL>
<BR>[Calls]<UL><LI><a href="#[b4]">&gt;&gt;</a>&nbsp;&nbsp;&nbsp;MixerChaneBuff2Read
<LI><a href="#[b2]">&gt;&gt;</a>&nbsp;&nbsp;&nbsp;MixerChaneBuff1Read
<LI><a href="#[b3]">&gt;&gt;</a>&nbsp;&nbsp;&nbsp;MixerChaneBuff0Read
</UL>
<BR>[Called By]<UL><LI><a href="#[11f]">&gt;&gt;</a>&nbsp;&nbsp;&nbsp;EngineStopingHandlerWithoutStopFile
<LI><a href="#[11e]">&gt;&gt;</a>&nbsp;&nbsp;&nbsp;EngineStopingHandlerWithStopFile
<LI><a href="#[120]">&gt;&gt;</a>&nbsp;&nbsp;&nbsp;EngineStopHandlerWithStopFile
<LI><a href="#[117]">&gt;&gt;</a>&nbsp;&nbsp;&nbsp;EngineStatusHandler
<LI><a href="#[11d]">&gt;&gt;</a>&nbsp;&nbsp;&nbsp;EngineStartingHandler
<LI><a href="#[11a]">&gt;&gt;</a>&nbsp;&nbsp;&nbsp;EngineStartHandler
</UL>

<P><STRONG><a name="[b5]"></a>AudioOutHwConfig</STRONG> (Thumb, 14 bytes, Stack size 8 bytes, mixer.o(i.AudioOutHwConfig))
<BR><BR>[Stack]<UL><LI>Max Depth = 544<LI>Call Chain = AudioOutHwConfig &rArr; TAS5719_Init &rArr; TAS5719_WriteReg &rArr; I2cOpBlocking &rArr; nrf_twi_mngr_perform &rArr; nrf_twi_mngr_schedule &rArr; start_pending_transaction &rArr; start_transfer &rArr; nrfx_twim_xfer &rArr; twim_xfer &rArr; assert_nrf_callback &rArr; app_error_handler &rArr; app_error_fault_handler &rArr; nrf_log_frontend_std_5 &rArr; std_n &rArr;  assert_nrf_callback (Cycle)
</UL>
<BR>[Calls]<UL><LI><a href="#[b6]">&gt;&gt;</a>&nbsp;&nbsp;&nbsp;TAS5719_Init
<LI><a href="#[b7]">&gt;&gt;</a>&nbsp;&nbsp;&nbsp;I2sInit
</UL>
<BR>[Called By]<UL><LI><a href="#[153]">&gt;&gt;</a>&nbsp;&nbsp;&nbsp;InitAllPeriph
</UL>

<P><STRONG><a name="[2b5]"></a>AudioOutVarInit</STRONG> (Thumb, 28 bytes, Stack size 0 bytes, audioplay.o(i.AudioOutVarInit))
<BR><BR>[Called By]<UL><LI><a href="#[32]">&gt;&gt;</a>&nbsp;&nbsp;&nbsp;main
</UL>

<P><STRONG><a name="[b8]"></a>AuthorizePassword</STRONG> (Thumb, 150 bytes, Stack size 176 bytes, password.o(i.AuthorizePassword))
<BR><BR>[Stack]<UL><LI>Max Depth = 320<LI>Call Chain = AuthorizePassword &rArr; MD5Final &rArr; MD5Update &rArr; MD5Transform
</UL>
<BR>[Calls]<UL><LI><a href="#[b9]">&gt;&gt;</a>&nbsp;&nbsp;&nbsp;GetSystemTime
<LI><a href="#[bb]">&gt;&gt;</a>&nbsp;&nbsp;&nbsp;MD5Update
<LI><a href="#[ba]">&gt;&gt;</a>&nbsp;&nbsp;&nbsp;MD5Init
<LI><a href="#[bc]">&gt;&gt;</a>&nbsp;&nbsp;&nbsp;MD5Final
<LI><a href="#[bd]">&gt;&gt;</a>&nbsp;&nbsp;&nbsp;decrypt
<LI><a href="#[be]">&gt;&gt;</a>&nbsp;&nbsp;&nbsp;memcmp
<LI><a href="#[8a]">&gt;&gt;</a>&nbsp;&nbsp;&nbsp;__aeabi_memcpy
</UL>
<BR>[Called By]<UL><LI><a href="#[d5]">&gt;&gt;</a>&nbsp;&nbsp;&nbsp;PasswordAuthorizeCmdHandler
</UL>

<P><STRONG><a name="[bf]"></a>BleAnalysisMessageId</STRONG> (Thumb, 280 bytes, Stack size 0 bytes, bledatalayer.o(i.BleAnalysisMessageId))
<BR><BR>[Stack]<UL><LI>Max Depth = 5484<LI>Call Chain = BleAnalysisMessageId &rArr; WriteSoundFinishCmdHandler &rArr; WriteSoundFinish &rArr; AudioFileConvert &rArr; DecryptionConvertMp3 &rArr; WriteFileWithAlloc &rArr; AllocOneFreeBlock &rArr; DataFlashWriteData &rArr; FlashWriteCheck &rArr; DataFlashReadData &rArr; WaitFlashFree &rArr; SpiReadWrite
</UL>
<BR>[Calls]<UL><LI><a href="#[ce]">&gt;&gt;</a>&nbsp;&nbsp;&nbsp;WriteSoundStartCmdHandler
<LI><a href="#[d1]">&gt;&gt;</a>&nbsp;&nbsp;&nbsp;WriteSoundFinishCmdHandler
<LI><a href="#[c5]">&gt;&gt;</a>&nbsp;&nbsp;&nbsp;WriteSoundBlockDataCmdHandler
<LI><a href="#[ca]">&gt;&gt;</a>&nbsp;&nbsp;&nbsp;VehicleParamStoreCmdHandler
<LI><a href="#[c1]">&gt;&gt;</a>&nbsp;&nbsp;&nbsp;VehicleParamSetCmdHandler
<LI><a href="#[c9]">&gt;&gt;</a>&nbsp;&nbsp;&nbsp;VehicleParamRequestCmdHandler
<LI><a href="#[c8]">&gt;&gt;</a>&nbsp;&nbsp;&nbsp;SystemParamStoreCmdHandler
<LI><a href="#[c0]">&gt;&gt;</a>&nbsp;&nbsp;&nbsp;SystemParamSetCmdHandler
<LI><a href="#[c7]">&gt;&gt;</a>&nbsp;&nbsp;&nbsp;SystemParamRequestCmdHandler
<LI><a href="#[c6]">&gt;&gt;</a>&nbsp;&nbsp;&nbsp;SystemInfoRequestCmdHandler
<LI><a href="#[c4]">&gt;&gt;</a>&nbsp;&nbsp;&nbsp;SetPasswordCmdHandler
<LI><a href="#[d2]">&gt;&gt;</a>&nbsp;&nbsp;&nbsp;SetDataLengthCmdHandler
<LI><a href="#[d3]">&gt;&gt;</a>&nbsp;&nbsp;&nbsp;SelectVehicleCmdHandler
<LI><a href="#[d6]">&gt;&gt;</a>&nbsp;&nbsp;&nbsp;ResetPasswordCmdHandler
<LI><a href="#[cd]">&gt;&gt;</a>&nbsp;&nbsp;&nbsp;ReadSoundNameCmdHandler
<LI><a href="#[cc]">&gt;&gt;</a>&nbsp;&nbsp;&nbsp;ReadSoundGuidCmdHandler
<LI><a href="#[d5]">&gt;&gt;</a>&nbsp;&nbsp;&nbsp;PasswordAuthorizeCmdHandler
<LI><a href="#[d4]">&gt;&gt;</a>&nbsp;&nbsp;&nbsp;GetRandomCmdHandler
<LI><a href="#[cf]">&gt;&gt;</a>&nbsp;&nbsp;&nbsp;GetNextSoundBlockIndexCmdHandler
<LI><a href="#[cb]">&gt;&gt;</a>&nbsp;&nbsp;&nbsp;FormatFsCmdHandler
<LI><a href="#[c2]">&gt;&gt;</a>&nbsp;&nbsp;&nbsp;DeleteSoundCmdHandler
<LI><a href="#[d0]">&gt;&gt;</a>&nbsp;&nbsp;&nbsp;CheckSoundBlockDataCmdHandler
<LI><a href="#[c3]">&gt;&gt;</a>&nbsp;&nbsp;&nbsp;ChangeProgeramCmdHandler
<LI><a href="#[d7]">&gt;&gt;</a>&nbsp;&nbsp;&nbsp;BleDisconnectCmdHandler
</UL>
<BR>[Called By]<UL><LI><a href="#[dd]">&gt;&gt;</a>&nbsp;&nbsp;&nbsp;BleRxDataHandler
<LI><a href="#[dc]">&gt;&gt;</a>&nbsp;&nbsp;&nbsp;BleRequestCmdTableHandler
</UL>

<P><STRONG><a name="[d7]"></a>BleDisconnectCmdHandler</STRONG> (Thumb, 24 bytes, Stack size 8 bytes, bledatalayer.o(i.BleDisconnectCmdHandler))
<BR><BR>[Stack]<UL><LI>Max Depth = 88<LI>Call Chain = BleDisconnectCmdHandler &rArr; BleSendOneFrame &rArr; ble_nus_data_send &rArr; blcm_link_ctx_get &rArr; ble_conn_state_conn_idx
</UL>
<BR>[Calls]<UL><LI><a href="#[d8]">&gt;&gt;</a>&nbsp;&nbsp;&nbsp;SetPasswordInvalid
<LI><a href="#[d9]">&gt;&gt;</a>&nbsp;&nbsp;&nbsp;BleSendOneFrame
</UL>
<BR>[Called By]<UL><LI><a href="#[bf]">&gt;&gt;</a>&nbsp;&nbsp;&nbsp;BleAnalysisMessageId
</UL>

<P><STRONG><a name="[da]"></a>BleProtocalServiceInit</STRONG> (Thumb, 28 bytes, Stack size 8 bytes, bleservice.o(i.BleProtocalServiceInit))
<BR><BR>[Stack]<UL><LI>Max Depth = 288<LI>Call Chain = BleProtocalServiceInit &rArr; app_error_handler &rArr; app_error_fault_handler &rArr; nrf_log_frontend_std_5 &rArr; std_n &rArr;  assert_nrf_callback (Cycle)
</UL>
<BR>[Calls]<UL><LI><a href="#[7c]">&gt;&gt;</a>&nbsp;&nbsp;&nbsp;app_error_handler
<LI><a href="#[db]">&gt;&gt;</a>&nbsp;&nbsp;&nbsp;ble_nus_init
</UL>
<BR>[Called By]<UL><LI><a href="#[32]">&gt;&gt;</a>&nbsp;&nbsp;&nbsp;main
</UL>

<P><STRONG><a name="[dc]"></a>BleRequestCmdTableHandler</STRONG> (Thumb, 74 bytes, Stack size 8 bytes, bleservice.o(i.BleRequestCmdTableHandler))
<BR><BR>[Stack]<UL><LI>Max Depth = 5492<LI>Call Chain = BleRequestCmdTableHandler &rArr; BleAnalysisMessageId &rArr; WriteSoundFinishCmdHandler &rArr; WriteSoundFinish &rArr; AudioFileConvert &rArr; DecryptionConvertMp3 &rArr; WriteFileWithAlloc &rArr; AllocOneFreeBlock &rArr; DataFlashWriteData &rArr; FlashWriteCheck &rArr; DataFlashReadData &rArr; WaitFlashFree &rArr; SpiReadWrite
</UL>
<BR>[Calls]<UL><LI><a href="#[b9]">&gt;&gt;</a>&nbsp;&nbsp;&nbsp;GetSystemTime
<LI><a href="#[bf]">&gt;&gt;</a>&nbsp;&nbsp;&nbsp;BleAnalysisMessageId
</UL>
<BR>[Called By]<UL><LI><a href="#[32]">&gt;&gt;</a>&nbsp;&nbsp;&nbsp;main
</UL>

<P><STRONG><a name="[dd]"></a>BleRxDataHandler</STRONG> (Thumb, 50 bytes, Stack size 16 bytes, bleservice.o(i.BleRxDataHandler))
<BR><BR>[Stack]<UL><LI>Max Depth = 5500<LI>Call Chain = BleRxDataHandler &rArr; BleAnalysisMessageId &rArr; WriteSoundFinishCmdHandler &rArr; WriteSoundFinish &rArr; AudioFileConvert &rArr; DecryptionConvertMp3 &rArr; WriteFileWithAlloc &rArr; AllocOneFreeBlock &rArr; DataFlashWriteData &rArr; FlashWriteCheck &rArr; DataFlashReadData &rArr; WaitFlashFree &rArr; SpiReadWrite
</UL>
<BR>[Calls]<UL><LI><a href="#[bf]">&gt;&gt;</a>&nbsp;&nbsp;&nbsp;BleAnalysisMessageId
</UL>
<BR>[Called By]<UL><LI><a href="#[32]">&gt;&gt;</a>&nbsp;&nbsp;&nbsp;main
</UL>

<P><STRONG><a name="[de]"></a>BleSendErrorPacket</STRONG> (Thumb, 26 bytes, Stack size 16 bytes, bleerror.o(i.BleSendErrorPacket))
<BR><BR>[Stack]<UL><LI>Max Depth = 96<LI>Call Chain = BleSendErrorPacket &rArr; BleSendOneFrame &rArr; ble_nus_data_send &rArr; blcm_link_ctx_get &rArr; ble_conn_state_conn_idx
</UL>
<BR>[Calls]<UL><LI><a href="#[d9]">&gt;&gt;</a>&nbsp;&nbsp;&nbsp;BleSendOneFrame
</UL>
<BR>[Called By]<UL><LI><a href="#[ce]">&gt;&gt;</a>&nbsp;&nbsp;&nbsp;WriteSoundStartCmdHandler
<LI><a href="#[d1]">&gt;&gt;</a>&nbsp;&nbsp;&nbsp;WriteSoundFinishCmdHandler
<LI><a href="#[ca]">&gt;&gt;</a>&nbsp;&nbsp;&nbsp;VehicleParamStoreCmdHandler
<LI><a href="#[c1]">&gt;&gt;</a>&nbsp;&nbsp;&nbsp;VehicleParamSetCmdHandler
<LI><a href="#[c9]">&gt;&gt;</a>&nbsp;&nbsp;&nbsp;VehicleParamRequestCmdHandler
<LI><a href="#[c8]">&gt;&gt;</a>&nbsp;&nbsp;&nbsp;SystemParamStoreCmdHandler
<LI><a href="#[c0]">&gt;&gt;</a>&nbsp;&nbsp;&nbsp;SystemParamSetCmdHandler
<LI><a href="#[c7]">&gt;&gt;</a>&nbsp;&nbsp;&nbsp;SystemParamRequestCmdHandler
<LI><a href="#[c6]">&gt;&gt;</a>&nbsp;&nbsp;&nbsp;SystemInfoRequestCmdHandler
<LI><a href="#[c4]">&gt;&gt;</a>&nbsp;&nbsp;&nbsp;SetPasswordCmdHandler
<LI><a href="#[d2]">&gt;&gt;</a>&nbsp;&nbsp;&nbsp;SetDataLengthCmdHandler
<LI><a href="#[d3]">&gt;&gt;</a>&nbsp;&nbsp;&nbsp;SelectVehicleCmdHandler
<LI><a href="#[d6]">&gt;&gt;</a>&nbsp;&nbsp;&nbsp;ResetPasswordCmdHandler
<LI><a href="#[cd]">&gt;&gt;</a>&nbsp;&nbsp;&nbsp;ReadSoundNameCmdHandler
<LI><a href="#[cc]">&gt;&gt;</a>&nbsp;&nbsp;&nbsp;ReadSoundGuidCmdHandler
<LI><a href="#[d5]">&gt;&gt;</a>&nbsp;&nbsp;&nbsp;PasswordAuthorizeCmdHandler
<LI><a href="#[cf]">&gt;&gt;</a>&nbsp;&nbsp;&nbsp;GetNextSoundBlockIndexCmdHandler
<LI><a href="#[cb]">&gt;&gt;</a>&nbsp;&nbsp;&nbsp;FormatFsCmdHandler
<LI><a href="#[c2]">&gt;&gt;</a>&nbsp;&nbsp;&nbsp;DeleteSoundCmdHandler
<LI><a href="#[d0]">&gt;&gt;</a>&nbsp;&nbsp;&nbsp;CheckSoundBlockDataCmdHandler
<LI><a href="#[c3]">&gt;&gt;</a>&nbsp;&nbsp;&nbsp;ChangeProgeramCmdHandler
</UL>

<P><STRONG><a name="[d9]"></a>BleSendOneFrame</STRONG> (Thumb, 18 bytes, Stack size 16 bytes, bleservice.o(i.BleSendOneFrame))
<BR><BR>[Stack]<UL><LI>Max Depth = 80<LI>Call Chain = BleSendOneFrame &rArr; ble_nus_data_send &rArr; blcm_link_ctx_get &rArr; ble_conn_state_conn_idx
</UL>
<BR>[Calls]<UL><LI><a href="#[df]">&gt;&gt;</a>&nbsp;&nbsp;&nbsp;ble_nus_data_send
</UL>
<BR>[Called By]<UL><LI><a href="#[ce]">&gt;&gt;</a>&nbsp;&nbsp;&nbsp;WriteSoundStartCmdHandler
<LI><a href="#[d1]">&gt;&gt;</a>&nbsp;&nbsp;&nbsp;WriteSoundFinishCmdHandler
<LI><a href="#[ca]">&gt;&gt;</a>&nbsp;&nbsp;&nbsp;VehicleParamStoreCmdHandler
<LI><a href="#[c1]">&gt;&gt;</a>&nbsp;&nbsp;&nbsp;VehicleParamSetCmdHandler
<LI><a href="#[c9]">&gt;&gt;</a>&nbsp;&nbsp;&nbsp;VehicleParamRequestCmdHandler
<LI><a href="#[c8]">&gt;&gt;</a>&nbsp;&nbsp;&nbsp;SystemParamStoreCmdHandler
<LI><a href="#[c0]">&gt;&gt;</a>&nbsp;&nbsp;&nbsp;SystemParamSetCmdHandler
<LI><a href="#[c7]">&gt;&gt;</a>&nbsp;&nbsp;&nbsp;SystemParamRequestCmdHandler
<LI><a href="#[c6]">&gt;&gt;</a>&nbsp;&nbsp;&nbsp;SystemInfoRequestCmdHandler
<LI><a href="#[c4]">&gt;&gt;</a>&nbsp;&nbsp;&nbsp;SetPasswordCmdHandler
<LI><a href="#[d2]">&gt;&gt;</a>&nbsp;&nbsp;&nbsp;SetDataLengthCmdHandler
<LI><a href="#[d3]">&gt;&gt;</a>&nbsp;&nbsp;&nbsp;SelectVehicleCmdHandler
<LI><a href="#[cd]">&gt;&gt;</a>&nbsp;&nbsp;&nbsp;ReadSoundNameCmdHandler
<LI><a href="#[cc]">&gt;&gt;</a>&nbsp;&nbsp;&nbsp;ReadSoundGuidCmdHandler
<LI><a href="#[d5]">&gt;&gt;</a>&nbsp;&nbsp;&nbsp;PasswordAuthorizeCmdHandler
<LI><a href="#[d4]">&gt;&gt;</a>&nbsp;&nbsp;&nbsp;GetRandomCmdHandler
<LI><a href="#[cf]">&gt;&gt;</a>&nbsp;&nbsp;&nbsp;GetNextSoundBlockIndexCmdHandler
<LI><a href="#[cb]">&gt;&gt;</a>&nbsp;&nbsp;&nbsp;FormatFsCmdHandler
<LI><a href="#[c2]">&gt;&gt;</a>&nbsp;&nbsp;&nbsp;DeleteSoundCmdHandler
<LI><a href="#[d0]">&gt;&gt;</a>&nbsp;&nbsp;&nbsp;CheckSoundBlockDataCmdHandler
<LI><a href="#[c3]">&gt;&gt;</a>&nbsp;&nbsp;&nbsp;ChangeProgeramCmdHandler
<LI><a href="#[d7]">&gt;&gt;</a>&nbsp;&nbsp;&nbsp;BleDisconnectCmdHandler
<LI><a href="#[de]">&gt;&gt;</a>&nbsp;&nbsp;&nbsp;BleSendErrorPacket
</UL>

<P><STRONG><a name="[8e]"></a>BlockErase</STRONG> (Thumb, 60 bytes, Stack size 12 bytes, spiflash.o(i.BlockErase))
<BR><BR>[Stack]<UL><LI>Max Depth = 48<LI>Call Chain = BlockErase &rArr; WaitFlashFree &rArr; SpiReadWrite
</UL>
<BR>[Calls]<UL><LI><a href="#[e1]">&gt;&gt;</a>&nbsp;&nbsp;&nbsp;WriteEnable
<LI><a href="#[e0]">&gt;&gt;</a>&nbsp;&nbsp;&nbsp;WaitFlashFree
<LI><a href="#[e2]">&gt;&gt;</a>&nbsp;&nbsp;&nbsp;SpiWrite
</UL>
<BR>[Called By]<UL><LI><a href="#[128]">&gt;&gt;</a>&nbsp;&nbsp;&nbsp;FormatFs
<LI><a href="#[8b]">&gt;&gt;</a>&nbsp;&nbsp;&nbsp;AllocOneFreeBlock
<LI><a href="#[19d]">&gt;&gt;</a>&nbsp;&nbsp;&nbsp;RestartDownloader
</UL>

<P><STRONG><a name="[87]"></a>CalDecelerartion</STRONG> (Thumb, 24 bytes, Stack size 0 bytes, engine.o(i.CalDecelerartion))
<BR><BR>[Called By]<UL><LI><a href="#[95]">&gt;&gt;</a>&nbsp;&nbsp;&nbsp;AnalyzeMixerConfig
<LI><a href="#[86]">&gt;&gt;</a>&nbsp;&nbsp;&nbsp;ActiveVehicleParam
</UL>

<P><STRONG><a name="[e3]"></a>CalDistSpeed</STRONG> (Thumb, 34 bytes, Stack size 8 bytes, motorspeed.o(i.CalDistSpeed))
<BR><BR>[Stack]<UL><LI>Max Depth = 28<LI>Call Chain = CalDistSpeed &rArr; GetDistSpeedHal &rArr; expo
</UL>
<BR>[Calls]<UL><LI><a href="#[e5]">&gt;&gt;</a>&nbsp;&nbsp;&nbsp;GetDistSpeedHal
<LI><a href="#[e4]">&gt;&gt;</a>&nbsp;&nbsp;&nbsp;GetTurnVoltage
<LI><a href="#[e6]">&gt;&gt;</a>&nbsp;&nbsp;&nbsp;GetDistSpeedWithoutGearBox
</UL>
<BR>[Called By]<UL><LI><a href="#[e7]">&gt;&gt;</a>&nbsp;&nbsp;&nbsp;CalSpeedAndBrakeAndGearBoxHandler
</UL>

<P><STRONG><a name="[85]"></a>CalHalMaxSpeedCalibrate</STRONG> (Thumb, 18 bytes, Stack size 0 bytes, motorspeedhal.o(i.CalHalMaxSpeedCalibrate))
<BR><BR>[Called By]<UL><LI><a href="#[ed]">&gt;&gt;</a>&nbsp;&nbsp;&nbsp;CalibrationMode
<LI><a href="#[a2]">&gt;&gt;</a>&nbsp;&nbsp;&nbsp;AnalyzeSystemConfig
<LI><a href="#[83]">&gt;&gt;</a>&nbsp;&nbsp;&nbsp;ActiveSystemParam
</UL>

<P><STRONG><a name="[a1]"></a>CalRealVolume</STRONG> (Thumb, 14 bytes, Stack size 0 bytes, mixer.o(i.CalRealVolume))
<BR><BR>[Called By]<UL><LI><a href="#[95]">&gt;&gt;</a>&nbsp;&nbsp;&nbsp;AnalyzeMixerConfig
</UL>

<P><STRONG><a name="[e7]"></a>CalSpeedAndBrakeAndGearBoxHandler</STRONG> (Thumb, 202 bytes, Stack size 16 bytes, engine.o(i.CalSpeedAndBrakeAndGearBoxHandler))
<BR><BR>[Stack]<UL><LI>Max Depth = 60<LI>Call Chain = CalSpeedAndBrakeAndGearBoxHandler &rArr; GetMotorRealSpeedWithoutGearbox &rArr; DoAccelerateWithMotorCurve
</UL>
<BR>[Calls]<UL><LI><a href="#[e3]">&gt;&gt;</a>&nbsp;&nbsp;&nbsp;CalDistSpeed
<LI><a href="#[e9]">&gt;&gt;</a>&nbsp;&nbsp;&nbsp;CalVolumeSlopePercent
<LI><a href="#[b9]">&gt;&gt;</a>&nbsp;&nbsp;&nbsp;GetSystemTime
<LI><a href="#[e8]">&gt;&gt;</a>&nbsp;&nbsp;&nbsp;GetMotorRealSpeedWithoutGearbox
</UL>
<BR>[Called By]<UL><LI><a href="#[116]">&gt;&gt;</a>&nbsp;&nbsp;&nbsp;EngineHandler
</UL>

<P><STRONG><a name="[1c1]"></a>CalSum</STRONG> (Thumb, 22 bytes, Stack size 8 bytes, param.o(i.CalSum))
<BR><BR>[Stack]<UL><LI>Max Depth = 8<LI>Call Chain = CalSum
</UL>
<BR>[Called By]<UL><LI><a href="#[ef]">&gt;&gt;</a>&nbsp;&nbsp;&nbsp;WriteSystemParamTable
<LI><a href="#[168]">&gt;&gt;</a>&nbsp;&nbsp;&nbsp;WriteVehicleParamTable
</UL>

<P><STRONG><a name="[e9]"></a>CalVolumeSlopePercent</STRONG> (Thumb, 172 bytes, Stack size 12 bytes, engine.o(i.CalVolumeSlopePercent))
<BR><BR>[Stack]<UL><LI>Max Depth = 12<LI>Call Chain = CalVolumeSlopePercent
</UL>
<BR>[Called By]<UL><LI><a href="#[117]">&gt;&gt;</a>&nbsp;&nbsp;&nbsp;EngineStatusHandler
<LI><a href="#[e7]">&gt;&gt;</a>&nbsp;&nbsp;&nbsp;CalSpeedAndBrakeAndGearBoxHandler
</UL>

<P><STRONG><a name="[ea]"></a>CalibrationCheck</STRONG> (Thumb, 40 bytes, Stack size 16 bytes, calibrationmode.o(i.CalibrationCheck))
<BR><BR>[Stack]<UL><LI>Max Depth = 304<LI>Call Chain = CalibrationCheck &rArr; nrf_gpio_pin_read &rArr; assert_nrf_callback &rArr; app_error_handler &rArr; app_error_fault_handler &rArr; nrf_log_frontend_std_5 &rArr; std_n &rArr;  assert_nrf_callback (Cycle)
</UL>
<BR>[Calls]<UL><LI><a href="#[ec]">&gt;&gt;</a>&nbsp;&nbsp;&nbsp;mDelay
<LI><a href="#[eb]">&gt;&gt;</a>&nbsp;&nbsp;&nbsp;nrf_gpio_pin_read
</UL>
<BR>[Called By]<UL><LI><a href="#[32]">&gt;&gt;</a>&nbsp;&nbsp;&nbsp;main
</UL>

<P><STRONG><a name="[ed]"></a>CalibrationMode</STRONG> (Thumb, 218 bytes, Stack size 32 bytes, calibrationmode.o(i.CalibrationMode))
<BR><BR>[Stack]<UL><LI>Max Depth = 4224<LI>Call Chain = CalibrationMode &rArr; WriteSystemParamTable &rArr; WriteParamSector &rArr; DataFlashDirectWriteData &rArr; WaitFlashFree &rArr; SpiReadWrite
</UL>
<BR>[Calls]<UL><LI><a href="#[ef]">&gt;&gt;</a>&nbsp;&nbsp;&nbsp;WriteSystemParamTable
<LI><a href="#[ee]">&gt;&gt;</a>&nbsp;&nbsp;&nbsp;OnChipAudioPlay
<LI><a href="#[91]">&gt;&gt;</a>&nbsp;&nbsp;&nbsp;AmplifierEnable
<LI><a href="#[ec]">&gt;&gt;</a>&nbsp;&nbsp;&nbsp;mDelay
<LI><a href="#[84]">&gt;&gt;</a>&nbsp;&nbsp;&nbsp;Tas5719SetVolume
<LI><a href="#[eb]">&gt;&gt;</a>&nbsp;&nbsp;&nbsp;nrf_gpio_pin_read
<LI><a href="#[85]">&gt;&gt;</a>&nbsp;&nbsp;&nbsp;CalHalMaxSpeedCalibrate
</UL>
<BR>[Called By]<UL><LI><a href="#[32]">&gt;&gt;</a>&nbsp;&nbsp;&nbsp;main
</UL>

<P><STRONG><a name="[c3]"></a>ChangeProgeramCmdHandler</STRONG> (Thumb, 50 bytes, Stack size 32 bytes, bledatalayer.o(i.ChangeProgeramCmdHandler))
<BR><BR>[Stack]<UL><LI>Max Depth = 128<LI>Call Chain = ChangeProgeramCmdHandler &rArr; BleSendErrorPacket &rArr; BleSendOneFrame &rArr; ble_nus_data_send &rArr; blcm_link_ctx_get &rArr; ble_conn_state_conn_idx
</UL>
<BR>[Calls]<UL><LI><a href="#[ec]">&gt;&gt;</a>&nbsp;&nbsp;&nbsp;mDelay
<LI><a href="#[f0]">&gt;&gt;</a>&nbsp;&nbsp;&nbsp;IsPasswordPassed
<LI><a href="#[d9]">&gt;&gt;</a>&nbsp;&nbsp;&nbsp;BleSendOneFrame
<LI><a href="#[de]">&gt;&gt;</a>&nbsp;&nbsp;&nbsp;BleSendErrorPacket
</UL>
<BR>[Called By]<UL><LI><a href="#[bf]">&gt;&gt;</a>&nbsp;&nbsp;&nbsp;BleAnalysisMessageId
</UL>

<P><STRONG><a name="[a7]"></a>ChechAudioGuid</STRONG> (Thumb, 72 bytes, Stack size 40 bytes, audiofileconvert.o(i.ChechAudioGuid))
<BR><BR>[Stack]<UL><LI>Max Depth = 3516<LI>Call Chain = ChechAudioGuid &rArr; RSAPrivateDecrypt &rArr; rsaprivatefunc &rArr; NN_ModExp &rArr; NN_ModMult &rArr; NN_Mod &rArr; NN_Div &rArr; NN_RShift
</UL>
<BR>[Calls]<UL><LI><a href="#[f1]">&gt;&gt;</a>&nbsp;&nbsp;&nbsp;RSAPrivateDecrypt
</UL>
<BR>[Called By]<UL><LI><a href="#[a5]">&gt;&gt;</a>&nbsp;&nbsp;&nbsp;AudioFileConvert
</UL>

<P><STRONG><a name="[fe]"></a>CheckAllDataPositive</STRONG> (Thumb, 26 bytes, Stack size 0 bytes, engine.o(i.CheckAllDataPositive))
<BR><BR>[Called By]<UL><LI><a href="#[f8]">&gt;&gt;</a>&nbsp;&nbsp;&nbsp;CutAudioOneSpeed
</UL>

<P><STRONG><a name="[1a9]"></a>CheckBlockFree</STRONG> (Thumb, 38 bytes, Stack size 0 bytes, fs.o(i.CheckBlockFree))
<BR><BR>[Called By]<UL><LI><a href="#[8c]">&gt;&gt;</a>&nbsp;&nbsp;&nbsp;SearchFreeBlock
</UL>

<P><STRONG><a name="[104]"></a>CheckEmpty</STRONG> (Thumb, 24 bytes, Stack size 0 bytes, spiflash.o(i.CheckEmpty))
<BR><BR>[Called By]<UL><LI><a href="#[8d]">&gt;&gt;</a>&nbsp;&nbsp;&nbsp;DataFlashWriteData
</UL>

<P><STRONG><a name="[f2]"></a>CheckFsInformation</STRONG> (Thumb, 60 bytes, Stack size 24 bytes, fs.o(i.CheckFsInformation))
<BR><BR>[Stack]<UL><LI>Max Depth = 80<LI>Call Chain = CheckFsInformation &rArr; DataFlashReadData &rArr; WaitFlashFree &rArr; SpiReadWrite
</UL>
<BR>[Calls]<UL><LI><a href="#[98]">&gt;&gt;</a>&nbsp;&nbsp;&nbsp;DataFlashReadData
</UL>
<BR>[Called By]<UL><LI><a href="#[15c]">&gt;&gt;</a>&nbsp;&nbsp;&nbsp;InitFs
</UL>

<P><STRONG><a name="[90]"></a>CheckOnChipAudioIsPlaying</STRONG> (Thumb, 6 bytes, Stack size 0 bytes, onchipaudio.o(i.CheckOnChipAudioIsPlaying))
<BR><BR>[Called By]<UL><LI><a href="#[8f]">&gt;&gt;</a>&nbsp;&nbsp;&nbsp;AmplifierControlHandler
</UL>

<P><STRONG><a name="[f3]"></a>CheckOneFileWhole</STRONG> (Thumb, 36 bytes, Stack size 8 bytes, fs.o(i.CheckOneFileWhole))
<BR><BR>[Stack]<UL><LI>Max Depth = 64<LI>Call Chain = CheckOneFileWhole &rArr; DataFlashReadData &rArr; WaitFlashFree &rArr; SpiReadWrite
</UL>
<BR>[Calls]<UL><LI><a href="#[98]">&gt;&gt;</a>&nbsp;&nbsp;&nbsp;DataFlashReadData
</UL>
<BR>[Called By]<UL><LI><a href="#[19b]">&gt;&gt;</a>&nbsp;&nbsp;&nbsp;TryRecoverOneAudioFile
</UL>

<P><STRONG><a name="[15b]"></a>CheckParamBuff</STRONG> (Thumb, 34 bytes, Stack size 20 bytes, param.o(i.CheckParamBuff))
<BR><BR>[Stack]<UL><LI>Max Depth = 20<LI>Call Chain = CheckParamBuff
</UL>
<BR>[Called By]<UL><LI><a href="#[99]">&gt;&gt;</a>&nbsp;&nbsp;&nbsp;InitBuffParam
</UL>

[...]
<LI><a href="#[319]">&gt;&gt;</a>&nbsp;&nbsp;&nbsp;nrf_sdh_disable_request
</UL>

<P><STRONG><a name="[31b]"></a>sdh_state_observer_notify</STRONG> (Thumb, 46 bytes, Stack size 24 bytes, nrf_sdh.o(i.sdh_state_observer_notify))
<BR><BR>[Stack]<UL><LI>Max Depth = 328<LI>Call Chain = sdh_state_observer_notify &rArr; nrf_section_iter_init &rArr; nrf_section_iter_item_set &rArr; assert_nrf_callback &rArr; app_error_handler &rArr; app_error_fault_handler &rArr; nrf_log_frontend_std_5 &rArr; std_n &rArr;  assert_nrf_callback (Cycle)
</UL>
<BR>[Calls]<UL><LI><a href="#[318]">&gt;&gt;</a>&nbsp;&nbsp;&nbsp;nrf_section_iter_next
<LI><a href="#[30b]">&gt;&gt;</a>&nbsp;&nbsp;&nbsp;nrf_section_iter_init
<LI><a href="#[31e]">&gt;&gt;</a>&nbsp;&nbsp;&nbsp;nrf_section_iter_get
</UL>
<BR>[Called By]<UL><LI><a href="#[232]">&gt;&gt;</a>&nbsp;&nbsp;&nbsp;nrf_sdh_enable_request
<LI><a href="#[319]">&gt;&gt;</a>&nbsp;&nbsp;&nbsp;nrf_sdh_disable_request
</UL>

<P><STRONG><a name="[31c]"></a>softdevice_evt_irq_disable</STRONG> (Thumb, 56 bytes, Stack size 8 bytes, nrf_sdh.o(i.softdevice_evt_irq_disable))
<BR><BR>[Stack]<UL><LI>Max Depth = 288<LI>Call Chain = softdevice_evt_irq_disable &rArr; app_error_handler &rArr; app_error_fault_handler &rArr; nrf_log_frontend_std_5 &rArr; std_n &rArr;  assert_nrf_callback (Cycle)
</UL>
<BR>[Calls]<UL><LI><a href="#[7c]">&gt;&gt;</a>&nbsp;&nbsp;&nbsp;app_error_handler
<LI><a href="#[379]">&gt;&gt;</a>&nbsp;&nbsp;&nbsp;__sd_nvic_app_accessible_irq
</UL>
<BR>[Called By]<UL><LI><a href="#[319]">&gt;&gt;</a>&nbsp;&nbsp;&nbsp;nrf_sdh_disable_request
</UL>

<P><STRONG><a name="[31d]"></a>softdevices_evt_irq_enable</STRONG> (Thumb, 84 bytes, Stack size 8 bytes, nrf_sdh.o(i.softdevices_evt_irq_enable))
<BR><BR>[Stack]<UL><LI>Max Depth = 288<LI>Call Chain = softdevices_evt_irq_enable &rArr; app_error_handler &rArr; app_error_fault_handler &rArr; nrf_log_frontend_std_5 &rArr; std_n &rArr;  assert_nrf_callback (Cycle)
</UL>
<BR>[Calls]<UL><LI><a href="#[7c]">&gt;&gt;</a>&nbsp;&nbsp;&nbsp;app_error_handler
<LI><a href="#[379]">&gt;&gt;</a>&nbsp;&nbsp;&nbsp;__sd_nvic_app_accessible_irq
</UL>
<BR>[Called By]<UL><LI><a href="#[232]">&gt;&gt;</a>&nbsp;&nbsp;&nbsp;nrf_sdh_enable_request
</UL>

<P><STRONG><a name="[75]"></a>nrf_sdh_ble_evts_poll</STRONG> (Thumb, 104 bytes, Stack size 528 bytes, nrf_sdh_ble.o(i.nrf_sdh_ble_evts_poll))
<BR><BR>[Stack]<UL><LI>Max Depth = 832<LI>Call Chain = nrf_sdh_ble_evts_poll &rArr; nrf_section_iter_init &rArr; nrf_section_iter_item_set &rArr; assert_nrf_callback &rArr; app_error_handler &rArr; app_error_fault_handler &rArr; nrf_log_frontend_std_5 &rArr; std_n &rArr;  assert_nrf_callback (Cycle)
</UL>
<BR>[Calls]<UL><LI><a href="#[7c]">&gt;&gt;</a>&nbsp;&nbsp;&nbsp;app_error_handler
<LI><a href="#[318]">&gt;&gt;</a>&nbsp;&nbsp;&nbsp;nrf_section_iter_next
<LI><a href="#[30b]">&gt;&gt;</a>&nbsp;&nbsp;&nbsp;nrf_section_iter_init
<LI><a href="#[317]">&gt;&gt;</a>&nbsp;&nbsp;&nbsp;nrf_section_iter_get
</UL>
<BR>[Address Reference Count : 1]<UL><LI> nrf_sdh_ble.o(sdh_stack_observers0)
</UL>
<P><STRONG><a name="[317]"></a>nrf_section_iter_get</STRONG> (Thumb, 18 bytes, Stack size 8 bytes, nrf_sdh_ble.o(i.nrf_section_iter_get))
<BR><BR>[Stack]<UL><LI>Max Depth = 288<LI>Call Chain = nrf_section_iter_get &rArr; assert_nrf_callback &rArr; app_error_handler &rArr; app_error_fault_handler &rArr; nrf_log_frontend_std_5 &rArr; std_n &rArr;  assert_nrf_callback (Cycle)
</UL>
<BR>[Calls]<UL><LI><a href="#[1b8]">&gt;&gt;</a>&nbsp;&nbsp;&nbsp;assert_nrf_callback
</UL>
<BR>[Called By]<UL><LI><a href="#[75]">&gt;&gt;</a>&nbsp;&nbsp;&nbsp;nrf_sdh_ble_evts_poll
</UL>

<P><STRONG><a name="[76]"></a>nrf_sdh_soc_evts_poll</STRONG> (Thumb, 70 bytes, Stack size 24 bytes, nrf_sdh_soc.o(i.nrf_sdh_soc_evts_poll))
<BR><BR>[Stack]<UL><LI>Max Depth = 328<LI>Call Chain = nrf_sdh_soc_evts_poll &rArr; nrf_section_iter_init &rArr; nrf_section_iter_item_set &rArr; assert_nrf_callback &rArr; app_error_handler &rArr; app_error_fault_handler &rArr; nrf_log_frontend_std_5 &rArr; std_n &rArr;  assert_nrf_callback (Cycle)
</UL>
<BR>[Calls]<UL><LI><a href="#[7c]">&gt;&gt;</a>&nbsp;&nbsp;&nbsp;app_error_handler
<LI><a href="#[318]">&gt;&gt;</a>&nbsp;&nbsp;&nbsp;nrf_section_iter_next
<LI><a href="#[30b]">&gt;&gt;</a>&nbsp;&nbsp;&nbsp;nrf_section_iter_init
<LI><a href="#[31f]">&gt;&gt;</a>&nbsp;&nbsp;&nbsp;nrf_section_iter_get
</UL>
<BR>[Address Reference Count : 1]<UL><LI> nrf_sdh_soc.o(sdh_stack_observers0)
</UL>
<P><STRONG><a name="[31f]"></a>nrf_section_iter_get</STRONG> (Thumb, 18 bytes, Stack size 8 bytes, nrf_sdh_soc.o(i.nrf_section_iter_get))
<BR><BR>[Stack]<UL><LI>Max Depth = 288<LI>Call Chain = nrf_section_iter_get &rArr; assert_nrf_callback &rArr; app_error_handler &rArr; app_error_fault_handler &rArr; nrf_log_frontend_std_5 &rArr; std_n &rArr;  assert_nrf_callback (Cycle)
</UL>
<BR>[Calls]<UL><LI><a href="#[1b8]">&gt;&gt;</a>&nbsp;&nbsp;&nbsp;assert_nrf_callback
</UL>
<BR>[Called By]<UL><LI><a href="#[76]">&gt;&gt;</a>&nbsp;&nbsp;&nbsp;nrf_sdh_soc_evts_poll
</UL>

<P><STRONG><a name="[169]"></a>Encode</STRONG> (Thumb, 50 bytes, Stack size 16 bytes, md5c.o(i.Encode))
<BR><BR>[Stack]<UL><LI>Max Depth = 16<LI>Call Chain = Encode
</UL>
<BR>[Called By]<UL><LI><a href="#[bc]">&gt;&gt;</a>&nbsp;&nbsp;&nbsp;MD5Final
</UL>

<P><STRONG><a name="[16b]"></a>MD5Transform</STRONG> (Thumb, 1682 bytes, Stack size 96 bytes, md5c.o(i.MD5Transform))
<BR><BR>[Stack]<UL><LI>Max Depth = 96<LI>Call Chain = MD5Transform
</UL>
<BR>[Calls]<UL><LI><a href="#[16a]">&gt;&gt;</a>&nbsp;&nbsp;&nbsp;R_memset
</UL>
<BR>[Called By]<UL><LI><a href="#[bb]">&gt;&gt;</a>&nbsp;&nbsp;&nbsp;MD5Update
</UL>

<P><STRONG><a name="[18a]"></a>NN_DigitBits</STRONG> (Thumb, 18 bytes, Stack size 0 bytes, nn.o(i.NN_DigitBits))
<BR><BR>[Called By]<UL><LI><a href="#[188]">&gt;&gt;</a>&nbsp;&nbsp;&nbsp;NN_Div
</UL>

<P><STRONG><a name="[18d]"></a>dmult</STRONG> (Thumb, 64 bytes, Stack size 20 bytes, nn.o(i.dmult))
<BR><BR>[Stack]<UL><LI>Max Depth = 20<LI>Call Chain = dmult
</UL>
<BR>[Called By]<UL><LI><a href="#[195]">&gt;&gt;</a>&nbsp;&nbsp;&nbsp;NN_Mult
<LI><a href="#[188]">&gt;&gt;</a>&nbsp;&nbsp;&nbsp;NN_Div
</UL>

<P><STRONG><a name="[199]"></a>rsaprivatefunc</STRONG> (Thumb, 484 bytes, Stack size 1624 bytes, rsa.o(i.rsaprivatefunc))
<BR><BR>[Stack]<UL><LI>Max Depth = 3316<LI>Call Chain = rsaprivatefunc &rArr; NN_ModExp &rArr; NN_ModMult &rArr; NN_Mod &rArr; NN_Div &rArr; NN_RShift
</UL>
<BR>[Calls]<UL><LI><a href="#[18e]">&gt;&gt;</a>&nbsp;&nbsp;&nbsp;NN_Sub
<LI><a href="#[195]">&gt;&gt;</a>&nbsp;&nbsp;&nbsp;NN_Mult
<LI><a href="#[194]">&gt;&gt;</a>&nbsp;&nbsp;&nbsp;NN_ModMult
<LI><a href="#[192]">&gt;&gt;</a>&nbsp;&nbsp;&nbsp;NN_ModExp
<LI><a href="#[191]">&gt;&gt;</a>&nbsp;&nbsp;&nbsp;NN_Mod
<LI><a href="#[370]">&gt;&gt;</a>&nbsp;&nbsp;&nbsp;NN_Encode
<LI><a href="#[189]">&gt;&gt;</a>&nbsp;&nbsp;&nbsp;NN_Digits
<LI><a href="#[36e]">&gt;&gt;</a>&nbsp;&nbsp;&nbsp;NN_Decode
<LI><a href="#[18f]">&gt;&gt;</a>&nbsp;&nbsp;&nbsp;NN_Cmp
<LI><a href="#[18b]">&gt;&gt;</a>&nbsp;&nbsp;&nbsp;NN_AssignZero
<LI><a href="#[36f]">&gt;&gt;</a>&nbsp;&nbsp;&nbsp;NN_Add
<LI><a href="#[16a]">&gt;&gt;</a>&nbsp;&nbsp;&nbsp;R_memset
</UL>
<BR>[Called By]<UL><LI><a href="#[f1]">&gt;&gt;</a>&nbsp;&nbsp;&nbsp;RSAPrivateDecrypt
</UL>

<P><STRONG><a name="[10d]"></a>Mp3ReadId3V2Tag</STRONG> (Thumb, 362 bytes, Stack size 112 bytes, mp3convert.o(i.Mp3ReadId3V2Tag))
<BR><BR>[Stack]<UL><LI>Max Depth = 168<LI>Call Chain = Mp3ReadId3V2Tag &rArr; Mp3ReadId3V2Text &rArr; Mp3HeadRead &rArr; __aeabi_memcpy
</UL>
<BR>[Calls]<UL><LI><a href="#[184]">&gt;&gt;</a>&nbsp;&nbsp;&nbsp;Mp3HeadSeek
<LI><a href="#[183]">&gt;&gt;</a>&nbsp;&nbsp;&nbsp;Mp3HeadRead
<LI><a href="#[187]">&gt;&gt;</a>&nbsp;&nbsp;&nbsp;Mp3ReadId3V2Text
<LI><a href="#[185]">&gt;&gt;</a>&nbsp;&nbsp;&nbsp;strncmp
<LI><a href="#[186]">&gt;&gt;</a>&nbsp;&nbsp;&nbsp;strcmp
</UL>
<BR>[Called By]<UL><LI><a href="#[ad]">&gt;&gt;</a>&nbsp;&nbsp;&nbsp;DecryptionConvertMp3
</UL>

<P><STRONG><a name="[187]"></a>Mp3ReadId3V2Text</STRONG> (Thumb, 140 bytes, Stack size 32 bytes, mp3convert.o(i.Mp3ReadId3V2Text))
<BR><BR>[Stack]<UL><LI>Max Depth = 56<LI>Call Chain = Mp3ReadId3V2Text &rArr; Mp3HeadRead &rArr; __aeabi_memcpy
</UL>
<BR>[Calls]<UL><LI><a href="#[184]">&gt;&gt;</a>&nbsp;&nbsp;&nbsp;Mp3HeadSeek
<LI><a href="#[183]">&gt;&gt;</a>&nbsp;&nbsp;&nbsp;Mp3HeadRead
</UL>
<BR>[Called By]<UL><LI><a href="#[10d]">&gt;&gt;</a>&nbsp;&nbsp;&nbsp;Mp3ReadId3V2Tag
</UL>

<P><STRONG><a name="[35]"></a>nus_data_handler</STRONG> (Thumb, 174 bytes, Stack size 24 bytes, bleservice.o(i.nus_data_handler))
<BR><BR>[Stack]<UL><LI>Max Depth = 232<LI>Call Chain = nus_data_handler &rArr; nrf_log_frontend_hexdump &rArr; nrf_log_frontend_dequeue &rArr; nrf_memobj_alloc &rArr; nrf_memobj_free &rArr; nrf_balloc_free &rArr;  assert_nrf_callback (Cycle)
</UL>
<BR>[Calls]<UL><LI><a href="#[1cf]">&gt;&gt;</a>&nbsp;&nbsp;&nbsp;nrf_log_frontend_std_0
<LI><a href="#[300]">&gt;&gt;</a>&nbsp;&nbsp;&nbsp;nrf_log_frontend_hexdump
<LI><a href="#[8a]">&gt;&gt;</a>&nbsp;&nbsp;&nbsp;__aeabi_memcpy
</UL>
<BR>[Address Reference Count : 1]<UL><LI> bleservice.o(i.BleProtocalServiceInit)
</UL>
<P><STRONG><a name="[16f]"></a>MP3ClearBadFrame</STRONG> (Thumb, 38 bytes, Stack size 12 bytes, mp3dec.o(i.MP3ClearBadFrame))
<BR><BR>[Stack]<UL><LI>Max Depth = 12<LI>Call Chain = MP3ClearBadFrame
</UL>
<BR>[Called By]<UL><LI><a href="#[108]">&gt;&gt;</a>&nbsp;&nbsp;&nbsp;MP3Decode
</UL>

<P><STRONG><a name="[390]"></a>RefillBitstreamCache</STRONG> (Thumb, 112 bytes, Stack size 12 bytes, bitstream.o(i.RefillBitstreamCache))
<BR><BR>[Stack]<UL><LI>Max Depth = 12<LI>Call Chain = RefillBitstreamCache
</UL>
<BR>[Called By]<UL><LI><a href="#[1ba]">&gt;&gt;</a>&nbsp;&nbsp;&nbsp;xmp3fixpt_GetBits
</UL>

<P><STRONG><a name="[385]"></a>ClearBuffer</STRONG> (Thumb, 16 bytes, Stack size 0 bytes, buffers.o(i.ClearBuffer))
<BR><BR>[Called By]<UL><LI><a href="#[177]">&gt;&gt;</a>&nbsp;&nbsp;&nbsp;xmp3fixpt_AllocateBuffers
</UL>

<P><STRONG><a name="[38f]"></a>MULSHIFT32</STRONG> (Thumb, 6 bytes, Stack size 0 bytes, dct32.o(i.MULSHIFT32))
<BR><BR>[Called By]<UL><LI><a href="#[38e]">&gt;&gt;</a>&nbsp;&nbsp;&nbsp;xmp3fixpt_FDCT32
</UL>

<P><STRONG><a name="[38c]"></a>CLZ</STRONG> (Thumb, 22 bytes, Stack size 0 bytes, dequant.o(i.CLZ))
<BR><BR>[Called By]<UL><LI><a href="#[174]">&gt;&gt;</a>&nbsp;&nbsp;&nbsp;xmp3fixpt_Dequantize
</UL>

<P><STRONG><a name="[389]"></a>CLZ</STRONG> (Thumb, 22 bytes, Stack size 0 bytes, dqchan.o(i.CLZ))
<BR><BR>[Called By]<UL><LI><a href="#[388]">&gt;&gt;</a>&nbsp;&nbsp;&nbsp;xmp3fixpt_DequantChannel
</UL>

<P><STRONG><a name="[114]"></a>DequantBlock</STRONG> (Thumb, 376 bytes, Stack size 88 bytes, dqchan.o(i.DequantBlock))
<BR><BR>[Stack]<UL><LI>Max Depth = 88<LI>Call Chain = DequantBlock
</UL>
<BR>[Calls]<UL><LI><a href="#[115]">&gt;&gt;</a>&nbsp;&nbsp;&nbsp;MULSHIFT32
</UL>
<BR>[Called By]<UL><LI><a href="#[388]">&gt;&gt;</a>&nbsp;&nbsp;&nbsp;xmp3fixpt_DequantChannel
</UL>

<P><STRONG><a name="[115]"></a>MULSHIFT32</STRONG> (Thumb, 6 bytes, Stack size 0 bytes, dqchan.o(i.MULSHIFT32))
<BR><BR>[Called By]<UL><LI><a href="#[114]">&gt;&gt;</a>&nbsp;&nbsp;&nbsp;DequantBlock
</UL>

<P><STRONG><a name="[386]"></a>DecodeHuffmanPairs</STRONG> (Thumb, 786 bytes, Stack size 48 bytes, huffman.o(i.DecodeHuffmanPairs))
<BR><BR>[Stack]<UL><LI>Max Depth = 48<LI>Call Chain = DecodeHuffmanPairs
</UL>
<BR>[Called By]<UL><LI><a href="#[173]">&gt;&gt;</a>&nbsp;&nbsp;&nbsp;xmp3fixpt_DecodeHuffman
</UL>

<P><STRONG><a name="[387]"></a>DecodeHuffmanQuads</STRONG> (Thumb, 312 bytes, Stack size 40 bytes, huffman.o(i.DecodeHuffmanQuads))
<BR><BR>[Stack]<UL><LI>Max Depth = 40<LI>Call Chain = DecodeHuffmanQuads
</UL>
<BR>[Called By]<UL><LI><a href="#[173]">&gt;&gt;</a>&nbsp;&nbsp;&nbsp;xmp3fixpt_DecodeHuffman
</UL>

<P><STRONG><a name="[a3]"></a>AntiAlias</STRONG> (Thumb, 536 bytes, Stack size 40 bytes, imdct.o(i.AntiAlias))
<BR><BR>[Stack]<UL><LI>Max Depth = 40<LI>Call Chain = AntiAlias
</UL>
<BR>[Calls]<UL><LI><a href="#[a4]">&gt;&gt;</a>&nbsp;&nbsp;&nbsp;MULSHIFT32
</UL>
<BR>[Called By]<UL><LI><a href="#[175]">&gt;&gt;</a>&nbsp;&nbsp;&nbsp;xmp3fixpt_IMDCT
</UL>

<P><STRONG><a name="[12b]"></a>FASTABS</STRONG> (Thumb, 8 bytes, Stack size 0 bytes, imdct.o(i.FASTABS))
<BR><BR>[Called By]<UL><LI><a href="#[146]">&gt;&gt;</a>&nbsp;&nbsp;&nbsp;IMDCT36
<LI><a href="#[147]">&gt;&gt;</a>&nbsp;&nbsp;&nbsp;IMDCT12x3
<LI><a href="#[145]">&gt;&gt;</a>&nbsp;&nbsp;&nbsp;HybridTransform
<LI><a href="#[12a]">&gt;&gt;</a>&nbsp;&nbsp;&nbsp;FreqInvertRescale
</UL>

<P><STRONG><a name="[12a]"></a>FreqInvertRescale</STRONG> (Thumb, 362 bytes, Stack size 32 bytes, imdct.o(i.FreqInvertRescale))
<BR><BR>[Stack]<UL><LI>Max Depth = 32<LI>Call Chain = FreqInvertRescale
</UL>
<BR>[Calls]<UL><LI><a href="#[12b]">&gt;&gt;</a>&nbsp;&nbsp;&nbsp;FASTABS
</UL>
<BR>[Called By]<UL><LI><a href="#[146]">&gt;&gt;</a>&nbsp;&nbsp;&nbsp;IMDCT36
<LI><a href="#[147]">&gt;&gt;</a>&nbsp;&nbsp;&nbsp;IMDCT12x3
</UL>

<P><STRONG><a name="[145]"></a>HybridTransform</STRONG> (Thumb, 332 bytes, Stack size 128 bytes, imdct.o(i.HybridTransform))
<BR><BR>[Stack]<UL><LI>Max Depth = 424<LI>Call Chain = HybridTransform &rArr; IMDCT36 &rArr; idct9
</UL>
<BR>[Calls]<UL><LI><a href="#[148]">&gt;&gt;</a>&nbsp;&nbsp;&nbsp;WinPrevious
<LI><a href="#[146]">&gt;&gt;</a>&nbsp;&nbsp;&nbsp;IMDCT36
<LI><a href="#[147]">&gt;&gt;</a>&nbsp;&nbsp;&nbsp;IMDCT12x3
<LI><a href="#[12b]">&gt;&gt;</a>&nbsp;&nbsp;&nbsp;FASTABS
</UL>
<BR>[Called By]<UL><LI><a href="#[175]">&gt;&gt;</a>&nbsp;&nbsp;&nbsp;xmp3fixpt_IMDCT
</UL>

<P><STRONG><a name="[147]"></a>IMDCT12x3</STRONG> (Thumb, 436 bytes, Stack size 208 bytes, imdct.o(i.IMDCT12x3))
<BR><BR>[Stack]<UL><LI>Max Depth = 256<LI>Call Chain = IMDCT12x3 &rArr; imdct12
</UL>
<BR>[Calls]<UL><LI><a href="#[151]">&gt;&gt;</a>&nbsp;&nbsp;&nbsp;imdct12
<LI><a href="#[148]">&gt;&gt;</a>&nbsp;&nbsp;&nbsp;WinPrevious
<LI><a href="#[a4]">&gt;&gt;</a>&nbsp;&nbsp;&nbsp;MULSHIFT32
<LI><a href="#[12a]">&gt;&gt;</a>&nbsp;&nbsp;&nbsp;FreqInvertRescale
<LI><a href="#[12b]">&gt;&gt;</a>&nbsp;&nbsp;&nbsp;FASTABS
</UL>
<BR>[Called By]<UL><LI><a href="#[145]">&gt;&gt;</a>&nbsp;&nbsp;&nbsp;HybridTransform
</UL>

<P><STRONG><a name="[146]"></a>IMDCT36</STRONG> (Thumb, 468 bytes, Stack size 224 bytes, imdct.o(i.IMDCT36))
<BR><BR>[Stack]<UL><LI>Max Depth = 296<LI>Call Chain = IMDCT36 &rArr; idct9
</UL>
<BR>[Calls]<UL><LI><a href="#[152]">&gt;&gt;</a>&nbsp;&nbsp;&nbsp;idct9
<LI><a href="#[148]">&gt;&gt;</a>&nbsp;&nbsp;&nbsp;WinPrevious
<LI><a href="#[a4]">&gt;&gt;</a>&nbsp;&nbsp;&nbsp;MULSHIFT32
<LI><a href="#[12a]">&gt;&gt;</a>&nbsp;&nbsp;&nbsp;FreqInvertRescale
<LI><a href="#[12b]">&gt;&gt;</a>&nbsp;&nbsp;&nbsp;FASTABS
</UL>
<BR>[Called By]<UL><LI><a href="#[145]">&gt;&gt;</a>&nbsp;&nbsp;&nbsp;HybridTransform
</UL>

<P><STRONG><a name="[a4]"></a>MULSHIFT32</STRONG> (Thumb, 6 bytes, Stack size 0 bytes, imdct.o(i.MULSHIFT32))
<BR><BR>[Called By]<UL><LI><a href="#[151]">&gt;&gt;</a>&nbsp;&nbsp;&nbsp;imdct12
<LI><a href="#[152]">&gt;&gt;</a>&nbsp;&nbsp;&nbsp;idct9
<LI><a href="#[148]">&gt;&gt;</a>&nbsp;&nbsp;&nbsp;WinPrevious
<LI><a href="#[146]">&gt;&gt;</a>&nbsp;&nbsp;&nbsp;IMDCT36
<LI><a href="#[147]">&gt;&gt;</a>&nbsp;&nbsp;&nbsp;IMDCT12x3
<LI><a href="#[a3]">&gt;&gt;</a>&nbsp;&nbsp;&nbsp;AntiAlias
</UL>

<P><STRONG><a name="[148]"></a>WinPrevious</STRONG> (Thumb, 300 bytes, Stack size 40 bytes, imdct.o(i.WinPrevious))
<BR><BR>[Stack]<UL><LI>Max Depth = 40<LI>Call Chain = WinPrevious
</UL>
<BR>[Calls]<UL><LI><a href="#[a4]">&gt;&gt;</a>&nbsp;&nbsp;&nbsp;MULSHIFT32
</UL>
<BR>[Called By]<UL><LI><a href="#[146]">&gt;&gt;</a>&nbsp;&nbsp;&nbsp;IMDCT36
<LI><a href="#[147]">&gt;&gt;</a>&nbsp;&nbsp;&nbsp;IMDCT12x3
<LI><a href="#[145]">&gt;&gt;</a>&nbsp;&nbsp;&nbsp;HybridTransform
</UL>

<P><STRONG><a name="[152]"></a>idct9</STRONG> (Thumb, 306 bytes, Stack size 72 bytes, imdct.o(i.idct9))
<BR><BR>[Stack]<UL><LI>Max Depth = 72<LI>Call Chain = idct9
</UL>
<BR>[Calls]<UL><LI><a href="#[a4]">&gt;&gt;</a>&nbsp;&nbsp;&nbsp;MULSHIFT32
</UL>
<BR>[Called By]<UL><LI><a href="#[146]">&gt;&gt;</a>&nbsp;&nbsp;&nbsp;IMDCT36
</UL>

<P><STRONG><a name="[151]"></a>imdct12</STRONG> (Thumb, 156 bytes, Stack size 48 bytes, imdct.o(i.imdct12))
<BR><BR>[Stack]<UL><LI>Max Depth = 48<LI>Call Chain = imdct12
</UL>
<BR>[Calls]<UL><LI><a href="#[a4]">&gt;&gt;</a>&nbsp;&nbsp;&nbsp;MULSHIFT32
</UL>
<BR>[Called By]<UL><LI><a href="#[147]">&gt;&gt;</a>&nbsp;&nbsp;&nbsp;IMDCT12x3
</UL>

<P><STRONG><a name="[394]"></a>ClipToShort</STRONG> (Thumb, 20 bytes, Stack size 0 bytes, polyphase.o(i.ClipToShort))
<BR><BR>[Called By]<UL><LI><a href="#[395]">&gt;&gt;</a>&nbsp;&nbsp;&nbsp;xmp3fixpt_PolyphaseStereo
<LI><a href="#[393]">&gt;&gt;</a>&nbsp;&nbsp;&nbsp;xmp3fixpt_PolyphaseMono
</UL>

<P><STRONG><a name="[19e]"></a>SAR64</STRONG> (Thumb, 4 bytes, Stack size 0 bytes, polyphase.o(i.SAR64))
<BR><BR>[Calls]<UL><LI><a href="#[19f]">&gt;&gt;</a>&nbsp;&nbsp;&nbsp;__aeabi_lasr
</UL>
<BR>[Called By]<UL><LI><a href="#[395]">&gt;&gt;</a>&nbsp;&nbsp;&nbsp;xmp3fixpt_PolyphaseStereo
<LI><a href="#[393]">&gt;&gt;</a>&nbsp;&nbsp;&nbsp;xmp3fixpt_PolyphaseMono
</UL>

<P><STRONG><a name="[1b9]"></a>UnpackSFMPEG1</STRONG> (Thumb, 358 bytes, Stack size 40 bytes, scalfact.o(i.UnpackSFMPEG1))
<BR><BR>[Stack]<UL><LI>Max Depth = 68<LI>Call Chain = UnpackSFMPEG1 &rArr; xmp3fixpt_GetBits &rArr; RefillBitstreamCache
</UL>
<BR>[Calls]<UL><LI><a href="#[1ba]">&gt;&gt;</a>&nbsp;&nbsp;&nbsp;xmp3fixpt_GetBits
</UL>
<BR>[Called By]<UL><LI><a href="#[172]">&gt;&gt;</a>&nbsp;&nbsp;&nbsp;xmp3fixpt_UnpackScaleFactors
</UL>

<P><STRONG><a name="[1bb]"></a>UnpackSFMPEG2</STRONG> (Thumb, 572 bytes, Stack size 88 bytes, scalfact.o(i.UnpackSFMPEG2))
<BR><BR>[Stack]<UL><LI>Max Depth = 116<LI>Call Chain = UnpackSFMPEG2 &rArr; xmp3fixpt_GetBits &rArr; RefillBitstreamCache
</UL>
<BR>[Calls]<UL><LI><a href="#[1ba]">&gt;&gt;</a>&nbsp;&nbsp;&nbsp;xmp3fixpt_GetBits
</UL>
<BR>[Called By]<UL><LI><a href="#[172]">&gt;&gt;</a>&nbsp;&nbsp;&nbsp;xmp3fixpt_UnpackScaleFactors
</UL>

<P><STRONG><a name="[392]"></a>FASTABS</STRONG> (Thumb, 8 bytes, Stack size 0 bytes, stproc.o(i.FASTABS))
<BR><BR>[Called By]<UL><LI><a href="#[38a]">&gt;&gt;</a>&nbsp;&nbsp;&nbsp;xmp3fixpt_MidSideProc
<LI><a href="#[38b]">&gt;&gt;</a>&nbsp;&nbsp;&nbsp;xmp3fixpt_IntensityProcMPEG2
<LI><a href="#[38d]">&gt;&gt;</a>&nbsp;&nbsp;&nbsp;xmp3fixpt_IntensityProcMPEG1
</UL>

<P><STRONG><a name="[391]"></a>MULSHIFT32</STRONG> (Thumb, 6 bytes, Stack size 0 bytes, stproc.o(i.MULSHIFT32))
<BR><BR>[Called By]<UL><LI><a href="#[38b]">&gt;&gt;</a>&nbsp;&nbsp;&nbsp;xmp3fixpt_IntensityProcMPEG2
<LI><a href="#[38d]">&gt;&gt;</a>&nbsp;&nbsp;&nbsp;xmp3fixpt_IntensityProcMPEG1
</UL>

<P><STRONG><a name="[22f]"></a>on_connect</STRONG> (Thumb, 108 bytes, Stack size 64 bytes, ble_nus.o(i.on_connect))
<BR><BR>[Stack]<UL><LI>Max Depth = 88<LI>Call Chain = on_connect &rArr; blcm_link_ctx_get &rArr; ble_conn_state_conn_idx
</UL>
<BR>[Calls]<UL><LI><a href="#[226]">&gt;&gt;</a>&nbsp;&nbsp;&nbsp;ble_srv_is_notification_enabled
<LI><a href="#[1f5]">&gt;&gt;</a>&nbsp;&nbsp;&nbsp;blcm_link_ctx_get
<LI><a href="#[1cd]">&gt;&gt;</a>&nbsp;&nbsp;&nbsp;__aeabi_memclr4
</UL>
<BR>[Called By]<UL><LI><a href="#[6e]">&gt;&gt;</a>&nbsp;&nbsp;&nbsp;ble_nus_on_ble_evt
</UL>

<P><STRONG><a name="[230]"></a>on_write</STRONG> (Thumb, 148 bytes, Stack size 48 bytes, ble_nus.o(i.on_write))
<BR><BR>[Stack]<UL><LI>Max Depth = 72<LI>Call Chain = on_write &rArr; blcm_link_ctx_get &rArr; ble_conn_state_conn_idx
</UL>
<BR>[Calls]<UL><LI><a href="#[226]">&gt;&gt;</a>&nbsp;&nbsp;&nbsp;ble_srv_is_notification_enabled
<LI><a href="#[1f5]">&gt;&gt;</a>&nbsp;&nbsp;&nbsp;blcm_link_ctx_get
<LI><a href="#[1cd]">&gt;&gt;</a>&nbsp;&nbsp;&nbsp;__aeabi_memclr4
</UL>
<BR>[Called By]<UL><LI><a href="#[6e]">&gt;&gt;</a>&nbsp;&nbsp;&nbsp;ble_nus_on_ble_evt
</UL>
<P>
<H3>
Undefined Global Symbols
</H3><HR></body></html>
